# Entries marked with a * may have inaccurate shift predictions.
# Entries marked with a value -666 should be igonored
# Output format adjusted by GV 11 September 2007
  171   V  N      114.0598
  171   V  CA      60.6387
  171   V  CB      32.4254
  171   V  C      172.1488
  171   V  H        7.8976
  171   V  HA       4.0649
  171   V  HB       2.1105
  171   V  HG11     0.9429
  171   V  HG12     0.9717
  171   V  HG13     0.2779
  171   V  HG21     1.0103
  171   V  HG22     1.0860
  171   V  HG23     0.9858
  172   P  CA      59.5820
  172   P  CB      33.4614
  172   P  C      176.6511
  172   P  HA       5.0931
  172   P  HB2      2.3576
  172   P  HB3      2.3223
  172   P  HD2      3.6069
  172   P  HD3      3.7358
  172   P  HG2      1.9860
  172   P  HG3      2.1332
  173   C  N      122.2917
  173   C  CA      59.8035
  173   C  CB      40.8643
  173   C  C      177.1036
  173   C  H        8.4778
  173   C  HA       4.3181
  173   C  HB2      3.0954
  173   C  HB3      3.1692
  174   S  N      113.7079
  174   S  CA      60.2720
  174   S  CB      62.5573
  174   S  C      175.0599
  174   S  H        8.1201
  174   S  HA       4.1137
  174   S  HB2      4.0176
  174   S  HB3      3.9941
  175   T  N      111.5850
  175   T  CA      62.2779
  175   T  CB      70.2895
  175   T  C      175.1391
  175   T  H        7.6797
  175   T  HA       4.6249
  175   T  HB       4.2406
  175   T  HG21     1.2112
  175   T  HG22     1.2118
  175   T  HG23     1.2121
  176   C  N      119.0129
  176   C  CA      57.7671
  176   C  CB      40.6016
  176   C  C      173.4567
  176   C  H        7.8913
  176   C  HA       4.3453
  176   C  HB2      3.1108
  176   C  HB3      3.2084
  177   E  N      118.0651
  177   E  CA      57.4715
  177   E  CB      26.4845
  177   E  C      175.2715
  177   E  H        9.4697
  177   E  HA       3.7137
  177   E  HB2      2.0542
  177   E  HB3      1.9850
  177   E  HG2      2.2226
  177   E  HG3      2.3414
  178   G  N      104.1867
  178   G  CA      45.3681
  178   G  C      173.5077
  178   G  H        8.3992
  178   G  HA    -666.0000
  178   G  HA2      3.9577
  178   G  HA3      3.9570
  179   N  N      119.1523
  179   N  CA      52.3532
  179   N  CB      39.3447
  179   N  C      175.3471
  179   N  H        7.8746
  179   N  HA       4.6002
  179   N  HB2      2.8017
  179   N  HB3      2.7282
  179   N  HD21     7.1705
  179   N  HD22     6.7945
  180   L  N      129.1481
  180   L  CA      57.2718
  180   L  CB      41.7265
  180   L  C      179.4306
  180   L  H        8.4563
  180   L  HA       3.9648
  180   L  HB2      1.7227
  180   L  HB3      1.7005
  180   L  HD11     0.9175
  180   L  HD12     0.9173
  180   L  HD13     0.9174
  180   L  HD21     0.2257
  180   L  HD22     1.9649
  180   L  HD23     0.8657
  180   L  HG       1.7220
  181   A  N      120.7176
  181   A  CA      55.2213
  181   A  CB      18.5374
  181   A  C      179.6506
  181   A  H        7.9044
  181   A  HA       3.9008
  181   A  HB1      1.3870
  181   A  HB2      1.3639
  181   A  HB3      1.3325
  182   C  N      116.4269
  182   C  CA      60.1617
  182   C  CB      43.4589
  182   C  C      175.9552
  182   C  H        7.9635
  182   C  HA       4.0847
  182   C  HB2      3.0096
  182   C  HB3      3.2310
  183   L  N      119.0111
  183   L  CA      57.8214
  183   L  CB      41.1985
  183   L  C      179.2213
  183   L  H        7.9307
  183   L  HA       3.9334
  183   L  HB2      1.8614
  183   L  HB3      1.7094
  183   L  HD11     0.9140
  183   L  HD12     0.9855
  183   L  HD13     0.9007
  183   L  HD21     0.3427
  183   L  HD22     2.3833
  183   L  HD23     0.8615
  183   L  HG       1.6725
  184   S  N      112.3887
  184   S  CA      61.1207
  184   S  CB      62.3774
  184   S  C      175.8719
  184   S  H        7.8710
  184   S  HA       4.2333
  184   S  HB2      4.0053
  184   S  HB3      4.0069
  185   L  N      120.9739
  185   L  CA      56.4203
  185   L  CB      41.5526
  185   L  C      175.1209
  185   L  H        7.6451
  185   L  HA       4.1698
  185   L  HB2      1.6352
  185   L  HB3      1.7052
  185   L  HD11     0.9175
  185   L  HD12     0.9209
  185   L  HD13     0.9187
  185   L  HD21     0.3279
  185   L  HD22     2.5805
  185   L  HD23     0.8682
  185   L  HG       1.7978
  186   C  N      110.7074
  186   C  CA      55.1066
  186   C  CB      37.8587
  186   C  C      172.2534
  186   C  H        7.0351
  186   C  HA       5.1801
  186   C  HB2      3.2452
  186   C  HB3      3.2612
  187   H  N      116.6159
  187   H  CA      54.1516
  187   H  CB      30.9747
  187   H  C      174.5298
  187   H  H        8.1032
  187   H  HA       4.8127
  187   H  HB2      3.4110
  187   H  HB3      3.2466
  187   H  HD2      5.8008
  187   H  HE1      6.7217
  188   I  N      124.9095
  188   I  CA      60.2156
  188   I  CB      36.0008
  188   I  C      176.1081
  188   I  H        7.9692
  188   I  HA       4.1440
  188   I  HB       1.8725
  188   I  HD11     0.8599
  188   I  HD12     0.8628
  188   I  HD13     0.8609
  188   I  HG12     1.2771
  188   I  HG13     0.7795
  188   I  HG21     0.9279
  188   I  HG22     0.9204
  188   I  HG23     0.9182
 *189   E  N      120.7907
 *189   E  CA      55.6781
 *189   E  CB      30.2999
 *189   E  C      176.5875
 *189   E  H        8.0120
 *189   E  HA       4.1747
 *189   E  HB2      1.9213
 *189   E  HB3      1.8485
 *189   E  HG2      2.2332
 *189   E  HG3      2.4083
