# Entries marked with a * may have inaccurate shift predictions.
# Entries marked with a value -666 should be igonored
# Output format adjusted by GV 11 September 2007
  171   V  N      120.3957
  171   V  CA      62.2718
  171   V  CB      33.5435
  171   V  C      175.9472
  171   V  H        8.0549
  171   V  HA       4.0518
  171   V  HB       2.1491
  171   V  HG11     0.9212
  171   V  HG12     0.9004
  171   V  HG13     1.1669
  171   V  HG21     0.9468
  171   V  HG22     0.9584
  171   V  HG23     0.9692
  172   P  CA      62.8125
  172   P  CB      31.4091
  172   P  C      176.5989
  172   P  HA       4.1491
  172   P  HB2      2.3128
  172   P  HB3      2.0202
  172   P  HD2      3.6796
  172   P  HD3      3.8195
  172   P  HG2      2.1428
  172   P  HG3      2.2244
  173   C  N      120.3319
  173   C  CA      60.0892
  173   C  CB      40.8263
  173   C  C      176.2639
  173   C  H        8.3694
  173   C  HA       4.3002
  173   C  HB2      3.2194
  173   C  HB3      3.1362
  174   S  N      114.7815
  174   S  CA      60.6249
  174   S  CB      62.5042
  174   S  C      175.4960
  174   S  H        8.2797
  174   S  HA       4.1497
  174   S  HB2      4.0490
  174   S  HB3      4.0534
  175   T  N      112.0199
  175   T  CA      62.9151
  175   T  CB      69.6738
  175   T  C      175.8044
  175   T  H        7.6957
  175   T  HA       4.4021
  175   T  HB       4.2454
  175   T  HG21     1.2150
  175   T  HG22     1.2182
  175   T  HG23     1.2169
  176   C  N      119.4209
  176   C  CA      58.3027
  176   C  CB      40.9062
  176   C  C      173.6595
  176   C  H        8.1367
  176   C  HA       4.3484
  176   C  HB2      2.9876
  176   C  HB3      3.2101
  177   E  N      116.9861
  177   E  CA      57.5622
  177   E  CB      26.9539
  177   E  C      175.4365
  177   E  H        8.9869
  177   E  HA       3.5449
  177   E  HB2      2.1056
  177   E  HB3      1.9837
  177   E  HG2      2.3270
  177   E  HG3      2.3783
  178   G  N      104.3962
  178   G  CA      45.1922
  178   G  C      173.4211
  178   G  H        8.3585
  178   G  HA    -666.0000
  178   G  HA2      3.9594
  178   G  HA3      3.9589
  179   N  N      118.8685
  179   N  CA      52.4092
  179   N  CB      39.4212
  179   N  C      175.2677
  179   N  H        7.8720
  179   N  HA       4.6008
  179   N  HB2      2.8472
  179   N  HB3      2.7298
  179   N  HD21     7.1399
  179   N  HD22     6.3763
  180   L  N      129.1462
  180   L  CA      57.2781
  180   L  CB      41.7585
  180   L  C      179.4270
  180   L  H        8.4619
  180   L  HA       3.9665
  180   L  HB2      1.7235
  180   L  HB3      1.7011
  180   L  HD11     0.9182
  180   L  HD12     0.9179
  180   L  HD13     0.9182
  180   L  HD21     0.2274
  180   L  HD22     2.0654
  180   L  HD23     0.8667
  180   L  HG       1.7219
  181   A  N      120.7153
  181   A  CA      55.2046
  181   A  CB      17.9979
  181   A  C      179.6801
  181   A  H        7.9063
  181   A  HA       3.9181
  181   A  HB1      1.3869
  181   A  HB2      1.3706
  181   A  HB3      1.3330
  182   C  N      116.2678
  182   C  CA      60.1316
  182   C  CB      43.4864
  182   C  C      175.8363
  182   C  H        7.9558
  182   C  HA       4.1004
  182   C  HB2      3.0193
  182   C  HB3      3.2252
  183   L  N      119.0594
  183   L  CA      57.9504
  183   L  CB      41.2129
  183   L  C      179.2805
  183   L  H        7.9232
  183   L  HA       3.8904
  183   L  HB2      1.8586
  183   L  HB3      1.7195
  183   L  HD11     0.9168
  183   L  HD12     0.9897
  183   L  HD13     0.9015
  183   L  HD21     0.3580
  183   L  HD22     2.3294
  183   L  HD23     0.8666
  183   L  HG       1.6990
  184   S  N      112.1267
  184   S  CA      61.1505
  184   S  CB      62.3974
  184   S  C      175.8759
  184   S  H        7.8446
  184   S  HA       4.2308
  184   S  HB2      4.0058
  184   S  HB3      4.0131
  185   L  N      120.6526
  185   L  CA      56.3244
  185   L  CB      41.5555
  185   L  C      174.8301
  185   L  H        7.6596
  185   L  HA       4.1648
  185   L  HB2      1.7454
  185   L  HB3      1.6912
  185   L  HD11     0.9157
  185   L  HD12     0.9169
  185   L  HD13     0.9164
  185   L  HD21     0.3223
  185   L  HD22     2.2980
  185   L  HD23     0.8623
  185   L  HG       1.7837
  186   C  N      112.1348
  186   C  CA      55.5413
  186   C  CB      41.3561
  186   C  C      172.7706
  186   C  H        7.1213
  186   C  HA       4.5019
  186   C  HB2      3.0231
  186   C  HB3      3.3153
  187   H  N      116.2386
  187   H  CA      54.7161
  187   H  CB      30.1945
  187   H  C      174.8341
  187   H  H        8.3635
  187   H  HA       4.7268
  187   H  HB2      3.1686
  187   H  HB3      3.2730
  187   H  HD2      5.7994
  187   H  HE1      6.6810
  188   I  N      127.3149
  188   I  CA      60.5202
  188   I  CB      37.0043
  188   I  C      176.4763
  188   I  H        8.4866
  188   I  HA       4.1981
  188   I  HB       1.8727
  188   I  HD11     0.8540
  188   I  HD12     0.8505
  188   I  HD13     0.8567
  188   I  HG12     1.1931
  188   I  HG13     0.7748
  188   I  HG21     0.9117
  188   I  HG22     0.9107
  188   I  HG23     0.9136
 *189   E  N      121.9724
 *189   E  CA      55.9391
 *189   E  CB      30.3082
 *189   E  C      173.9018
 *189   E  H        8.4718
 *189   E  HA       4.1378
 *189   E  HB2      1.7405
 *189   E  HB3      1.7781
 *189   E  HG2      2.1356
 *189   E  HG3      2.3805
