# Entries marked with a * may have inaccurate shift predictions.
# Entries marked with a value -666 should be igonored
# Output format adjusted by GV 11 September 2007
  171   V  N      114.0606
  171   V  CA      60.7195
  171   V  CB      32.5991
  171   V  C      172.9682
  171   V  H        7.8976
  171   V  HA       4.0635
  171   V  HB       2.0232
  171   V  HG11     0.9270
  171   V  HG12     0.9543
  171   V  HG13     0.4706
  171   V  HG21     0.6881
  171   V  HG22     0.9559
  171   V  HG23     0.9206
  172   P  CA      60.7113
  172   P  CB      32.8629
  172   P  C      177.0291
  172   P  HA       4.9063
  172   P  HB2      2.3089
  172   P  HB3      2.2126
  172   P  HD2      3.7181
  172   P  HD3      3.7951
  172   P  HG2      2.0174
  172   P  HG3      2.0662
  173   C  N      121.0156
  173   C  CA      59.9178
  173   C  CB      40.8487
  173   C  C      176.9796
  173   C  H        8.8044
  173   C  HA       4.2930
  173   C  HB2      2.9866
  173   C  HB3      3.1892
  174   S  N      113.6057
  174   S  CA      60.2220
  174   S  CB      62.5334
  174   S  C      175.0299
  174   S  H        8.1402
  174   S  HA       4.1672
  174   S  HB2      4.0209
  174   S  HB3      3.9990
  175   T  N      111.7556
  175   T  CA      62.3705
  175   T  CB      70.2665
  175   T  C      175.2020
  175   T  H        7.6844
  175   T  HA       4.6034
  175   T  HB       4.2429
  175   T  HG21     1.2140
  175   T  HG22     1.2165
  175   T  HG23     1.2155
  176   C  N      118.8639
  176   C  CA      57.8226
  176   C  CB      40.6919
  176   C  C      173.4933
  176   C  H        7.9693
  176   C  HA       4.3525
  176   C  HB2      3.0267
  176   C  HB3      3.2069
  177   E  N      117.8941
  177   E  CA      57.4899
  177   E  CB      26.4524
  177   E  C      175.2706
  177   E  H        9.4409
  177   E  HA       3.6254
  177   E  HB2      2.0576
  177   E  HB3      1.9859
  177   E  HG2      2.2234
  177   E  HG3      2.3431
  178   G  N      104.0938
  178   G  CA      45.4128
  178   G  C      173.4169
  178   G  H        8.3762
  178   G  HA    -666.0000
  178   G  HA2      3.9588
  178   G  HA3      3.9585
  179   N  N      119.2144
  179   N  CA      52.3471
  179   N  CB      39.3040
  179   N  C      175.3639
  179   N  H        7.8468
  179   N  HA       4.6020
  179   N  HB2      2.8106
  179   N  HB3      2.7285
  179   N  HD21     7.1730
  179   N  HD22     6.5091
  180   L  N      129.1204
  180   L  CA      57.2286
  180   L  CB      41.8286
  180   L  C      179.4143
  180   L  H        8.4512
  180   L  HA       3.9732
  180   L  HB2      1.7232
  180   L  HB3      1.7007
  180   L  HD11     0.9181
  180   L  HD12     0.9179
  180   L  HD13     0.9182
  180   L  HD21     0.2269
  180   L  HD22     1.8335
  180   L  HD23     0.8669
  180   L  HG       1.7223
  181   A  N      120.7604
  181   A  CA      55.2190
  181   A  CB      18.0711
  181   A  C      179.6427
  181   A  H        7.9059
  181   A  HA       3.8913
  181   A  HB1      1.3852
  181   A  HB2      1.3689
  181   A  HB3      1.3315
  182   C  N      116.2927
  182   C  CA      60.1579
  182   C  CB      43.4591
  182   C  C      175.9552
  182   C  H        7.9552
  182   C  HA       4.0900
  182   C  HB2      3.0149
  182   C  HB3      3.2303
  183   L  N      118.9932
  183   L  CA      57.8376
  183   L  CB      41.2137
  183   L  C      179.2328
  183   L  H        7.9130
  183   L  HA       3.8587
  183   L  HB2      1.8615
  183   L  HB3      1.7127
  183   L  HD11     0.9168
  183   L  HD12     0.9881
  183   L  HD13     0.9030
  183   L  HD21     0.3490
  183   L  HD22     2.3004
  183   L  HD23     0.8664
  183   L  HG       1.6712
  184   S  N      112.3603
  184   S  CA      61.0457
  184   S  CB      62.3532
  184   S  C      175.8634
  184   S  H        7.9074
  184   S  HA       4.2378
  184   S  HB2      3.9872
  184   S  HB3      4.0031
  185   L  N      121.1408
  185   L  CA      56.5584
  185   L  CB      41.5608
  185   L  C      175.0603
  185   L  H        7.6516
  185   L  HA       4.1572
  185   L  HB2      1.6481
  185   L  HB3      1.6803
  185   L  HD11     0.9086
  185   L  HD12     0.9097
  185   L  HD13     0.9120
  185   L  HD21     0.2957
  185   L  HD22     1.5717
  185   L  HD23     0.8588
  185   L  HG       1.7972
  186   C  N      111.2375
  186   C  CA      55.1243
  186   C  CB      42.2053
  186   C  C      172.6104
  186   C  H        7.0973
  186   C  HA       5.0306
  186   C  HB2      3.2163
  186   C  HB3      3.2505
  187   H  N      117.3676
  187   H  CA      54.7849
  187   H  CB      28.8599
  187   H  C      175.1919
  187   H  H        8.1645
  187   H  HA       4.7539
  187   H  HB2      3.3586
  187   H  HB3      3.4112
  187   H  HD2      5.8818
  187   H  HE1      6.7398
  188   I  N      127.9966
  188   I  CA      63.8093
  188   I  CB      37.9790
  188   I  C      176.5578
  188   I  H        8.5321
  188   I  HA       3.9144
  188   I  HB       1.8741
  188   I  HD11     0.8573
  188   I  HD12     0.8578
  188   I  HD13     0.8531
  188   I  HG12     1.2701
  188   I  HG13     0.5079
  188   I  HG21     0.9143
  188   I  HG22     0.9128
  188   I  HG23     0.9116
 *189   E  N      118.8059
 *189   E  CA      56.0799
 *189   E  CB      30.2532
 *189   E  C      177.0820
 *189   E  H        8.0132
 *189   E  HA       4.1607
 *189   E  HB2      1.7411
 *189   E  HB3      1.7691
 *189   E  HG2      2.1345
 *189   E  HG3      2.3832
