# Entries marked with a * may have inaccurate shift predictions.
# Entries marked with a value -666 should be igonored
# Output format adjusted by GV 11 September 2007
  171   V  N      120.4449
  171   V  CA      60.7688
  171   V  CB      34.7102
  171   V  C      174.6427
  171   V  H        7.8976
  171   V  HA       4.2601
  171   V  HB       1.9675
  171   V  HG11     0.9228
  171   V  HG12     0.8610
  171   V  HG13     0.3123
  171   V  HG21     0.9415
  171   V  HG22     0.8780
  171   V  HG23     0.6147
  172   P  CA      61.1536
  172   P  CB      30.7283
  172   P  C      175.5280
  172   P  HA       4.4078
  172   P  HB2      2.3080
  172   P  HB3      2.2468
  172   P  HD2      3.6975
  172   P  HD3      3.7447
  172   P  HG2      2.0283
  172   P  HG3      2.0374
  173   C  N      123.1289
  173   C  CA      60.0956
  173   C  CB      40.7959
  173   C  C      177.0564
  173   C  H        8.7847
  173   C  HA       4.1146
  173   C  HB2      2.9709
  173   C  HB3      3.1960
  174   S  N      113.6720
  174   S  CA      60.3831
  174   S  CB      62.4962
  174   S  C      175.1171
  174   S  H        8.1535
  174   S  HA       4.1283
  174   S  HB2      4.0148
  174   S  HB3      3.9989
  175   T  N      111.8585
  175   T  CA      62.5625
  175   T  CB      70.2840
  175   T  C      175.2771
  175   T  H        7.8012
  175   T  HA       4.5864
  175   T  HB       4.2348
  175   T  HG21     1.2067
  175   T  HG22     1.2049
  175   T  HG23     1.2057
  176   C  N      118.5824
  176   C  CA      57.7530
  176   C  CB      40.5484
  176   C  C      173.5385
  176   C  H        7.9301
  176   C  HA       4.3422
  176   C  HB2      3.1522
  176   C  HB3      3.2091
  177   E  N      117.9056
  177   E  CA      57.4784
  177   E  CB      26.4501
  177   E  C      175.2756
  177   E  H        9.4188
  177   E  HA       3.7608
  177   E  HB2      2.0616
  177   E  HB3      1.9929
  177   E  HG2      2.2189
  177   E  HG3      2.3412
  178   G  N      104.1804
  178   G  CA      45.4799
  178   G  C      173.5845
  178   G  H        8.4233
  178   G  HA    -666.0000
  178   G  HA2      3.9580
  178   G  HA3      3.9578
  179   N  N      119.0170
  179   N  CA      52.3508
  179   N  CB      39.3177
  179   N  C      175.3978
  179   N  H        7.8743
  179   N  HA       4.6006
  179   N  HB2      2.8161
  179   N  HB3      2.7267
  179   N  HD21     7.1791
  179   N  HD22     7.4506
  180   L  N      129.1334
  180   L  CA      57.2815
  180   L  CB      41.8537
  180   L  C      179.4104
  180   L  H        8.4546
  180   L  HA       3.9880
  180   L  HB2      1.7243
  180   L  HB3      1.7019
  180   L  HD11     0.9189
  180   L  HD12     0.9191
  180   L  HD13     0.9190
  180   L  HD21     0.2289
  180   L  HD22     1.4283
  180   L  HD23     0.8688
  180   L  HG       1.7216
  181   A  N      120.7749
  181   A  CA      55.2058
  181   A  CB      16.9608
  181   A  C      179.8779
  181   A  H        7.9140
  181   A  HA       3.9424
  181   A  HB1      1.3868
  181   A  HB2      1.3764
  181   A  HB3      1.3349
  182   C  N      115.8848
  182   C  CA      59.9809
  182   C  CB      43.5215
  182   C  C      175.8222
  182   C  H        7.9691
  182   C  HA       4.1750
  182   C  HB2      3.0360
  182   C  HB3      3.2084
  183   L  N      119.4660
  183   L  CA      57.8946
  183   L  CB      41.1956
  183   L  C      179.4491
  183   L  H        8.0058
  183   L  HA       4.1459
  183   L  HB2      1.8526
  183   L  HB3      1.7144
  183   L  HD11     0.9171
  183   L  HD12     0.9864
  183   L  HD13     0.9038
  183   L  HD21     0.4117
  183   L  HD22     1.6081
  183   L  HD23     0.8651
  183   L  HG       1.6738
  184   S  N      114.8297
  184   S  CA      61.0490
  184   S  CB      62.8171
  184   S  C      175.6463
  184   S  H        7.9789
  184   S  HA       4.3311
  184   S  HB2      4.0277
  184   S  HB3      3.9208
  185   L  N      119.7549
  185   L  CA      55.4773
  185   L  CB      40.5738
  185   L  C      173.7477
  185   L  H        7.5997
  185   L  HA       4.4192
  185   L  HB2      1.8053
  185   L  HB3      1.7540
  185   L  HD11     0.9038
  185   L  HD12     0.9053
  185   L  HD13     0.9584
  185   L  HD21     0.1832
  185   L  HD22     1.3603
  185   L  HD23     0.8637
  185   L  HG       2.0630
  186   C  N      113.6120
  186   C  CA      53.5336
  186   C  CB      43.9834
  186   C  C      172.6672
  186   C  H        7.1074
  186   C  HA       5.0607
  186   C  HB2      3.3228
  186   C  HB3      3.2775
  187   H  N      116.8915
  187   H  CA      54.8265
  187   H  CB      28.5459
  187   H  C      176.3123
  187   H  H        8.1794
  187   H  HA       4.7084
  187   H  HB2      3.1098
  187   H  HB3      3.3258
  187   H  HD2      5.6823
  187   H  HE1      6.5180
  188   I  N      131.3891
  188   I  CA      59.8787
  188   I  CB      36.4666
  188   I  C      175.8668
  188   I  H        8.0898
  188   I  HA       4.0377
  188   I  HB       1.8730
  188   I  HD11     0.8592
  188   I  HD12     0.8617
  188   I  HD13     0.8606
  188   I  HG12     1.2773
  188   I  HG13     0.8191
  188   I  HG21     0.9223
  188   I  HG22     0.9178
  188   I  HG23     0.9154
 *189   E  N      120.0194
 *189   E  CA      55.9580
 *189   E  CB      30.2537
 *189   E  C      177.0952
 *189   E  H        7.8981
 *189   E  HA       4.1723
 *189   E  HB2      1.7904
 *189   E  HB3      1.7612
 *189   E  HG2      2.1342
 *189   E  HG3      2.3798
