# Entries marked with a * may have inaccurate shift predictions.
# Entries marked with a value -666 should be igonored
# Output format adjusted by GV 11 September 2007
  171   V  N      114.0562
  171   V  CA      60.5985
  171   V  CB      32.3148
  171   V  C      171.9493
  171   V  H        7.8976
  171   V  HA       4.0371
  171   V  HB       2.0142
  171   V  HG11     0.9220
  171   V  HG12     0.9520
  171   V  HG13     0.6180
  171   V  HG21     0.6863
  171   V  HG22     0.9804
  171   V  HG23     0.9308
  172   P  CA      60.2087
  172   P  CB      33.2608
  172   P  C      176.5575
  172   P  HA       4.9550
  172   P  HB2      2.3710
  172   P  HB3      2.1845
  172   P  HD2      3.6956
  172   P  HD3      3.7660
  172   P  HG2      1.9808
  172   P  HG3      2.0595
  173   C  N      121.3186
  173   C  CA      59.9052
  173   C  CB      40.8197
  173   C  C      177.3581
  173   C  H        8.2563
  173   C  HA       4.2811
  173   C  HB2      3.3050
  173   C  HB3      3.1788
  174   S  N      114.9364
  174   S  CA      60.7982
  174   S  CB      62.3993
  174   S  C      175.5805
  174   S  H        8.1758
  174   S  HA       4.1602
  174   S  HB2      4.0529
  174   S  HB3      4.0154
  175   T  N      111.5269
  175   T  CA      62.6745
  175   T  CB      69.9712
  175   T  C      175.6872
  175   T  H        7.6571
  175   T  HA       4.4294
  175   T  HB       4.2392
  175   T  HG21     1.2113
  175   T  HG22     1.2121
  175   T  HG23     1.2122
  176   C  N      119.4497
  176   C  CA      58.4337
  176   C  CB      40.8583
  176   C  C      173.7162
  176   C  H        8.1415
  176   C  HA       4.3439
  176   C  HB2      2.9785
  176   C  HB3      3.2038
  177   E  N      116.4460
  177   E  CA      57.5692
  177   E  CB      27.0298
  177   E  C      175.4790
  177   E  H        8.9269
  177   E  HA       3.6663
  177   E  HB2      2.1121
  177   E  HB3      1.9739
  177   E  HG2      2.3246
  177   E  HG3      2.3754
  178   G  N      104.1707
  178   G  CA      45.1989
  178   G  C      173.5549
  178   G  H        8.3402
  178   G  HA    -666.0000
  178   G  HA2      3.9577
  178   G  HA3      3.9573
  179   N  N      119.2354
  179   N  CA      52.4232
  179   N  CB      39.3107
  179   N  C      175.2409
  179   N  H        7.9486
  179   N  HA       4.5952
  179   N  HB2      2.7959
  179   N  HB3      2.7279
  179   N  HD21     7.1331
  179   N  HD22     6.5548
  180   L  N      129.1676
  180   L  CA      57.2762
  180   L  CB      41.7220
  180   L  C      179.4289
  180   L  H        8.4514
  180   L  HA       3.9659
  180   L  HB2      1.7228
  180   L  HB3      1.7007
  180   L  HD11     0.9178
  180   L  HD12     0.9178
  180   L  HD13     0.9179
  180   L  HD21     0.2252
  180   L  HD22     1.9529
  180   L  HD23     0.8669
  180   L  HG       1.7182
  181   A  N      120.7072
  181   A  CA      55.2170
  181   A  CB      18.0225
  181   A  C      179.6749
  181   A  H        7.9034
  181   A  HA       3.9022
  181   A  HB1      1.3853
  181   A  HB2      1.3596
  181   A  HB3      1.3319
  182   C  N      116.4217
  182   C  CA      60.1409
  182   C  CB      43.4653
  182   C  C      175.9285
  182   C  H        7.9619
  182   C  HA       4.0887
  182   C  HB2      3.0070
  182   C  HB3      3.2302
  183   L  N      118.9909
  183   L  CA      57.9192
  183   L  CB      41.1923
  183   L  C      179.4771
  183   L  H        7.9252
  183   L  HA       3.9090
  183   L  HB2      1.8662
  183   L  HB3      1.7119
  183   L  HD11     0.9153
  183   L  HD12     0.9892
  183   L  HD13     0.9011
  183   L  HD21     0.4242
  183   L  HD22     2.3492
  183   L  HD23     0.8634
  183   L  HG       1.6805
  184   S  N      114.4602
  184   S  CA      61.4654
  184   S  CB      62.8162
  184   S  C      176.3646
  184   S  H        7.8597
  184   S  HA       4.2760
  184   S  HB2      4.0090
  184   S  HB3      3.9153
  185   L  N      120.8995
  185   L  CA      56.7363
  185   L  CB      41.5375
  185   L  C      174.9751
  185   L  H        7.6368
  185   L  HA       4.1640
  185   L  HB2      1.5757
  185   L  HB3      1.7054
  185   L  HD11     0.9084
  185   L  HD12     0.9118
  185   L  HD13     0.9130
  185   L  HD21     0.3340
  185   L  HD22     2.6485
  185   L  HD23     0.8637
  185   L  HG       1.7944
  186   C  N      111.4884
  186   C  CA      55.2519
  186   C  CB      41.1754
  186   C  C      172.9756
  186   C  H        7.1151
  186   C  HA       5.2193
  186   C  HB2      3.1070
  186   C  HB3      3.2619
  187   H  N      115.8339
  187   H  CA      54.9739
  187   H  CB      30.2396
  187   H  C      175.1926
  187   H  H        8.1878
  187   H  HA       4.7904
  187   H  HB2      3.0656
  187   H  HB3      3.2660
  187   H  HD2      5.6052
  187   H  HE1      6.7416
  188   I  N      126.4658
  188   I  CA      60.6236
  188   I  CB      36.9720
  188   I  C      176.4601
  188   I  H        8.4484
  188   I  HA       4.1991
  188   I  HB       1.8789
  188   I  HD11     0.8653
  188   I  HD12     0.8624
  188   I  HD13     0.8611
  188   I  HG12     1.2030
  188   I  HG13     0.5058
  188   I  HG21     0.9153
  188   I  HG22     0.9127
  188   I  HG23     0.9135
 *189   E  N      121.9912
 *189   E  CA      55.9417
 *189   E  CB      30.3082
 *189   E  C      173.8715
 *189   E  H        8.4722
 *189   E  HA       4.1395
 *189   E  HB2      1.7400
 *189   E  HB3      1.7717
 *189   E  HG2      2.1488
 *189   E  HG3      2.5567
