# Entries marked with a * may have inaccurate shift predictions.
# Entries marked with a value -666 should be igonored
# Output format adjusted by GV 11 September 2007
  171   V  N      120.3120
  171   V  CA      60.6119
  171   V  CB      33.7214
  171   V  C      174.5629
  171   V  H        7.8976
  171   V  HA       3.9573
  171   V  HB       2.1134
  171   V  HG11     0.9539
  171   V  HG12     0.9867
  171   V  HG13     0.3429
  171   V  HG21     1.1148
  171   V  HG22     0.9944
  171   V  HG23     1.0279
  172   P  CA      60.9647
  172   P  CB      30.9515
  172   P  C      175.2930
  172   P  HA       4.3377
  172   P  HB2      2.3256
  172   P  HB3      2.2771
  172   P  HD2      3.7250
  172   P  HD3      3.7807
  172   P  HG2      2.0350
  172   P  HG3      2.0578
  173   C  N      123.4261
  173   C  CA      60.3049
  173   C  CB      40.7582
  173   C  C      177.2617
  173   C  H        8.7779
  173   C  HA       4.1371
  173   C  HB2      3.1556
  173   C  HB3      3.2017
  174   S  N      114.6195
  174   S  CA      61.5203
  174   S  CB      62.2574
  174   S  C      175.9492
  174   S  H        8.2167
  174   S  HA       3.9818
  174   S  HB2      4.0177
  174   S  HB3      4.0270
  175   T  N      111.7223
  175   T  CA      63.5783
  175   T  CB      69.2874
  175   T  C      176.2172
  175   T  H        7.8441
  175   T  HA       4.2602
  175   T  HB       4.2426
  175   T  HG21     1.2132
  175   T  HG22     1.2149
  175   T  HG23     1.2140
  176   C  N      119.1991
  176   C  CA      58.8208
  176   C  CB      40.9605
  176   C  C      173.7473
  176   C  H        8.1448
  176   C  HA       4.3243
  176   C  HB2      3.1265
  176   C  HB3      3.2144
  177   E  N      118.3912
  177   E  CA      57.3270
  177   E  CB      27.9511
  177   E  C      174.9251
  177   E  H        9.0260
  177   E  HA       3.7847
  177   E  HB2      2.0049
  177   E  HB3      1.9284
  177   E  HG2      2.2384
  177   E  HG3      2.3773
  178   G  N      104.1252
  178   G  CA      45.2849
  178   G  C      173.3831
  178   G  H        8.2700
  178   G  HA    -666.0000
  178   G  HA2      3.9591
  178   G  HA3      3.9587
  179   N  N      119.0105
  179   N  CA      52.4251
  179   N  CB      39.3803
  179   N  C      175.2637
  179   N  H        8.0299
  179   N  HA       4.6056
  179   N  HB2      2.8115
  179   N  HB3      2.7277
  179   N  HD21     7.1159
  179   N  HD22     7.8548
  180   L  N      129.1223
  180   L  CA      57.2822
  180   L  CB      41.6187
  180   L  C      179.4377
  180   L  H        8.4621
  180   L  HA       3.9681
  180   L  HB2      1.7234
  180   L  HB3      1.7004
  180   L  HD11     0.9180
  180   L  HD12     0.9176
  180   L  HD13     0.9180
  180   L  HD21     0.2306
  180   L  HD22     1.8638
  180   L  HD23     0.8663
  180   L  HG       1.7248
  181   A  N      120.7291
  181   A  CA      55.2107
  181   A  CB      18.2885
  181   A  C      179.7031
  181   A  H        7.9038
  181   A  HA       3.9021
  181   A  HB1      1.3869
  181   A  HB2      1.3637
  181   A  HB3      1.3326
  182   C  N      114.3142
  182   C  CA      60.1263
  182   C  CB      42.2428
  182   C  C      175.6287
  182   C  H        7.6944
  182   C  HA       4.1125
  182   C  HB2      3.0168
  182   C  HB3      3.2652
  183   L  N      120.4572
  183   L  CA      57.8978
  183   L  CB      40.8908
  183   L  C      179.7857
  183   L  H        8.1821
  183   L  HA       3.9626
  183   L  HB2      1.9342
  183   L  HB3      1.6963
  183   L  HD11     0.9165
  183   L  HD12     0.9934
  183   L  HD13     0.9019
  183   L  HD21     0.3865
  183   L  HD22     2.3830
  183   L  HD23     0.8680
  183   L  HG       1.6811
  184   S  N      114.5459
  184   S  CA      61.4385
  184   S  CB      62.8314
  184   S  C      176.3907
  184   S  H        7.8794
  184   S  HA       4.0448
  184   S  HB2      4.0011
  184   S  HB3      3.9120
  185   L  N      120.9058
  185   L  CA      56.6004
  185   L  CB      41.5324
  185   L  C      174.8461
  185   L  H        7.6123
  185   L  HA       4.1512
  185   L  HB2      1.5526
  185   L  HB3      1.7181
  185   L  HD11     0.9165
  185   L  HD12     0.9176
  185   L  HD13     0.9169
  185   L  HD21     0.3466
  185   L  HD22     2.5911
  185   L  HD23     0.8644
  185   L  HG       1.7867
  186   C  N      112.9543
  186   C  CA      54.4891
  186   C  CB      43.5239
  186   C  C      172.5292
  186   C  H        7.1392
  186   C  HA       5.2288
  186   C  HB2      3.2579
  186   C  HB3      3.2787
  187   H  N      115.9537
  187   H  CA      54.7588
  187   H  CB      29.5527
  187   H  C      176.0908
  187   H  H        8.3959
  187   H  HA       4.6401
  187   H  HB2      3.1702
  187   H  HB3      3.2935
  187   H  HD2      5.8795
  187   H  HE1      6.8185
  188   I  N      127.4456
  188   I  CA      60.2694
  188   I  CB      36.7222
  188   I  C      176.4044
  188   I  H        8.4703
  188   I  HA       4.0856
  188   I  HB       1.8684
  188   I  HD11     0.8497
  188   I  HD12     0.8534
  188   I  HD13     0.8469
  188   I  HG12     1.1948
  188   I  HG13     0.5107
  188   I  HG21     0.9120
  188   I  HG22     0.9098
  188   I  HG23     0.9086
 *189   E  N      121.4954
 *189   E  CA      55.8869
 *189   E  CB      30.3086
 *189   E  C      174.7606
 *189   E  H        8.3722
 *189   E  HA       4.1368
 *189   E  HB2      1.7414
 *189   E  HB3      1.7797
 *189   E  HG2      2.1376
 *189   E  HG3      2.3845
