# Entries marked with a * may have inaccurate shift predictions.
# Entries marked with a value -666 should be igonored
# Output format adjusted by GV 11 September 2007
  171   V  N      114.0579
  171   V  CA      60.7411
  171   V  CB      32.4408
  171   V  C      172.9846
  171   V  H        8.0393
  171   V  HA       4.0050
  171   V  HB       2.0869
  171   V  HG11     0.9326
  171   V  HG12     0.9616
  171   V  HG13     0.8360
  171   V  HG21     0.9700
  171   V  HG22     1.0318
  171   V  HG23     0.9614
  172   P  CA      60.6416
  172   P  CB      32.7731
  172   P  C      176.6624
  172   P  HA       4.5436
  172   P  HB2      2.2914
  172   P  HB3      2.2000
  172   P  HD2      3.7106
  172   P  HD3      3.7729
  172   P  HG2      2.0017
  172   P  HG3      2.0513
  173   C  N      122.5314
  173   C  CA      59.9939
  173   C  CB      40.7674
  173   C  C      177.1891
  173   C  H        8.8001
  173   C  HA       4.2271
  173   C  HB2      3.0752
  173   C  HB3      3.1895
  174   S  N      114.8057
  174   S  CA      61.5269
  174   S  CB      62.2562
  174   S  C      175.9615
  174   S  H        8.2133
  174   S  HA       3.9774
  174   S  HB2      4.0164
  174   S  HB3      4.0262
  175   T  N      111.5574
  175   T  CA      63.5272
  175   T  CB      69.4063
  175   T  C      176.2074
  175   T  H        7.6525
  175   T  HA       4.2560
  175   T  HB       4.2399
  175   T  HG21     1.2111
  175   T  HG22     1.2118
  175   T  HG23     1.2114
  176   C  N      119.6354
  176   C  CA      58.5369
  176   C  CB      40.7355
  176   C  C      174.0253
  176   C  H        8.1817
  176   C  HA       4.3636
  176   C  HB2      3.1292
  176   C  HB3      3.2145
  177   E  N      115.9405
  177   E  CA      57.5222
  177   E  CB      28.4505
  177   E  C      175.3933
  177   E  H        9.1431
  177   E  HA       3.5339
  177   E  HB2      2.2102
  177   E  HB3      2.1979
  177   E  HG2      2.3713
  177   E  HG3      2.2306
  178   G  N      104.3589
  178   G  CA      46.2489
  178   G  C      173.7971
  178   G  H        8.3691
  178   G  HA    -666.0000
  178   G  HA2      3.9581
  178   G  HA3      3.9576
  179   N  N      119.1111
  179   N  CA      52.5182
  179   N  CB      39.3397
  179   N  C      175.2914
  179   N  H        8.1826
  179   N  HA       4.5872
  179   N  HB2      2.8824
  179   N  HB3      2.7261
  179   N  HD21     7.1220
  179   N  HD22     6.6632
  180   L  N      129.0754
  180   L  CA      57.2295
  180   L  CB      41.6317
  180   L  C      179.4312
  180   L  H        8.4634
  180   L  HA       3.9877
  180   L  HB2      1.7227
  180   L  HB3      1.6993
  180   L  HD11     0.9177
  180   L  HD12     0.9175
  180   L  HD13     0.9178
  180   L  HD21     0.2352
  180   L  HD22     1.7187
  180   L  HD23     0.8662
  180   L  HG       1.7034
  181   A  N      120.7978
  181   A  CA      55.2059
  181   A  CB      18.4490
  181   A  C      179.6986
  181   A  H        7.8959
  181   A  HA       3.9131
  181   A  HB1      1.3850
  181   A  HB2      1.3460
  181   A  HB3      1.3287
  182   C  N      116.3733
  182   C  CA      60.1028
  182   C  CB      43.4395
  182   C  C      175.8932
  182   C  H        7.9693
  182   C  HA       4.1250
  182   C  HB2      3.0148
  182   C  HB3      3.2257
  183   L  N      119.3615
  183   L  CA      57.8399
  183   L  CB      41.2462
  183   L  C      179.2523
  183   L  H        7.9990
  183   L  HA       3.8721
  183   L  HB2      1.8610
  183   L  HB3      1.7083
  183   L  HD11     0.9149
  183   L  HD12     0.9912
  183   L  HD13     0.9152
  183   L  HD21     0.3193
  183   L  HD22     1.6368
  183   L  HD23     0.8629
  183   L  HG       1.6652
  184   S  N      112.0659
  184   S  CA      60.7444
  184   S  CB      62.3080
  184   S  C      175.9393
  184   S  H        7.9236
  184   S  HA       4.2174
  184   S  HB2      3.9916
  184   S  HB3      4.0217
  185   L  N      121.8412
  185   L  CA      57.0509
  185   L  CB      41.7379
  185   L  C      174.9338
  185   L  H        7.4811
  185   L  HA       4.1595
  185   L  HB2      1.7050
  185   L  HB3      1.6855
  185   L  HD11     0.9114
  185   L  HD12     0.9133
  185   L  HD13     0.9136
  185   L  HD21     0.2946
  185   L  HD22     1.5263
  185   L  HD23     0.8630
  185   L  HG       1.8112
  186   C  N      111.7764
  186   C  CA      54.7838
  186   C  CB      43.0988
  186   C  C      171.9086
  186   C  H        7.5373
  186   C  HA       4.5606
  186   C  HB2      3.0617
  186   C  HB3      3.0707
  187   H  N      116.5737
  187   H  CA      54.4290
  187   H  CB      29.3884
  187   H  C      175.7412
  187   H  H        8.1181
  187   H  HA       4.6851
  187   H  HB2      3.1218
  187   H  HB3      3.2842
  187   H  HD2      5.8839
  187   H  HE1      6.8807
  188   I  N      128.0662
  188   I  CA      60.6878
  188   I  CB      36.1687
  188   I  C      176.3588
  188   I  H        8.2352
  188   I  HA       3.9432
  188   I  HB       1.8722
  188   I  HD11     0.8525
  188   I  HD12     0.8444
  188   I  HD13     0.8364
  188   I  HG12     1.2681
  188   I  HG13     0.3667
  188   I  HG21     0.9129
  188   I  HG22     0.9102
  188   I  HG23     0.9102
 *189   E  N      120.2923
 *189   E  CA      55.9416
 *189   E  CB      30.2534
 *189   E  C      173.8599
 *189   E  H        8.4738
 *189   E  HA       4.1626
 *189   E  HB2      1.7406
 *189   E  HB3      1.7773
 *189   E  HG2      2.1351
 *189   E  HG3      2.3797
