# Entries marked with a * may have inaccurate shift predictions.
# Entries marked with a value -666 should be igonored
# Output format adjusted by GV 11 September 2007
  171   V  N      114.0573
  171   V  CA      60.7008
  171   V  CB      32.4136
  171   V  C      172.9367
  171   V  H        8.0393
  171   V  HA       4.0066
  171   V  HB       2.0796
  171   V  HG11     0.9292
  171   V  HG12     0.9584
  171   V  HG13     0.8311
  171   V  HG21     0.9620
  171   V  HG22     0.9277
  171   V  HG23     0.9551
  172   P  CA      60.5527
  172   P  CB      32.2279
  172   P  C      176.6750
  172   P  HA       4.5731
  172   P  HB2      2.2893
  172   P  HB3      2.1958
  172   P  HD2      3.7040
  172   P  HD3      3.7704
  172   P  HG2      1.9927
  172   P  HG3      2.0504
  173   C  N      122.4517
  173   C  CA      59.8244
  173   C  CB      40.8253
  173   C  C      177.0894
  173   C  H        8.7593
  173   C  HA       4.2791
  173   C  HB2      3.0594
  173   C  HB3      3.1859
  174   S  N      115.8206
  174   S  CA      60.0931
  174   S  CB      62.4230
  174   S  C      175.3974
  174   S  H        8.4420
  174   S  HA       4.1901
  174   S  HB2      4.0180
  174   S  HB3      4.0135
  175   T  N      111.8262
  175   T  CA      62.9257
  175   T  CB      69.7752
  175   T  C      175.8865
  175   T  H        7.5847
  175   T  HA       4.3885
  175   T  HB       4.2395
  175   T  HG21     1.2109
  175   T  HG22     1.2115
  175   T  HG23     1.2110
  176   C  N      118.9077
  176   C  CA      58.6275
  176   C  CB      39.2433
  176   C  C      174.0865
  176   C  H        7.9018
  176   C  HA       4.3410
  176   C  HB2      3.1510
  176   C  HB3      3.2063
  177   E  N      118.2367
  177   E  CA      57.5809
  177   E  CB      26.5342
  177   E  C      175.8320
  177   E  H        9.5307
  177   E  HA       3.6068
  177   E  HB2      2.1094
  177   E  HB3      1.9648
  177   E  HG2      2.3728
  177   E  HG3      2.2258
  178   G  N      104.2225
  178   G  CA      45.1893
  178   G  C      173.4833
  178   G  H        8.3798
  178   G  HA    -666.0000
  178   G  HA2      3.9583
  178   G  HA3      3.9579
  179   N  N      119.2901
  179   N  CA      52.4125
  179   N  CB      39.4340
  179   N  C      175.3452
  179   N  H        7.9213
  179   N  HA       4.6056
  179   N  HB2      2.8104
  179   N  HB3      2.7230
  179   N  HD21     7.1477
  179   N  HD22     6.5434
  180   L  N      129.0179
  180   L  CA      57.2200
  180   L  CB      41.6314
  180   L  C      179.4242
  180   L  H        8.4615
  180   L  HA       3.9893
  180   L  HB2      1.7230
  180   L  HB3      1.6994
  180   L  HD11     0.9179
  180   L  HD12     0.9178
  180   L  HD13     0.9181
  180   L  HD21     0.2391
  180   L  HD22     1.5105
  180   L  HD23     0.8666
  180   L  HG       1.7199
  181   A  N      120.8206
  181   A  CA      55.1854
  181   A  CB      18.4238
  181   A  C      179.6755
  181   A  H        7.8967
  181   A  HA       3.9261
  181   A  HB1      1.3849
  181   A  HB2      1.3479
  181   A  HB3      1.3285
  182   C  N      116.2830
  182   C  CA      60.1237
  182   C  CB      43.4375
  182   C  C      175.9225
  182   C  H        7.9584
  182   C  HA       4.1144
  182   C  HB2      3.0196
  182   C  HB3      3.2262
  183   L  N      119.2970
  183   L  CA      57.8253
  183   L  CB      41.2464
  183   L  C      179.2539
  183   L  H        7.9946
  183   L  HA       3.8466
  183   L  HB2      1.8589
  183   L  HB3      1.7083
  183   L  HD11     0.9155
  183   L  HD12     0.9895
  183   L  HD13     0.9155
  183   L  HD21     0.3230
  183   L  HD22     1.6678
  183   L  HD23     0.8637
  183   L  HG       1.6630
  184   S  N      112.0770
  184   S  CA      60.7512
  184   S  CB      62.3007
  184   S  C      175.9828
  184   S  H        7.8744
  184   S  HA       4.2169
  184   S  HB2      3.9945
  184   S  HB3      4.0207
  185   L  N      121.8338
  185   L  CA      57.2967
  185   L  CB      41.7354
  185   L  C      174.9410
  185   L  H        7.4829
  185   L  HA       4.1452
  185   L  HB2      1.7001
  185   L  HB3      1.6854
  185   L  HD11     0.9104
  185   L  HD12     0.9121
  185   L  HD13     0.9129
  185   L  HD21     0.2871
  185   L  HD22     1.6088
  185   L  HD23     0.8613
  185   L  HG       1.8111
  186   C  N      111.9969
  186   C  CA      54.7285
  186   C  CB      43.1907
  186   C  C      171.9227
  186   C  H        7.5234
  186   C  HA       4.4995
  186   C  HB2      3.0389
  186   C  HB3      3.0713
  187   H  N      116.7826
  187   H  CA      54.6628
  187   H  CB      28.8624
  187   H  C      176.0901
  187   H  H        8.1643
  187   H  HA       4.6952
  187   H  HB2      3.1244
  187   H  HB3      3.3010
  187   H  HD2      5.8820
  187   H  HE1      6.7783
  188   I  N      129.3663
  188   I  CA      60.3494
  188   I  CB      35.8532
  188   I  C      176.4188
  188   I  H        8.1601
  188   I  HA       3.9928
  188   I  HB       1.8704
  188   I  HD11     0.8548
  188   I  HD12     0.8550
  188   I  HD13     0.8498
  188   I  HG12     1.2632
  188   I  HG13     0.5715
  188   I  HG21     0.9119
  188   I  HG22     0.9092
  188   I  HG23     0.9090
 *189   E  N      119.4612
 *189   E  CA      55.8645
 *189   E  CB      30.2538
 *189   E  C      175.4314
 *189   E  H        8.2793
 *189   E  HA       4.1624
 *189   E  HB2      1.7504
 *189   E  HB3      1.7746
 *189   E  HG2      2.1340
 *189   E  HG3      2.3818
