# Entries marked with a * may have inaccurate shift predictions.
# Entries marked with a value -666 should be igonored
# Output format adjusted by GV 11 September 2007
  171   V  N      120.3960
  171   V  CA      62.2736
  171   V  CB      33.5702
  171   V  C      175.9134
  171   V  H        8.0549
  171   V  HA       4.0519
  171   V  HB       2.1582
  171   V  HG11     0.9555
  171   V  HG12     0.8981
  171   V  HG13     1.1494
  171   V  HG21     0.9481
  171   V  HG22     0.9618
  171   V  HG23     0.9740
  172   P  CA      62.8466
  172   P  CB      31.5484
  172   P  C      176.6099
  172   P  HA       4.1468
  172   P  HB2      2.3135
  172   P  HB3      2.0224
  172   P  HD2      3.6802
  172   P  HD3      3.8228
  172   P  HG2      2.1411
  172   P  HG3      2.2222
  173   C  N      120.6191
  173   C  CA      60.0864
  173   C  CB      40.8414
  173   C  C      176.2539
  173   C  H        8.3658
  173   C  HA       4.3193
  173   C  HB2      2.7994
  173   C  HB3      3.1366
  174   S  N      114.3041
  174   S  CA      60.6596
  174   S  CB      62.5266
  174   S  C      175.3175
  174   S  H        8.1732
  174   S  HA       4.1107
  174   S  HB2      4.0212
  174   S  HB3      4.0074
  175   T  N      111.8708
  175   T  CA      62.8413
  175   T  CB      69.6312
  175   T  C      175.7573
  175   T  H        7.6555
  175   T  HA       4.4160
  175   T  HB       4.2458
  175   T  HG21     1.2151
  175   T  HG22     1.2184
  175   T  HG23     1.2170
  176   C  N      119.4106
  176   C  CA      58.3073
  176   C  CB      40.9057
  176   C  C      173.6621
  176   C  H        8.1390
  176   C  HA       4.3480
  176   C  HB2      3.1207
  176   C  HB3      3.2120
  177   E  N      117.2778
  177   E  CA      57.5702
  177   E  CB      26.9165
  177   E  C      175.4159
  177   E  H        9.0009
  177   E  HA       3.5161
  177   E  HB2      2.0906
  177   E  HB3      1.9875
  177   E  HG2      2.3239
  177   E  HG3      2.3789
  178   G  N      104.4636
  178   G  CA      45.1947
  178   G  C      173.3904
  178   G  H        8.3650
  178   G  HA    -666.0000
  178   G  HA2      3.9598
  178   G  HA3      3.9595
  179   N  N      118.6371
  179   N  CA      52.3983
  179   N  CB      39.4001
  179   N  C      175.2707
  179   N  H        7.8539
  179   N  HA       4.6034
  179   N  HB2      2.8649
  179   N  HB3      2.7299
  179   N  HD21     7.1415
  179   N  HD22     6.3273
  180   L  N      129.1474
  180   L  CA      57.2904
  180   L  CB      41.6759
  180   L  C      179.4219
  180   L  H        8.4652
  180   L  HA       3.9667
  180   L  HB2      1.7239
  180   L  HB3      1.7016
  180   L  HD11     0.9185
  180   L  HD12     0.9181
  180   L  HD13     0.9185
  180   L  HD21     0.2283
  180   L  HD22     2.0061
  180   L  HD23     0.8671
  180   L  HG       1.7250
  181   A  N      120.7032
  181   A  CA      55.2084
  181   A  CB      18.6721
  181   A  C      179.6676
  181   A  H        7.9078
  181   A  HA       3.9063
  181   A  HB1      1.3872
  181   A  HB2      1.3727
  181   A  HB3      1.3334
  182   C  N      116.3333
  182   C  CA      60.1338
  182   C  CB      43.4815
  182   C  C      175.8317
  182   C  H        7.9623
  182   C  HA       4.0905
  182   C  HB2      3.0154
  182   C  HB3      3.2261
  183   L  N      119.0659
  183   L  CA      57.9722
  183   L  CB      41.2235
  183   L  C      179.2898
  183   L  H        7.9253
  183   L  HA       3.9494
  183   L  HB2      1.8589
  183   L  HB3      1.7208
  183   L  HD11     0.9177
  183   L  HD12     0.9901
  183   L  HD13     0.9011
  183   L  HD21     0.3598
  183   L  HD22     2.2884
  183   L  HD23     0.8680
  183   L  HG       1.7013
  184   S  N      112.1672
  184   S  CA      61.1358
  184   S  CB      62.4017
  184   S  C      175.8504
  184   S  H        7.8636
  184   S  HA       4.2300
  184   S  HB2      4.0005
  184   S  HB3      4.0087
  185   L  N      120.6566
  185   L  CA      56.0828
  185   L  CB      41.5735
  185   L  C      174.9808
  185   L  H        7.6384
  185   L  HA       4.1690
  185   L  HB2      1.6128
  185   L  HB3      1.6890
  185   L  HD11     0.9156
  185   L  HD12     0.9161
  185   L  HD13     0.9162
  185   L  HD21     0.3213
  185   L  HD22     2.9064
  185   L  HD23     0.8611
  185   L  HG       1.7844
  186   C  N      111.9968
  186   C  CA      55.2484
  186   C  CB      40.8791
  186   C  C      172.5449
  186   C  H        7.0268
  186   C  HA       4.3978
  186   C  HB2      3.1796
  186   C  HB3      3.3214
  187   H  N      117.3590
  187   H  CA      54.6419
  187   H  CB      29.1095
  187   H  C      175.9022
  187   H  H        8.3425
  187   H  HA       4.7114
  187   H  HB2      3.2762
  187   H  HB3      3.2844
  187   H  HD2      5.7977
  187   H  HE1      6.6242
  188   I  N      127.2744
  188   I  CA      63.1243
  188   I  CB      38.8480
  188   I  C      175.7437
  188   I  H        8.4640
  188   I  HA       3.6177
  188   I  HB       1.8671
  188   I  HD11     0.8621
  188   I  HD12     0.8635
  188   I  HD13     0.8611
  188   I  HG12     1.2724
  188   I  HG13     1.0682
  188   I  HG21     0.9137
  188   I  HG22     0.9135
  188   I  HG23     0.9099
 *189   E  N      119.5162
 *189   E  CA      56.0453
 *189   E  CB      30.2531
 *189   E  C      177.5065
 *189   E  H        8.0318
 *189   E  HA       4.1702
 *189   E  HB2      1.7824
 *189   E  HB3      1.7597
 *189   E  HG2      2.1332
 *189   E  HG3      2.3788
