# Entries marked with a * may have inaccurate shift predictions.
# Entries marked with a value -666 should be igonored
# Output format adjusted by GV 11 September 2007
  171   V  N      114.0585
  171   V  CA      60.6342
  171   V  CB      32.2960
  171   V  C      171.9499
  171   V  H        7.8976
  171   V  HA       4.0460
  171   V  HB       2.0384
  171   V  HG11     0.9277
  171   V  HG12     0.9589
  171   V  HG13     0.3250
  171   V  HG21     0.7336
  171   V  HG22     0.9916
  171   V  HG23     0.9541
  172   P  CA      60.2533
  172   P  CB      32.8992
  172   P  C      176.5972
  172   P  HA       4.9166
  172   P  HB2      2.2825
  172   P  HB3      2.1829
  172   P  HD2      3.6989
  172   P  HD3      3.7700
  172   P  HG2      1.9847
  172   P  HG3      2.0597
  173   C  N      121.5031
  173   C  CA      59.9259
  173   C  CB      40.8358
  173   C  C      177.2136
  173   C  H        8.7539
  173   C  HA       4.2772
  173   C  HB2      2.9721
  173   C  HB3      3.1771
  174   S  N      114.6484
  174   S  CA      60.8999
  174   S  CB      62.3717
  174   S  C      175.4741
  174   S  H        8.2113
  174   S  HA       4.1121
  174   S  HB2      4.0173
  174   S  HB3      4.0195
  175   T  N      111.4228
  175   T  CA      62.6450
  175   T  CB      69.8676
  175   T  C      175.7761
  175   T  H        7.6254
  175   T  HA       4.4170
  175   T  HB       4.2396
  175   T  HG21     1.2114
  175   T  HG22     1.2123
  175   T  HG23     1.2124
  176   C  N      119.5289
  176   C  CA      58.5059
  176   C  CB      40.8529
  176   C  C      173.7708
  176   C  H        8.1281
  176   C  HA       4.3445
  176   C  HB2      3.1085
  176   C  HB3      3.2033
  177   E  N      116.5306
  177   E  CA      57.5879
  177   E  CB      27.0238
  177   E  C      175.4752
  177   E  H        8.9545
  177   E  HA       3.6387
  177   E  HB2      2.1115
  177   E  HB3      1.9780
  177   E  HG2      2.3345
  177   E  HG3      2.3755
  178   G  N      104.2000
  178   G  CA      45.1964
  178   G  C      173.5630
  178   G  H        8.3640
  178   G  HA    -666.0000
  178   G  HA2      3.9577
  178   G  HA3      3.9572
  179   N  N      119.2879
  179   N  CA      52.4075
  179   N  CB      39.3656
  179   N  C      175.2737
  179   N  H        7.9412
  179   N  HA       4.6013
  179   N  HB2      2.8038
  179   N  HB3      2.7255
  179   N  HD21     7.1368
  179   N  HD22     6.5084
  180   L  N      129.1408
  180   L  CA      57.2831
  180   L  CB      41.6994
  180   L  C      179.4335
  180   L  H        8.4589
  180   L  HA       3.9659
  180   L  HB2      1.7227
  180   L  HB3      1.7002
  180   L  HD11     0.9177
  180   L  HD12     0.9176
  180   L  HD13     0.9178
  180   L  HD21     0.2287
  180   L  HD22     1.9040
  180   L  HD23     0.8666
  180   L  HG       1.7226
  181   A  N      120.7119
  181   A  CA      55.2193
  181   A  CB      18.1262
  181   A  C      179.6701
  181   A  H        7.9018
  181   A  HA       3.8975
  181   A  HB1      1.3854
  181   A  HB2      1.3622
  181   A  HB3      1.3316
  182   C  N      115.8560
  182   C  CA      60.1435
  182   C  CB      43.4622
  182   C  C      175.9371
  182   C  H        7.9225
  182   C  HA       4.0865
  182   C  HB2      3.0343
  182   C  HB3      3.2289
  183   L  N      119.0453
  183   L  CA      57.8368
  183   L  CB      41.2080
  183   L  C      179.2312
  183   L  H        7.9227
  183   L  HA       3.9112
  183   L  HB2      1.8598
  183   L  HB3      1.7104
  183   L  HD11     0.9149
  183   L  HD12     0.9902
  183   L  HD13     0.9005
  183   L  HD21     0.3407
  183   L  HD22     2.3798
  183   L  HD23     0.8627
  183   L  HG       1.6719
  184   S  N      112.3776
  184   S  CA      61.1046
  184   S  CB      62.3599
  184   S  C      175.8714
  184   S  H        7.8888
  184   S  HA       4.2358
  184   S  HB2      3.9981
  184   S  HB3      4.0067
  185   L  N      121.1911
  185   L  CA      56.5928
  185   L  CB      41.5565
  185   L  C      174.9340
  185   L  H        7.6277
  185   L  HA       4.1702
  185   L  HB2      1.6129
  185   L  HB3      1.6906
  185   L  HD11     0.9099
  185   L  HD12     0.9133
  185   L  HD13     0.9138
  185   L  HD21     0.3124
  185   L  HD22     2.8075
  185   L  HD23     0.8645
  185   L  HG       1.8000
  186   C  N      110.8337
  186   C  CA      54.9355
  186   C  CB      42.3366
  186   C  C      172.4244
  186   C  H        7.1585
  186   C  HA       5.0599
  186   C  HB2      3.2060
  186   C  HB3      3.2533
  187   H  N      117.1633
  187   H  CA      54.9173
  187   H  CB      28.6075
  187   H  C      174.8945
  187   H  H        8.0487
  187   H  HA       4.7031
  187   H  HB2      3.1357
  187   H  HB3      3.3098
  187   H  HD2      5.6849
  187   H  HE1      6.7650
  188   I  N      127.8869
  188   I  CA      63.5899
  188   I  CB      38.2580
  188   I  C      176.4138
  188   I  H        8.2838
  188   I  HA       3.9462
  188   I  HB       1.8720
  188   I  HD11     0.8559
  188   I  HD12     0.8558
  188   I  HD13     0.8507
  188   I  HG12     1.2644
  188   I  HG13     0.5146
  188   I  HG21     0.9125
  188   I  HG22     0.9098
  188   I  HG23     0.9098
 *189   E  N      119.5769
 *189   E  CA      56.1626
 *189   E  CB      30.2525
 *189   E  C      177.6949
 *189   E  H        7.9240
 *189   E  HA       4.1607
 *189   E  HB2      1.7368
 *189   E  HB3      1.7679
 *189   E  HG2      2.1322
 *189   E  HG3      2.3785
