# Entries marked with a * may have inaccurate shift predictions.
# Entries marked with a value -666 should be igonored
# Output format adjusted by GV 11 September 2007
  171   V  N      120.3959
  171   V  CA      62.2716
  171   V  CB      33.5415
  171   V  C      175.9070
  171   V  H        8.0549
  171   V  HA       4.0526
  171   V  HB       2.1556
  171   V  HG11     0.9641
  171   V  HG12     0.9038
  171   V  HG13     1.1745
  171   V  HG21     0.9485
  171   V  HG22     0.9592
  171   V  HG23     0.9720
  172   P  CA      62.8367
  172   P  CB      31.3812
  172   P  C      176.6589
  172   P  HA       4.1413
  172   P  HB2      2.3141
  172   P  HB3      2.1079
  172   P  HD2      3.6808
  172   P  HD3      3.8247
  172   P  HG2      2.1438
  172   P  HG3      2.2309
  173   C  N      120.8040
  173   C  CA      60.0647
  173   C  CB      40.8233
  173   C  C      176.2480
  173   C  H        8.6006
  173   C  HA       4.3057
  173   C  HB2      3.0746
  173   C  HB3      3.1344
  174   S  N      114.9154
  174   S  CA      60.6545
  174   S  CB      62.4865
  174   S  C      175.5102
  174   S  H        8.3412
  174   S  HA       4.1462
  174   S  HB2      4.0415
  174   S  HB3      4.0069
  175   T  N      111.9519
  175   T  CA      62.8671
  175   T  CB      69.7181
  175   T  C      175.7671
  175   T  H        7.6839
  175   T  HA       4.4141
  175   T  HB       4.2457
  175   T  HG21     1.2152
  175   T  HG22     1.2185
  175   T  HG23     1.2170
  176   C  N      119.3640
  176   C  CA      58.3715
  176   C  CB      40.8901
  176   C  C      173.7098
  176   C  H        8.1408
  176   C  HA       4.3491
  176   C  HB2      2.9874
  176   C  HB3      3.2100
  177   E  N      116.8030
  177   E  CA      57.5795
  177   E  CB      26.9687
  177   E  C      175.4350
  177   E  H        8.9796
  177   E  HA       3.5382
  177   E  HB2      2.1108
  177   E  HB3      1.9824
  177   E  HG2      2.3214
  177   E  HG3      2.3783
  178   G  N      104.3259
  178   G  CA      45.1924
  178   G  C      173.4900
  178   G  H        8.3478
  178   G  HA    -666.0000
  178   G  HA2      3.9594
  178   G  HA3      3.9590
  179   N  N      118.7958
  179   N  CA      52.4245
  179   N  CB      39.4052
  179   N  C      175.2395
  179   N  H        7.8916
  179   N  HA       4.5986
  179   N  HB2      2.7640
  179   N  HB3      2.7308
  179   N  HD21     7.1310
  179   N  HD22     6.3284
  180   L  N      129.1759
  180   L  CA      57.3063
  180   L  CB      41.7188
  180   L  C      179.4256
  180   L  H        8.4630
  180   L  HA       3.9636
  180   L  HB2      1.7236
  180   L  HB3      1.7013
  180   L  HD11     0.9183
  180   L  HD12     0.9179
  180   L  HD13     0.9182
  180   L  HD21     0.2260
  180   L  HD22     2.0737
  180   L  HD23     0.8667
  180   L  HG       1.7215
  181   A  N      120.6791
  181   A  CA      55.2063
  181   A  CB      18.6043
  181   A  C      179.6783
  181   A  H        7.9074
  181   A  HA       3.9203
  181   A  HB1      1.3873
  181   A  HB2      1.3701
  181   A  HB3      1.3337
  182   C  N      116.4249
  182   C  CA      60.1404
  182   C  CB      43.4881
  182   C  C      175.8466
  182   C  H        7.9667
  182   C  HA       4.0952
  182   C  HB2      3.0107
  182   C  HB3      3.2288
  183   L  N      119.0032
  183   L  CA      57.9982
  183   L  CB      41.1944
  183   L  C      179.5371
  183   L  H        7.9342
  183   L  HA       3.9515
  183   L  HB2      1.8613
  183   L  HB3      1.7202
  183   L  HD11     0.9168
  183   L  HD12     0.9905
  183   L  HD13     0.9014
  183   L  HD21     0.4424
  183   L  HD22     2.3293
  183   L  HD23     0.8664
  183   L  HG       1.7063
  184   S  N      114.2074
  184   S  CA      61.4833
  184   S  CB      62.8746
  184   S  C      176.3963
  184   S  H        7.8174
  184   S  HA       4.2713
  184   S  HB2      4.0204
  184   S  HB3      3.9110
  185   L  N      120.2831
  185   L  CA      56.2969
  185   L  CB      41.5344
  185   L  C      175.0004
  185   L  H        7.6342
  185   L  HA       4.1588
  185   L  HB2      1.5847
  185   L  HB3      1.7105
  185   L  HD11     0.9170
  185   L  HD12     0.9184
  185   L  HD13     0.9174
  185   L  HD21     0.3538
  185   L  HD22     2.6401
  185   L  HD23     0.8636
  185   L  HG       1.7799
  186   C  N      111.9816
  186   C  CA      55.5282
  186   C  CB      37.7291
  186   C  C      172.7167
  186   C  H        7.0342
  186   C  HA       4.5643
  186   C  HB2      3.0480
  186   C  HB3      3.3198
  187   H  N      116.2080
  187   H  CA      54.6069
  187   H  CB      30.4411
  187   H  C      174.6318
  187   H  H        8.3510
  187   H  HA       4.8164
  187   H  HB2      3.1669
  187   H  HB3      3.2645
  187   H  HD2      5.7996
  187   H  HE1      6.7261
  188   I  N      126.5517
  188   I  CA      60.6613
  188   I  CB      37.6808
  188   I  C      176.4468
  188   I  H        8.4119
  188   I  HA       4.2094
  188   I  HB       1.8740
  188   I  HD11     0.8565
  188   I  HD12     0.8525
  188   I  HD13     0.8504
  188   I  HG12     1.1951
  188   I  HG13     0.7746
  188   I  HG21     0.9118
  188   I  HG22     0.9112
  188   I  HG23     0.9140
 *189   E  N      122.5036
 *189   E  CA      56.0493
 *189   E  CB      30.3085
 *189   E  C      172.4435
 *189   E  H        8.6350
 *189   E  HA       4.1348
 *189   E  HB2      1.7407
 *189   E  HB3      1.7757
 *189   E  HG2      2.1442
 *189   E  HG3      2.5168
