# Entries marked with a * may have inaccurate shift predictions.
# Entries marked with a value -666 should be igonored
# Output format adjusted by GV 11 September 2007
  171   V  N      114.0591
  171   V  CA      60.4179
  171   V  CB      34.0251
  171   V  C      175.8462
  171   V  H        8.0549
  171   V  HA       4.0892
  171   V  HB       2.1103
  171   V  HG11     0.9440
  171   V  HG12     0.9168
  171   V  HG13     0.8527
  171   V  HG21     0.9974
  171   V  HG22     0.9813
  171   V  HG23     0.9867
  172   P  CA      62.7784
  172   P  CB      31.5220
  172   P  C      176.3321
  172   P  HA       4.1008
  172   P  HB2      2.2649
  172   P  HB3      2.0275
  172   P  HD2      3.6202
  172   P  HD3      3.8054
  172   P  HG2      2.1393
  172   P  HG3      2.2101
  173   C  N      120.8242
  173   C  CA      60.0937
  173   C  CB      40.8356
  173   C  C      176.2246
  173   C  H        8.3629
  173   C  HA       4.2801
  173   C  HB2      2.8721
  173   C  HB3      3.1346
  174   S  N      115.6585
  174   S  CA      60.0800
  174   S  CB      62.5360
  174   S  C      175.3303
  174   S  H        8.4111
  174   S  HA       4.1653
  174   S  HB2      4.0201
  174   S  HB3      4.0056
  175   T  N      111.9798
  175   T  CA      62.8308
  175   T  CB      69.7302
  175   T  C      175.8026
  175   T  H        7.7189
  175   T  HA       4.4098
  175   T  HB       4.2441
  175   T  HG21     1.2141
  175   T  HG22     1.2164
  175   T  HG23     1.2158
  176   C  N      119.4147
  176   C  CA      58.4727
  176   C  CB      39.3785
  176   C  C      173.7598
  176   C  H        8.1291
  176   C  HA       4.3458
  176   C  HB2      2.9862
  176   C  HB3      3.2086
  177   E  N      118.3645
  177   E  CA      57.5815
  177   E  CB      27.0157
  177   E  C      175.9751
  177   E  H        9.2276
  177   E  HA       3.5476
  177   E  HB2      2.1195
  177   E  HB3      1.9660
  177   E  HG2      2.3052
  177   E  HG3      2.3776
  178   G  N      104.2947
  178   G  CA      45.1900
  178   G  C      173.4657
  178   G  H        8.3571
  178   G  HA    -666.0000
  178   G  HA2      3.9589
  178   G  HA3      3.9584
  179   N  N      118.9207
  179   N  CA      52.4038
  179   N  CB      39.4315
  179   N  C      175.2631
  179   N  H        7.8932
  179   N  HA       4.6034
  179   N  HB2      2.8453
  179   N  HB3      2.7286
  179   N  HD21     7.1362
  179   N  HD22     6.3972
  180   L  N      129.1561
  180   L  CA      57.3042
  180   L  CB      41.7142
  180   L  C      179.4254
  180   L  H        8.4645
  180   L  HA       3.9642
  180   L  HB2      1.7233
  180   L  HB3      1.7007
  180   L  HD11     0.9180
  180   L  HD12     0.9176
  180   L  HD13     0.9179
  180   L  HD21     0.2272
  180   L  HD22     2.0479
  180   L  HD23     0.8663
  180   L  HG       1.7250
  181   A  N      120.6888
  181   A  CA      55.2068
  181   A  CB      18.6007
  181   A  C      179.6982
  181   A  H        7.9069
  181   A  HA       3.9167
  181   A  HB1      1.3872
  181   A  HB2      1.3707
  181   A  HB3      1.3337
  182   C  N      116.0325
  182   C  CA      60.1204
  182   C  CB      43.4920
  182   C  C      175.8182
  182   C  H        7.9431
  182   C  HA       4.1029
  182   C  HB2      3.0308
  182   C  HB3      3.2248
  183   L  N      119.0744
  183   L  CA      57.9588
  183   L  CB      41.2122
  183   L  C      179.2830
  183   L  H        7.9198
  183   L  HA       3.9428
  183   L  HB2      1.8596
  183   L  HB3      1.7191
  183   L  HD11     0.9160
  183   L  HD12     0.9893
  183   L  HD13     0.9009
  183   L  HD21     0.3551
  183   L  HD22     2.3449
  183   L  HD23     0.8651
  183   L  HG       1.6995
  184   S  N      112.1601
  184   S  CA      61.1314
  184   S  CB      62.4185
  184   S  C      175.8081
  184   S  H        7.8463
  184   S  HA       4.2294
  184   S  HB2      4.0046
  184   S  HB3      4.0141
  185   L  N      120.3361
  185   L  CA      56.0247
  185   L  CB      41.6180
  185   L  C      174.9159
  185   L  H        7.6388
  185   L  HA       4.1714
  185   L  HB2      1.6295
  185   L  HB3      1.6966
  185   L  HD11     0.9175
  185   L  HD12     0.9196
  185   L  HD13     0.9179
  185   L  HD21     0.3320
  185   L  HD22     2.6892
  185   L  HD23     0.8656
  185   L  HG       1.7789
  186   C  N      112.0667
  186   C  CA      55.5383
  186   C  CB      41.3897
  186   C  C      172.8037
  186   C  H        6.9787
  186   C  HA       4.5660
  186   C  HB2      3.0501
  186   C  HB3      3.3103
  187   H  N      116.7789
  187   H  CA      54.6930
  187   H  CB      30.1970
  187   H  C      174.5241
  187   H  H        8.4401
  187   H  HA       4.6840
  187   H  HB2      3.1662
  187   H  HB3      3.2817
  187   H  HD2      5.7967
  187   H  HE1      6.6360
  188   I  N      127.8069
  188   I  CA      60.2839
  188   I  CB      36.8221
  188   I  C      176.4948
  188   I  H        8.4899
  188   I  HA       4.2643
  188   I  HB       1.8697
  188   I  HD11     0.8518
  188   I  HD12     0.8546
  188   I  HD13     0.8486
  188   I  HG12     1.1963
  188   I  HG13     0.5103
  188   I  HG21     0.9125
  188   I  HG22     0.9106
  188   I  HG23     0.9093
 *189   E  N      121.6236
 *189   E  CA      55.8984
 *189   E  CB      30.3087
 *189   E  C      174.5309
 *189   E  H        8.4003
 *189   E  HA       4.1348
 *189   E  HB2      1.7498
 *189   E  HB3      1.7800
 *189   E  HG2      2.1353
 *189   E  HG3      2.3807
