# Entries marked with a * may have inaccurate shift predictions.
# Entries marked with a value -666 should be igonored
# Output format adjusted by GV 11 September 2007
  171   V  N      114.0565
  171   V  CA      60.6525
  171   V  CB      32.3137
  171   V  C      172.5771
  171   V  H        8.0393
  171   V  HA       3.9928
  171   V  HB       2.0716
  171   V  HG11     0.9282
  171   V  HG12     0.9589
  171   V  HG13     0.8365
  171   V  HG21     0.9281
  171   V  HG22     0.9422
  171   V  HG23     0.9576
  172   P  CA      60.4053
  172   P  CB      32.3225
  172   P  C      176.4709
  172   P  HA       4.5708
  172   P  HB2      2.2773
  172   P  HB3      2.1864
  172   P  HD2      3.6952
  172   P  HD3      3.7629
  172   P  HG2      1.9802
  172   P  HG3      2.0474
  173   C  N      122.5415
  173   C  CA      59.8477
  173   C  CB      40.8374
  173   C  C      177.1021
  173   C  H        8.7197
  173   C  HA       4.2611
  173   C  HB2      3.0481
  173   C  HB3      3.1758
  174   S  N      115.7035
  174   S  CA      60.0676
  174   S  CB      62.4453
  174   S  C      175.3712
  174   S  H        8.4212
  174   S  HA       4.1669
  174   S  HB2      4.0166
  174   S  HB3      4.0100
  175   T  N      111.8431
  175   T  CA      62.8788
  175   T  CB      69.7741
  175   T  C      175.8647
  175   T  H        7.5928
  175   T  HA       4.3894
  175   T  HB       4.2371
  175   T  HG21     1.2090
  175   T  HG22     1.2085
  175   T  HG23     1.2089
  176   C  N      119.4196
  176   C  CA      58.5847
  176   C  CB      39.2577
  176   C  C      174.0390
  176   C  H        7.9193
  176   C  HA       4.3373
  176   C  HB2      3.1290
  176   C  HB3      3.2032
  177   E  N      118.2170
  177   E  CA      57.5667
  177   E  CB      26.5100
  177   E  C      175.8316
  177   E  H        9.5182
  177   E  HA       3.6174
  177   E  HB2      2.1110
  177   E  HB3      1.9654
  177   E  HG2      2.3701
  177   E  HG3      2.2245
  178   G  N      104.3662
  178   G  CA      45.1897
  178   G  C      173.4713
  178   G  H        8.3746
  178   G  HA    -666.0000
  178   G  HA2      3.9576
  178   G  HA3      3.9571
  179   N  N      119.2761
  179   N  CA      52.4366
  179   N  CB      39.3861
  179   N  C      175.3236
  179   N  H        7.9100
  179   N  HA       4.5991
  179   N  HB2      2.8059
  179   N  HB3      2.7237
  179   N  HD21     7.1450
  179   N  HD22     6.5240
  180   L  N      129.0672
  180   L  CA      57.2456
  180   L  CB      41.6287
  180   L  C      179.4266
  180   L  H        8.4583
  180   L  HA       3.9853
  180   L  HB2      1.7232
  180   L  HB3      1.6999
  180   L  HD11     0.9180
  180   L  HD12     0.9181
  180   L  HD13     0.9182
  180   L  HD21     0.2364
  180   L  HD22     1.5176
  180   L  HD23     0.8672
  180   L  HG       1.7156
  181   A  N      120.8003
  181   A  CA      55.1841
  181   A  CB      18.3824
  181   A  C      179.6851
  181   A  H        7.8995
  181   A  HA       3.9279
  181   A  HB1      1.3856
  181   A  HB2      1.3465
  181   A  HB3      1.3299
  182   C  N      116.4954
  182   C  CA      60.1231
  182   C  CB      43.4423
  182   C  C      175.9265
  182   C  H        7.9757
  182   C  HA       4.1129
  182   C  HB2      3.0071
  182   C  HB3      3.2259
  183   L  N      119.2465
  183   L  CA      57.9290
  183   L  CB      41.2278
  183   L  C      179.4981
  183   L  H        8.0001
  183   L  HA       3.8481
  183   L  HB2      1.8614
  183   L  HB3      1.7085
  183   L  HD11     0.9146
  183   L  HD12     0.9888
  183   L  HD13     0.9148
  183   L  HD21     0.4022
  183   L  HD22     1.7215
  183   L  HD23     0.8607
  183   L  HG       1.6646
  184   S  N      114.2756
  184   S  CA      61.1542
  184   S  CB      62.7252
  184   S  C      176.4460
  184   S  H        7.8715
  184   S  HA       4.2644
  184   S  HB2      4.0040
  184   S  HB3      3.9213
  185   L  N      121.8122
  185   L  CA      57.0959
  185   L  CB      41.6856
  185   L  C      175.0931
  185   L  H        7.5124
  185   L  HA       4.1577
  185   L  HB2      1.6575
  185   L  HB3      1.7055
  185   L  HD11     0.9102
  185   L  HD12     0.9128
  185   L  HD13     0.9137
  185   L  HD21     0.3009
  185   L  HD22     1.7377
  185   L  HD23     0.8647
  185   L  HG       1.8031
  186   C  N      112.0913
  186   C  CA      54.6416
  186   C  CB      43.1356
  186   C  C      172.0206
  186   C  H        7.4636
  186   C  HA       4.4621
  186   C  HB2      2.9892
  186   C  HB3      3.0246
  187   H  N      116.8366
  187   H  CA      54.8369
  187   H  CB      28.6825
  187   H  C      174.9316
  187   H  H        7.8761
  187   H  HA       4.7256
  187   H  HB2      3.1455
  187   H  HB3      3.2932
  187   H  HD2      5.6870
  187   H  HE1      6.7883
  188   I  N      128.4815
  188   I  CA      63.7272
  188   I  CB      38.1051
  188   I  C      176.3867
  188   I  H        8.1929
  188   I  HA       3.8959
  188   I  HB       1.8709
  188   I  HD11     0.8565
  188   I  HD12     0.8558
  188   I  HD13     0.8515
  188   I  HG12     1.2624
  188   I  HG13     0.5714
  188   I  HG21     0.9115
  188   I  HG22     0.9082
  188   I  HG23     0.9088
 *189   E  N      120.0127
 *189   E  CA      56.1884
 *189   E  CB      30.2525
 *189   E  C      177.7491
 *189   E  H        7.8937
 *189   E  HA       4.1612
 *189   E  HB2      1.7368
 *189   E  HB3      1.7678
 *189   E  HG2      2.1325
 *189   E  HG3      2.3782
