# Entries marked with a * may have inaccurate shift predictions.
# Entries marked with a value -666 should be igonored
# Output format adjusted by GV 11 September 2007
  171   V  N      120.3080
  171   V  CA      60.4368
  171   V  CB      33.7151
  171   V  C      174.5843
  171   V  H        7.8976
  171   V  HA       3.9013
  171   V  HB       1.9590
  171   V  HG11     0.9453
  171   V  HG12     0.9949
  171   V  HG13     0.3533
  171   V  HG21     0.5279
  171   V  HG22     1.0396
  171   V  HG23     0.8315
  172   P  CA      61.1780
  172   P  CB      30.9706
  172   P  C      175.5198
  172   P  HA       4.4655
  172   P  HB2      2.3381
  172   P  HB3      2.2934
  172   P  HD2      3.7169
  172   P  HD3      3.7795
  172   P  HG2      2.0383
  172   P  HG3      2.0652
  173   C  N      123.0652
  173   C  CA      60.0781
  173   C  CB      40.7832
  173   C  C      177.2463
  173   C  H        8.8141
  173   C  HA       4.2059
  173   C  HB2      3.1633
  173   C  HB3      3.2050
  174   S  N      114.5594
  174   S  CA      61.0170
  174   S  CB      62.3127
  174   S  C      175.5664
  174   S  H        8.2417
  174   S  HA       4.0010
  174   S  HB2      4.0208
  174   S  HB3      4.0297
  175   T  N      111.5694
  175   T  CA      62.9223
  175   T  CB      69.7436
  175   T  C      175.9198
  175   T  H        7.7338
  175   T  HA       4.3857
  175   T  HB       4.2438
  175   T  HG21     1.2154
  175   T  HG22     1.2190
  175   T  HG23     1.2166
  176   C  N      119.3642
  176   C  CA      58.6007
  176   C  CB      40.8546
  176   C  C      173.8920
  176   C  H        8.1292
  176   C  HA       4.3465
  176   C  HB2      3.1206
  176   C  HB3      3.2125
  177   E  N      116.2483
  177   E  CA      57.5745
  177   E  CB      26.9752
  177   E  C      175.4769
  177   E  H        8.9462
  177   E  HA       3.6551
  177   E  HB2      2.1240
  177   E  HB3      1.9862
  177   E  HG2      2.2566
  177   E  HG3      2.3111
  178   G  N      104.3469
  178   G  CA      45.1999
  178   G  C      173.4796
  178   G  H        8.3921
  178   G  HA    -666.0000
  178   G  HA2      3.9601
  178   G  HA3      3.9600
  179   N  N      119.2629
  179   N  CA      52.3765
  179   N  CB      39.3546
  179   N  C      175.2933
  179   N  H        7.9188
  179   N  HA       4.6083
  179   N  HB2      2.8076
  179   N  HB3      2.7283
  179   N  HD21     7.1485
  179   N  HD22     6.5328
  180   L  N      129.1322
  180   L  CA      57.2717
  180   L  CB      41.6153
  180   L  C      179.4285
  180   L  H        8.4564
  180   L  HA       3.9702
  180   L  HB2      1.7244
  180   L  HB3      1.7015
  180   L  HD11     0.9190
  180   L  HD12     0.9189
  180   L  HD13     0.9193
  180   L  HD21     0.2313
  180   L  HD22     1.5612
  180   L  HD23     0.8684
  180   L  HG       1.7288
  181   A  N      120.7253
  181   A  CA      55.2230
  181   A  CB      18.2906
  181   A  C      179.6682
  181   A  H        7.9050
  181   A  HA       3.9051
  181   A  HB1      1.3860
  181   A  HB2      1.3603
  181   A  HB3      1.3324
  182   C  N      114.3844
  182   C  CA      60.1439
  182   C  CB      42.2227
  182   C  C      175.6298
  182   C  H        7.6964
  182   C  HA       4.0997
  182   C  HB2      3.0130
  182   C  HB3      3.2689
  183   L  N      120.4983
  183   L  CA      57.8376
  183   L  CB      40.9205
  183   L  C      179.5154
  183   L  H        8.1758
  183   L  HA       3.9778
  183   L  HB2      1.9351
  183   L  HB3      1.6990
  183   L  HD11     0.9194
  183   L  HD12     0.9949
  183   L  HD13     0.9047
  183   L  HD21     0.0133
  183   L  HD22     2.3897
  183   L  HD23     0.8710
  183   L  HG       1.6746
  184   S  N      112.3939
  184   S  CA      61.1373
  184   S  CB      62.3545
  184   S  C      175.8946
  184   S  H        7.9497
  184   S  HA       4.0187
  184   S  HB2      3.9918
  184   S  HB3      4.0123
  185   L  N      121.4444
  185   L  CA      57.5608
  185   L  CB      41.6471
  185   L  C      174.9432
  185   L  H        7.5897
  185   L  HA       4.1545
  185   L  HB2      1.6874
  185   L  HB3      1.6867
  185   L  HD11     0.9090
  185   L  HD12     0.9089
  185   L  HD13     0.9119
  185   L  HD21     0.3157
  185   L  HD22     2.2311
  185   L  HD23     0.8585
  185   L  HG       1.7964
  186   C  N      111.7365
  186   C  CA      54.4251
  186   C  CB      43.2305
  186   C  C      171.7296
  186   C  H        7.4450
  186   C  HA       5.1146
  186   C  HB2      3.3546
  186   C  HB3      3.2821
  187   H  N      116.9134
  187   H  CA      54.9255
  187   H  CB      28.8956
  187   H  C      175.8817
  187   H  H        8.2729
  187   H  HA       4.7511
  187   H  HB2      3.1279
  187   H  HB3      3.2979
  187   H  HD2      5.8801
  187   H  HE1      6.7821
  188   I  N      129.2986
  188   I  CA      60.2817
  188   I  CB      35.9578
  188   I  C      176.3654
  188   I  H        8.1871
  188   I  HA       4.0292
  188   I  HB       1.8765
  188   I  HD11     0.8594
  188   I  HD12     0.8535
  188   I  HD13     0.8553
  188   I  HG12     1.2742
  188   I  HG13     0.4020
  188   I  HG21     0.9160
  188   I  HG22     0.9153
  188   I  HG23     0.9136
 *189   E  N      119.5089
 *189   E  CA      55.8661
 *189   E  CB      30.2529
 *189   E  C      175.3089
 *189   E  H        8.3055
 *189   E  HA       4.1604
 *189   E  HB2      1.7427
 *189   E  HB3      1.7710
 *189   E  HG2      2.1295
 *189   E  HG3      2.3755
