# Entries marked with a * may have inaccurate shift predictions.
# Entries marked with a value -666 should be igonored
# Output format adjusted by GV 11 September 2007
  171   V  N      120.3961
  171   V  CA      62.2575
  171   V  CB      33.5672
  171   V  C      175.9954
  171   V  H        8.0549
  171   V  HA       4.0519
  171   V  HB       2.1482
  171   V  HG11     0.9203
  171   V  HG12     0.8951
  171   V  HG13     1.1485
  171   V  HG21     0.9439
  171   V  HG22     0.9584
  171   V  HG23     0.9610
  172   P  CA      62.8414
  172   P  CB      31.5371
  172   P  C      176.5776
  172   P  HA       4.1698
  172   P  HB2      2.3172
  172   P  HB3      2.0289
  172   P  HD2      3.6832
  172   P  HD3      3.8292
  172   P  HG2      2.1410
  172   P  HG3      2.2292
  173   C  N      120.2843
  173   C  CA      60.0932
  173   C  CB      40.8066
  173   C  C      176.3464
  173   C  H        8.3921
  173   C  HA       4.3132
  173   C  HB2      3.2615
  173   C  HB3      3.1386
  174   S  N      114.6042
  174   S  CA      60.7956
  174   S  CB      62.4893
  174   S  C      175.4471
  174   S  H        8.1960
  174   S  HA       4.0193
  174   S  HB2      4.0213
  174   S  HB3      4.0142
  175   T  N      111.7377
  175   T  CA      62.8560
  175   T  CB      69.6151
  175   T  C      175.8318
  175   T  H        7.6741
  175   T  HA       4.4001
  175   T  HB       4.2462
  175   T  HG21     1.2152
  175   T  HG22     1.2188
  175   T  HG23     1.2168
  176   C  N      119.4367
  176   C  CA      58.2522
  176   C  CB      40.8470
  176   C  C      173.6665
  176   C  H        8.1415
  176   C  HA       4.3491
  176   C  HB2      2.9894
  176   C  HB3      3.2133
  177   E  N      116.4564
  177   E  CA      57.5744
  177   E  CB      26.8947
  177   E  C      175.4125
  177   E  H        8.9547
  177   E  HA       3.5233
  177   E  HB2      2.1343
  177   E  HB3      1.9934
  177   E  HG2      2.2534
  177   E  HG3      2.3103
  178   G  N      104.7057
  178   G  CA      45.1971
  178   G  C      173.4914
  178   G  H        8.3812
  178   G  HA    -666.0000
  178   G  HA2      3.9600
  178   G  HA3      3.9597
  179   N  N      118.7867
  179   N  CA      52.4330
  179   N  CB      39.4208
  179   N  C      175.2474
  179   N  H        7.8619
  179   N  HA       4.5965
  179   N  HB2      2.8512
  179   N  HB3      2.7318
  179   N  HD21     7.1358
  179   N  HD22     6.3385
  180   L  N      129.1685
  180   L  CA      57.2924
  180   L  CB      41.7667
  180   L  C      179.4301
  180   L  H        8.4627
  180   L  HA       3.9658
  180   L  HB2      1.7240
  180   L  HB3      1.7018
  180   L  HD11     0.9187
  180   L  HD12     0.9183
  180   L  HD13     0.9187
  180   L  HD21     0.2272
  180   L  HD22     2.0996
  180   L  HD23     0.8674
  180   L  HG       1.7188
  181   A  N      120.6959
  181   A  CA      55.2034
  181   A  CB      17.9971
  181   A  C      179.6839
  181   A  H        7.9065
  181   A  HA       3.9286
  181   A  HB1      1.3871
  181   A  HB2      1.3679
  181   A  HB3      1.3333
  182   C  N      116.5097
  182   C  CA      60.1374
  182   C  CB      43.4908
  182   C  C      175.8427
  182   C  H        7.9719
  182   C  HA       4.1021
  182   C  HB2      3.0063
  182   C  HB3      3.2278
  183   L  N      119.0113
  183   L  CA      57.9981
  183   L  CB      41.1921
  183   L  C      179.5390
  183   L  H        7.9393
  183   L  HA       3.8983
  183   L  HB2      1.8627
  183   L  HB3      1.7226
  183   L  HD11     0.9181
  183   L  HD12     0.9906
  183   L  HD13     0.9024
  183   L  HD21     0.4454
  183   L  HD22     2.3014
  183   L  HD23     0.8686
  183   L  HG       1.7075
  184   S  N      114.1039
  184   S  CA      61.4905
  184   S  CB      62.8696
  184   S  C      176.4097
  184   S  H        7.8017
  184   S  HA       4.2741
  184   S  HB2      4.0234
  184   S  HB3      3.9109
  185   L  N      120.3768
  185   L  CA      56.3896
  185   L  CB      41.5203
  185   L  C      175.0310
  185   L  H        7.6495
  185   L  HA       4.1553
  185   L  HB2      1.7026
  185   L  HB3      1.7060
  185   L  HD11     0.9149
  185   L  HD12     0.9150
  185   L  HD13     0.9156
  185   L  HD21     0.3496
  185   L  HD22     2.2098
  185   L  HD23     0.8604
  185   L  HG       1.7832
  186   C  N      112.1137
  186   C  CA      55.2219
  186   C  CB      40.9230
  186   C  C      172.3377
  186   C  H        7.2132
  186   C  HA       4.4246
  186   C  HB2      3.1385
  186   C  HB3      3.3364
  187   H  N      116.8637
  187   H  CA      54.7616
  187   H  CB      29.3619
  187   H  C      176.2160
  187   H  H        8.3211
  187   H  HA       4.7607
  187   H  HB2      3.2761
  187   H  HB3      3.4285
  187   H  HD2      5.7991
  187   H  HE1      6.6777
  188   I  N      127.8206
  188   I  CA      63.8944
  188   I  CB      37.9627
  188   I  C      176.3372
  188   I  H        8.5495
  188   I  HA       3.7362
  188   I  HB       1.8730
  188   I  HD11     0.8581
  188   I  HD12     0.8530
  188   I  HD13     0.8585
  188   I  HG12     1.2645
  188   I  HG13     0.7779
  188   I  HG21     0.9127
  188   I  HG22     0.9112
  188   I  HG23     0.9140
 *189   E  N      118.9380
 *189   E  CA      56.0762
 *189   E  CB      30.2535
 *189   E  C      177.0451
 *189   E  H        8.0183
 *189   E  HA       4.1627
 *189   E  HB2      1.7412
 *189   E  HB3      1.7703
 *189   E  HG2      2.1504
 *189   E  HG3      2.3846
