# Entries marked with a * may have inaccurate shift predictions.
# Entries marked with a value -666 should be igonored
# Output format adjusted by GV 11 September 2007
  171   V  N      114.0554
  171   V  CA      60.7124
  171   V  CB      32.4682
  171   V  C      172.4101
  171   V  H        7.8976
  171   V  HA       4.0149
  171   V  HB       2.0584
  171   V  HG11     0.9268
  171   V  HG12     0.9569
  171   V  HG13     0.7903
  171   V  HG21     0.8712
  171   V  HG22     1.0224
  171   V  HG23     0.9528
  172   P  CA      60.5636
  172   P  CB      32.5527
  172   P  C      176.8407
  172   P  HA       4.8300
  172   P  HB2      2.2805
  172   P  HB3      2.1784
  172   P  HD2      3.6931
  172   P  HD3      3.7606
  172   P  HG2      1.9890
  172   P  HG3      2.0439
  173   C  N      122.0725
  173   C  CA      59.8180
  173   C  CB      40.8259
  173   C  C      177.0747
  173   C  H        8.7302
  173   C  HA       4.2709
  173   C  HB2      3.0604
  173   C  HB3      3.1750
  174   S  N      115.8491
  174   S  CA      60.0764
  174   S  CB      62.4223
  174   S  C      175.3878
  174   S  H        8.4321
  174   S  HA       4.1608
  174   S  HB2      4.0145
  174   S  HB3      4.0095
  175   T  N      111.7407
  175   T  CA      62.8169
  175   T  CB      69.7699
  175   T  C      175.8708
  175   T  H        7.5764
  175   T  HA       4.3905
  175   T  HB       4.2357
  175   T  HG21     1.2074
  175   T  HG22     1.2061
  175   T  HG23     1.2071
  176   C  N      119.4120
  176   C  CA      58.6814
  176   C  CB      39.2549
  176   C  C      174.0973
  176   C  H        7.9147
  176   C  HA       4.3360
  176   C  HB2      3.1276
  176   C  HB3      3.2030
  177   E  N      118.2202
  177   E  CA      57.5810
  177   E  CB      26.5381
  177   E  C      175.8409
  177   E  H        9.5242
  177   E  HA       3.6306
  177   E  HB2      2.1073
  177   E  HB3      1.9631
  177   E  HG2      2.3757
  177   E  HG3      2.2238
  178   G  N      104.2189
  178   G  CA      45.1918
  178   G  C      173.5072
  178   G  H        8.3812
  178   G  HA    -666.0000
  178   G  HA2      3.9575
  178   G  HA3      3.9572
  179   N  N      119.3112
  179   N  CA      52.4016
  179   N  CB      39.4097
  179   N  C      175.3271
  179   N  H        7.9274
  179   N  HA       4.6062
  179   N  HB2      2.8021
  179   N  HB3      2.7230
  179   N  HD21     7.1474
  179   N  HD22     6.5094
  180   L  N      129.0681
  180   L  CA      57.2509
  180   L  CB      41.6275
  180   L  C      179.4319
  180   L  H        8.4562
  180   L  HA       3.9889
  180   L  HB2      1.7237
  180   L  HB3      1.7004
  180   L  HD11     0.9184
  180   L  HD12     0.9185
  180   L  HD13     0.9185
  180   L  HD21     0.2369
  180   L  HD22     1.5039
  180   L  HD23     0.8678
  180   L  HG       1.7230
  181   A  N      120.7865
  181   A  CA      55.2021
  181   A  CB      18.3967
  181   A  C      179.6828
  181   A  H        7.8994
  181   A  HA       3.9247
  181   A  HB1      1.3862
  181   A  HB2      1.3464
  181   A  HB3      1.3308
  182   C  N      116.3584
  182   C  CA      60.1228
  182   C  CB      43.4373
  182   C  C      175.9166
  182   C  H        7.9658
  182   C  HA       4.1090
  182   C  HB2      3.0147
  182   C  HB3      3.2273
  183   L  N      119.3012
  183   L  CA      57.8282
  183   L  CB      41.2462
  183   L  C      179.2494
  183   L  H        7.9955
  183   L  HA       3.8567
  183   L  HB2      1.8618
  183   L  HB3      1.7099
  183   L  HD11     0.9151
  183   L  HD12     0.9888
  183   L  HD13     0.9152
  183   L  HD21     0.3195
  183   L  HD22     1.6280
  183   L  HD23     0.8613
  183   L  HG       1.6607
  184   S  N      112.0525
  184   S  CA      60.7224
  184   S  CB      62.3084
  184   S  C      175.9590
  184   S  H        7.9647
  184   S  HA       4.2304
  184   S  HB2      3.9940
  184   S  HB3      4.0255
  185   L  N      121.7911
  185   L  CA      56.9903
  185   L  CB      41.7114
  185   L  C      174.9895
  185   L  H        7.4941
  185   L  HA       4.1697
  185   L  HB2      1.7056
  185   L  HB3      1.6890
  185   L  HD11     0.9104
  185   L  HD12     0.9132
  185   L  HD13     0.9142
  185   L  HD21     0.2962
  185   L  HD22     1.8219
  185   L  HD23     0.8662
  185   L  HG       1.8125
  186   C  N      111.3815
  186   C  CA      54.1947
  186   C  CB      42.8652
  186   C  C      172.1513
  186   C  H        7.3224
  186   C  HA       4.5284
  186   C  HB2      2.9794
  186   C  HB3      3.0278
  187   H  N      116.9829
  187   H  CA      54.8725
  187   H  CB      28.9102
  187   H  C      175.1001
  187   H  H        7.9731
  187   H  HA       4.7505
  187   H  HB2      3.1263
  187   H  HB3      3.3024
  187   H  HD2      5.6868
  187   H  HE1      6.7852
  188   I  N      128.0672
  188   I  CA      63.8337
  188   I  CB      38.0068
  188   I  C      176.3905
  188   I  H        8.4332
  188   I  HA       3.9049
  188   I  HB       1.8731
  188   I  HD11     0.8587
  188   I  HD12     0.8575
  188   I  HD13     0.8536
  188   I  HG12     1.2653
  188   I  HG13     0.5052
  188   I  HG21     0.9126
  188   I  HG22     0.9096
  188   I  HG23     0.9102
 *189   E  N      119.0556
 *189   E  CA      56.1274
 *189   E  CB      30.2528
 *189   E  C      177.5616
 *189   E  H        7.9642
 *189   E  HA       4.1587
 *189   E  HB2      1.7408
 *189   E  HB3      1.7690
 *189   E  HG2      2.1321
 *189   E  HG3      2.3784
