# Entries marked with a * may have inaccurate shift predictions.
# Entries marked with a value -666 should be igonored
# Output format adjusted by GV 11 September 2007
  171   V  N      120.3961
  171   V  CA      62.1663
  171   V  CB      32.3970
  171   V  C      174.0151
  171   V  H        7.8976
  171   V  HA       4.0116
  171   V  HB       1.9954
  171   V  HG11     0.9295
  171   V  HG12     1.0312
  171   V  HG13     1.0661
  171   V  HG21     0.9249
  171   V  HG22     0.9213
  171   V  HG23     0.9158
  172   P  CA      61.0461
  172   P  CB      32.4848
  172   P  C      175.9512
  172   P  HA       4.8093
  172   P  HB2      2.3463
  172   P  HB3      2.1934
  172   P  HD2      3.7692
  172   P  HD3      3.7881
  172   P  HG2      2.0222
  172   P  HG3      2.0617
  173   C  N      121.6912
  173   C  CA      59.8875
  173   C  CB      40.8427
  173   C  C      176.9925
  173   C  H        8.8243
  173   C  HA       4.2760
  173   C  HB2      2.9844
  173   C  HB3      3.1891
  174   S  N      115.3677
  174   S  CA      59.8548
  174   S  CB      62.4835
  174   S  C      175.1882
  174   S  H        8.4156
  174   S  HA       4.2752
  174   S  HB2      4.0199
  174   S  HB3      4.0054
  175   T  N      112.0813
  175   T  CA      62.8216
  175   T  CB      70.1632
  175   T  C      175.6607
  175   T  H        7.6523
  175   T  HA       4.4447
  175   T  HB       4.2419
  175   T  HG21     1.2132
  175   T  HG22     1.2151
  175   T  HG23     1.2144
  176   C  N      119.1249
  176   C  CA      59.0354
  176   C  CB      39.0574
  176   C  C      174.5862
  176   C  H        8.1179
  176   C  HA       4.3563
  176   C  HB2      3.1106
  176   C  HB3      3.2075
  177   E  N      118.7355
  177   E  CA      57.9734
  177   E  CB      27.1770
  177   E  C      175.9158
  177   E  H        9.2020
  177   E  HA       3.6132
  177   E  HB2      2.0750
  177   E  HB3      1.9778
  177   E  HG2      2.2846
  177   E  HG3      2.3772
  178   G  N      103.8612
  178   G  CA      45.4658
  178   G  C      174.3945
  178   G  H        8.3744
  178   G  HA    -666.0000
  178   G  HA2      3.9586
  178   G  HA3      3.9583
  179   N  N      119.5228
  179   N  CA      52.4263
  179   N  CB      39.4561
  179   N  C      175.2404
  179   N  H        8.0698
  179   N  HA       4.6042
  179   N  HB2      2.7215
  179   N  HB3      2.7271
  179   N  HD21     7.1060
  179   N  HD22     6.5293
  180   L  N      129.1555
  180   L  CA      57.2950
  180   L  CB      41.8421
  180   L  C      179.4328
  180   L  H        8.4542
  180   L  HA       3.9667
  180   L  HB2      1.7230
  180   L  HB3      1.7001
  180   L  HD11     0.9180
  180   L  HD12     0.9177
  180   L  HD13     0.9180
  180   L  HD21     0.2281
  180   L  HD22     2.0913
  180   L  HD23     0.8667
  180   L  HG       1.7256
  181   A  N      120.7104
  181   A  CA      55.2031
  181   A  CB      18.4910
  181   A  C      179.7244
  181   A  H        7.9036
  181   A  HA       3.9294
  181   A  HB1      1.3852
  181   A  HB2      1.3592
  181   A  HB3      1.3321
  182   C  N      116.2133
  182   C  CA      60.1119
  182   C  CB      43.4908
  182   C  C      175.9137
  182   C  H        7.9561
  182   C  HA       4.1222
  182   C  HB2      3.0214
  182   C  HB3      3.2296
  183   L  N      119.0861
  183   L  CA      57.7893
  183   L  CB      41.1811
  183   L  C      179.2097
  183   L  H        7.9498
  183   L  HA       3.8458
  183   L  HB2      1.8582
  183   L  HB3      1.7135
  183   L  HD11     0.9163
  183   L  HD12     0.9924
  183   L  HD13     0.9019
  183   L  HD21     0.3481
  183   L  HD22     2.2558
  183   L  HD23     0.8656
  183   L  HG       1.6799
  184   S  N      112.2665
  184   S  CA      61.1189
  184   S  CB      62.3742
  184   S  C      175.8574
  184   S  H        7.8276
  184   S  HA       4.2446
  184   S  HB2      4.0299
  184   S  HB3      4.0199
  185   L  N      121.0039
  185   L  CA      56.7671
  185   L  CB      41.5674
  185   L  C      174.9206
  185   L  H        7.6474
  185   L  HA       4.1441
  185   L  HB2      1.6540
  185   L  HB3      1.6867
  185   L  HD11     0.9101
  185   L  HD12     0.9115
  185   L  HD13     0.9128
  185   L  HD21     0.3093
  185   L  HD22     1.4538
  185   L  HD23     0.8621
  185   L  HG       1.8062
  186   C  N      111.8750
  186   C  CA      55.4797
  186   C  CB      42.6432
  186   C  C      173.4209
  186   C  H        7.2231
  186   C  HA       5.0367
  186   C  HB2      3.1088
  186   C  HB3      3.2657
  187   H  N      116.2831
  187   H  CA      54.6602
  187   H  CB      28.9114
  187   H  C      174.6257
  187   H  H        8.2703
  187   H  HA       4.7146
  187   H  HB2      3.0316
  187   H  HB3      3.3194
  187   H  HD2      5.8795
  187   H  HE1      6.5074
  188   I  N      126.7950
  188   I  CA      59.8681
  188   I  CB      39.4712
  188   I  C      175.9864
  188   I  H        8.3278
  188   I  HA       4.2031
  188   I  HB       1.8631
  188   I  HD11     0.8538
  188   I  HD12     0.8573
  188   I  HD13     0.8575
  188   I  HG12     1.2044
  188   I  HG13     0.8084
  188   I  HG21     0.9121
  188   I  HG22     0.9125
  188   I  HG23     0.9080
 *189   E  N      123.7554
 *189   E  CA      56.2374
 *189   E  CB      30.3069
 *189   E  C      173.2366
 *189   E  H        8.6653
 *189   E  HA       4.1660
 *189   E  HB2      1.7791
 *189   E  HB3      1.7524
 *189   E  HG2      2.1306
 *189   E  HG3      2.3765
