# Entries marked with a * may have inaccurate shift predictions.
# Entries marked with a value -666 should be igonored
# Output format adjusted by GV 11 September 2007
  171   V  N      114.0584
  171   V  CA      60.7267
  171   V  CB      32.5529
  171   V  C      172.8432
  171   V  H        7.8976
  171   V  HA       4.0387
  171   V  HB       2.1058
  171   V  HG11     0.9402
  171   V  HG12     0.9693
  171   V  HG13     0.6656
  171   V  HG21     0.9955
  171   V  HG22     1.0767
  171   V  HG23     0.9717
  172   P  CA      60.7116
  172   P  CB      32.4987
  172   P  C      176.9196
  172   P  HA       4.8040
  172   P  HB2      2.2891
  172   P  HB3      2.1864
  172   P  HD2      3.7069
  172   P  HD3      3.7728
  172   P  HG2      2.0049
  172   P  HG3      2.0499
  173   C  N      122.0493
  173   C  CA      59.8410
  173   C  CB      40.8247
  173   C  C      177.0775
  173   C  H        8.7772
  173   C  HA       4.2733
  173   C  HB2      3.0990
  173   C  HB3      3.1784
  174   S  N      115.8027
  174   S  CA      60.0557
  174   S  CB      62.4355
  174   S  C      175.3655
  174   S  H        8.4358
  174   S  HA       4.1745
  174   S  HB2      4.0158
  174   S  HB3      4.0094
  175   T  N      111.7835
  175   T  CA      62.7989
  175   T  CB      69.7836
  175   T  C      175.8523
  175   T  H        7.6077
  175   T  HA       4.3974
  175   T  HB       4.2387
  175   T  HG21     1.2098
  175   T  HG22     1.2099
  175   T  HG23     1.2102
  176   C  N      119.2928
  176   C  CA      58.6865
  176   C  CB      39.2783
  176   C  C      174.0522
  176   C  H        7.9123
  176   C  HA       4.3375
  176   C  HB2      3.1390
  176   C  HB3      3.2045
  177   E  N      118.2243
  177   E  CA      57.5753
  177   E  CB      26.5260
  177   E  C      175.8435
  177   E  H        9.5231
  177   E  HA       3.6111
  177   E  HB2      2.1072
  177   E  HB3      1.9616
  177   E  HG2      2.3748
  177   E  HG3      2.2245
  178   G  N      104.2609
  178   G  CA      45.1841
  178   G  C      173.4622
  178   G  H        8.3569
  178   G  HA    -666.0000
  178   G  HA2      3.9571
  178   G  HA3      3.9565
  179   N  N      119.2720
  179   N  CA      52.4376
  179   N  CB      39.3979
  179   N  C      175.3161
  179   N  H        7.9220
  179   N  HA       4.6012
  179   N  HB2      2.8077
  179   N  HB3      2.7231
  179   N  HD21     7.1386
  179   N  HD22     6.5432
  180   L  N      129.0736
  180   L  CA      57.2760
  180   L  CB      41.6338
  180   L  C      179.4310
  180   L  H        8.4613
  180   L  HA       3.9836
  180   L  HB2      1.7223
  180   L  HB3      1.6986
  180   L  HD11     0.9173
  180   L  HD12     0.9171
  180   L  HD13     0.9172
  180   L  HD21     0.2346
  180   L  HD22     1.6903
  180   L  HD23     0.8653
  180   L  HG       1.7174
  181   A  N      120.7761
  181   A  CA      55.1881
  181   A  CB      18.4122
  181   A  C      179.7029
  181   A  H        7.8994
  181   A  HA       3.9171
  181   A  HB1      1.3856
  181   A  HB2      1.3512
  181   A  HB3      1.3302
  182   C  N      116.6582
  182   C  CA      60.1205
  182   C  CB      43.4542
  182   C  C      175.9355
  182   C  H        7.9902
  182   C  HA       4.1072
  182   C  HB2      2.9980
  182   C  HB3      3.2254
  183   L  N      119.2264
  183   L  CA      57.8987
  183   L  CB      41.2065
  183   L  C      179.4767
  183   L  H        8.0060
  183   L  HA       3.8602
  183   L  HB2      1.8601
  183   L  HB3      1.7058
  183   L  HD11     0.9127
  183   L  HD12     0.9878
  183   L  HD13     0.9136
  183   L  HD21     0.4063
  183   L  HD22     1.6605
  183   L  HD23     0.8590
  183   L  HG       1.6623
  184   S  N      114.4054
  184   S  CA      61.1280
  184   S  CB      62.7428
  184   S  C      176.4224
  184   S  H        7.8350
  184   S  HA       4.2628
  184   S  HB2      4.0041
  184   S  HB3      3.9144
  185   L  N      121.5669
  185   L  CA      56.8282
  185   L  CB      41.6576
  185   L  C      175.3150
  185   L  H        7.5179
  185   L  HA       4.1533
  185   L  HB2      1.6738
  185   L  HB3      1.7106
  185   L  HD11     0.9136
  185   L  HD12     0.9170
  185   L  HD13     0.9160
  185   L  HD21     0.3198
  185   L  HD22     2.7126
  185   L  HD23     0.8668
  185   L  HG       1.7975
  186   C  N      111.0201
  186   C  CA      54.4993
  186   C  CB      42.7456
  186   C  C      172.0996
  186   C  H        7.1871
  186   C  HA       4.6456
  186   C  HB2      3.0499
  186   C  HB3      3.0517
  187   H  N      116.7795
  187   H  CA      54.3508
  187   H  CB      30.3023
  187   H  C      175.1585
  187   H  H        8.1107
  187   H  HA       4.9100
  187   H  HB2      3.0944
  187   H  HB3      3.4052
  187   H  HD2      5.8821
  187   H  HE1      6.9320
  188   I  N      125.8367
  188   I  CA      63.9604
  188   I  CB      37.8592
  188   I  C      176.6332
  188   I  H        7.9859
  188   I  HA       3.9026
  188   I  HB       1.8734
  188   I  HD11     0.8503
  188   I  HD12     0.8485
  188   I  HD13     0.8549
  188   I  HG12     1.1443
  188   I  HG13     0.7794
  188   I  HG21     0.9107
  188   I  HG22     0.9107
  188   I  HG23     0.9136
 *189   E  N      118.9195
 *189   E  CA      56.0770
 *189   E  CB      30.2537
 *189   E  C      177.0463
 *189   E  H        8.0232
 *189   E  HA       4.1609
 *189   E  HB2      1.7406
 *189   E  HB3      1.7729
 *189   E  HG2      2.1447
 *189   E  HG3      2.3848
