# Entries marked with a * may have inaccurate shift predictions.
# Entries marked with a value -666 should be igonored
# Output format adjusted by GV 11 September 2007
  171   V  N      120.3954
  171   V  CA      62.1267
  171   V  CB      32.8903
  171   V  C      174.0028
  171   V  H        7.8976
  171   V  HA       3.9899
  171   V  HB       2.0149
  171   V  HG11     0.9153
  171   V  HG12     0.9479
  171   V  HG13     1.1451
  171   V  HG21     0.9277
  171   V  HG22     0.9301
  171   V  HG23     0.9222
  172   P  CA      61.0949
  172   P  CB      31.9051
  172   P  C      175.7313
  172   P  HA       4.7590
  172   P  HB2      2.3314
  172   P  HB3      2.1750
  172   P  HD2      3.7602
  172   P  HD3      3.7713
  172   P  HG2      2.0133
  172   P  HG3      2.0495
  173   C  N      122.1318
  173   C  CA      59.9274
  173   C  CB      40.8176
  173   C  C      177.1269
  173   C  H        8.8049
  173   C  HA       4.2354
  173   C  HB2      2.9689
  173   C  HB3      3.1804
  174   S  N      115.7266
  174   S  CA      60.0726
  174   S  CB      62.4191
  174   S  C      175.3848
  174   S  H        8.4345
  174   S  HA       4.1701
  174   S  HB2      4.0150
  174   S  HB3      4.0105
  175   T  N      111.7132
  175   T  CA      62.7416
  175   T  CB      69.8103
  175   T  C      175.8559
  175   T  H        7.6207
  175   T  HA       4.4014
  175   T  HB       4.2378
  175   T  HG21     1.2091
  175   T  HG22     1.2089
  175   T  HG23     1.2095
  176   C  N      119.2522
  176   C  CA      58.8112
  176   C  CB      39.2947
  176   C  C      174.1205
  176   C  H        7.9071
  176   C  HA       4.3337
  176   C  HB2      3.1400
  176   C  HB3      3.2028
  177   E  N      118.2071
  177   E  CA      57.5876
  177   E  CB      26.5433
  177   E  C      175.8592
  177   E  H        9.5207
  177   E  HA       3.6491
  177   E  HB2      2.1037
  177   E  HB3      1.9591
  177   E  HG2      2.3793
  177   E  HG3      2.2240
  178   G  N      104.1344
  178   G  CA      45.1922
  178   G  C      173.4921
  178   G  H        8.3503
  178   G  HA    -666.0000
  178   G  HA2      3.9571
  178   G  HA3      3.9566
  179   N  N      119.3181
  179   N  CA      52.4302
  179   N  CB      39.4415
  179   N  C      175.3038
  179   N  H        7.9482
  179   N  HA       4.6034
  179   N  HB2      2.7130
  179   N  HB3      2.7231
  179   N  HD21     7.1384
  179   N  HD22     6.5124
  180   L  N      129.1101
  180   L  CA      57.3188
  180   L  CB      41.6296
  180   L  C      179.4217
  180   L  H        8.4566
  180   L  HA       3.9789
  180   L  HB2      1.7228
  180   L  HB3      1.6988
  180   L  HD11     0.9176
  180   L  HD12     0.9176
  180   L  HD13     0.9176
  180   L  HD21     0.2343
  180   L  HD22     1.9578
  180   L  HD23     0.8663
  180   L  HG       1.7209
  181   A  N      120.7527
  181   A  CA      55.1748
  181   A  CB      18.4672
  181   A  C      179.7342
  181   A  H        7.9029
  181   A  HA       3.9293
  181   A  HB1      1.3858
  181   A  HB2      1.3442
  181   A  HB3      1.3313
  182   C  N      116.1661
  182   C  CA      60.1007
  182   C  CB      43.4688
  182   C  C      175.9455
  182   C  H        7.9690
  182   C  HA       4.1240
  182   C  HB2      3.0251
  182   C  HB3      3.2253
  183   L  N      119.2527
  183   L  CA      57.7505
  183   L  CB      41.1875
  183   L  C      179.1914
  183   L  H        7.9998
  183   L  HA       3.8413
  183   L  HB2      1.8664
  183   L  HB3      1.7081
  183   L  HD11     0.9135
  183   L  HD12     0.9872
  183   L  HD13     0.9141
  183   L  HD21     0.3224
  183   L  HD22     1.7716
  183   L  HD23     0.8597
  183   L  HG       1.6614
  184   S  N      112.4719
  184   S  CA      60.9388
  184   S  CB      62.3277
  184   S  C      175.9855
  184   S  H        7.7778
  184   S  HA       4.2333
  184   S  HB2      4.0470
  184   S  HB3      4.0336
  185   L  N      121.5780
  185   L  CA      56.8419
  185   L  CB      41.6924
  185   L  C      175.3517
  185   L  H        7.5147
  185   L  HA       4.1454
  185   L  HB2      1.5810
  185   L  HB3      1.6926
  185   L  HD11     0.9125
  185   L  HD12     0.9164
  185   L  HD13     0.9157
  185   L  HD21     0.3157
  185   L  HD22     2.1272
  185   L  HD23     0.8686
  185   L  HG       1.8017
  186   C  N      110.6057
  186   C  CA      55.0383
  186   C  CB      42.2944
  186   C  C      172.3923
  186   C  H        7.0997
  186   C  HA       4.7307
  186   C  HB2      3.0180
  186   C  HB3      3.0277
  187   H  N      117.5877
  187   H  CA      54.4412
  187   H  CB      29.3037
  187   H  C      174.8219
  187   H  H        8.0580
  187   H  HA       4.7648
  187   H  HB2      3.0962
  187   H  HB3      3.2929
  187   H  HD2      5.8805
  187   H  HE1      6.7779
  188   I  N      127.1551
  188   I  CA      63.0152
  188   I  CB      38.9055
  188   I  C      175.7232
  188   I  H        8.4503
  188   I  HA       3.9013
  188   I  HB       1.8604
  188   I  HD11     0.8527
  188   I  HD12     0.8568
  188   I  HD13     0.8562
  188   I  HG12     1.2725
  188   I  HG13     0.7981
  188   I  HG21     0.9128
  188   I  HG22     0.9124
  188   I  HG23     0.9083
 *189   E  N      119.5950
 *189   E  CA      56.0313
 *189   E  CB      30.2525
 *189   E  C      177.7280
 *189   E  H        8.0353
 *189   E  HA       4.1716
 *189   E  HB2      1.7787
 *189   E  HB3      1.7542
 *189   E  HG2      2.1325
 *189   E  HG3      2.3784
