# Entries marked with a * may have inaccurate shift predictions.
# Entries marked with a value -666 should be igonored
# Output format adjusted by GV 11 September 2007
  171   V  N      114.0589
  171   V  CA      60.3555
  171   V  CB      34.0917
  171   V  C      175.8018
  171   V  H        8.0549
  171   V  HA       4.0861
  171   V  HB       2.0990
  171   V  HG11     0.9406
  171   V  HG12     0.9132
  171   V  HG13     0.8455
  171   V  HG21     0.9720
  171   V  HG22     0.9505
  171   V  HG23     0.9824
  172   P  CA      62.7672
  172   P  CB      31.7879
  172   P  C      176.2865
  172   P  HA       4.1063
  172   P  HB2      2.2668
  172   P  HB3      2.0311
  172   P  HD2      3.6238
  172   P  HD3      3.8061
  172   P  HG2      2.1399
  172   P  HG3      2.2143
  173   C  N      121.5715
  173   C  CA      60.2015
  173   C  CB      40.7962
  173   C  C      176.2965
  173   C  H        8.3129
  173   C  HA       4.3000
  173   C  HB2      3.1426
  173   C  HB3      3.1406
  174   S  N      114.7714
  174   S  CA      61.4177
  174   S  CB      62.4014
  174   S  C      175.9041
  174   S  H        8.1647
  174   S  HA       3.9954
  174   S  HB2      4.0193
  174   S  HB3      4.0178
  175   T  N      111.7365
  175   T  CA      63.6148
  175   T  CB      69.4938
  175   T  C      176.1375
  175   T  H        7.7543
  175   T  HA       4.2544
  175   T  HB       4.2443
  175   T  HG21     1.2143
  175   T  HG22     1.2170
  175   T  HG23     1.2159
  176   C  N      119.6461
  176   C  CA      57.9366
  176   C  CB      40.7287
  176   C  C      173.5943
  176   C  H        8.2076
  176   C  HA       4.3719
  176   C  HB2      3.1246
  176   C  HB3      3.2166
  177   E  N      116.4763
  177   E  CA      57.4333
  177   E  CB      28.3745
  177   E  C      175.3922
  177   E  H        9.1416
  177   E  HA       3.9680
  177   E  HB2      2.1514
  177   E  HB3      2.0511
  177   E  HG2      2.3613
  177   E  HG3      2.2320
  178   G  N      104.5373
  178   G  CA      46.1766
  178   G  C      173.6397
  178   G  H        8.3918
  178   G  HA    -666.0000
  178   G  HA2      3.9592
  178   G  HA3      3.9588
  179   N  N      118.6581
  179   N  CA      52.4666
  179   N  CB      39.4335
  179   N  C      175.2561
  179   N  H        8.0577
  179   N  HA       4.5912
  179   N  HB2      2.8952
  179   N  HB3      2.7301
  179   N  HD21     7.1313
  179   N  HD22     6.0414
  180   L  N      129.1573
  180   L  CA      57.2946
  180   L  CB      41.6815
  180   L  C      179.4369
  180   L  H        8.4697
  180   L  HA       3.9675
  180   L  HB2      1.7234
  180   L  HB3      1.7012
  180   L  HD11     0.9182
  180   L  HD12     0.9178
  180   L  HD13     0.9181
  180   L  HD21     0.2282
  180   L  HD22     2.0985
  180   L  HD23     0.8667
  180   L  HG       1.7128
  181   A  N      120.7007
  181   A  CA      55.2064
  181   A  CB      18.3389
  181   A  C      179.7114
  181   A  H        7.9038
  181   A  HA       3.9283
  181   A  HB1      1.3867
  181   A  HB2      1.3675
  181   A  HB3      1.3326
  182   C  N      116.0665
  182   C  CA      60.1062
  182   C  CB      43.4917
  182   C  C      175.7971
  182   C  H        7.9453
  182   C  HA       4.1062
  182   C  HB2      3.0295
  182   C  HB3      3.2216
  183   L  N      119.1359
  183   L  CA      57.9786
  183   L  CB      41.2182
  183   L  C      179.2863
  183   L  H        7.9359
  183   L  HA       3.9335
  183   L  HB2      1.8578
  183   L  HB3      1.7205
  183   L  HD11     0.9167
  183   L  HD12     0.9884
  183   L  HD13     0.8999
  183   L  HD21     0.3532
  183   L  HD22     2.1294
  183   L  HD23     0.8664
  183   L  HG       1.7018
  184   S  N      111.9586
  184   S  CA      61.1250
  184   S  CB      62.4087
  184   S  C      175.8243
  184   S  H        7.8235
  184   S  HA       4.2295
  184   S  HB2      4.0080
  184   S  HB3      4.0159
  185   L  N      120.5252
  185   L  CA      55.9880
  185   L  CB      41.5857
  185   L  C      174.9395
  185   L  H        7.6343
  185   L  HA       4.1752
  185   L  HB2      1.7219
  185   L  HB3      1.6925
  185   L  HD11     0.9152
  185   L  HD12     0.9164
  185   L  HD13     0.9160
  185   L  HD21     0.3255
  185   L  HD22     2.8797
  185   L  HD23     0.8624
  185   L  HG       1.7793
  186   C  N      111.9000
  186   C  CA      55.1976
  186   C  CB      40.9534
  186   C  C      172.4526
  186   C  H        7.0781
  186   C  HA       4.4791
  186   C  HB2      3.1415
  186   C  HB3      3.3184
  187   H  N      117.2401
  187   H  CA      54.5601
  187   H  CB      29.2111
  187   H  C      175.9810
  187   H  H        8.3186
  187   H  HA       4.7147
  187   H  HB2      3.2744
  187   H  HB3      3.2833
  187   H  HD2      5.7975
  187   H  HE1      6.6833
  188   I  N      126.9424
  188   I  CA      62.8202
  188   I  CB      38.8716
  188   I  C      175.7111
  188   I  H        8.4119
  188   I  HA       4.0505
  188   I  HB       1.8640
  188   I  HD11     0.8549
  188   I  HD12     0.8579
  188   I  HD13     0.8582
  188   I  HG12     1.2747
  188   I  HG13     0.8006
  188   I  HG21     0.9129
  188   I  HG22     0.9134
  188   I  HG23     0.9086
 *189   E  N      119.9175
 *189   E  CA      55.9946
 *189   E  CB      30.2534
 *189   E  C      179.1042
 *189   E  H        8.0703
 *189   E  HA       4.1706
 *189   E  HB2      1.7813
 *189   E  HB3      1.7575
 *189   E  HG2      2.1386
 *189   E  HG3      2.3839
