# Entries marked with a * may have inaccurate shift predictions.
# Entries marked with a value -666 should be igonored
# Output format adjusted by GV 11 September 2007
  171   V  N      120.6610
  171   V  CA      62.2328
  171   V  CB      33.3013
  171   V  C      174.1092
  171   V  H        7.9133
  171   V  HA       4.0884
  171   V  HB       2.0747
  171   V  HG11     0.9192
  171   V  HG12     0.9060
  171   V  HG13     1.2699
  171   V  HG21     0.9239
  171   V  HG22     0.9281
  171   V  HG23     0.9173
  172   P  CA      61.0843
  172   P  CB      31.7944
  172   P  C      176.7178
  172   P  HA       4.6572
  172   P  HB2      2.2977
  172   P  HB3      1.9699
  172   P  HD2      3.6566
  172   P  HD3      3.7768
  172   P  HG2      2.0839
  172   P  HG3      2.1876
  173   C  N      121.8847
  173   C  CA      60.0754
  173   C  CB      40.8487
  173   C  C      175.8000
  173   C  H        8.8007
  173   C  HA       4.2769
  173   C  HB2      2.9431
  173   C  HB3      3.1318
  174   S  N      114.5650
  174   S  CA      60.7780
  174   S  CB      62.4173
  174   S  C      175.4084
  174   S  H        8.2018
  174   S  HA       3.9797
  174   S  HB2      4.0164
  174   S  HB3      4.0174
  175   T  N      112.3416
  175   T  CA      61.4898
  175   T  CB      69.7404
  175   T  C      175.3848
  175   T  H        7.5746
  175   T  HA       4.6823
  175   T  HB       4.2393
  175   T  HG21     1.2110
  175   T  HG22     1.2117
  175   T  HG23     1.2123
  176   C  N      118.9469
  176   C  CA      57.5567
  176   C  CB      40.0334
  176   C  C      173.1610
  176   C  H        7.9887
  176   C  HA       4.3577
  176   C  HB2      3.1454
  176   C  HB3      3.2037
  177   E  N      119.2005
  177   E  CA      57.4941
  177   E  CB      26.4671
  177   E  C      175.8387
  177   E  H        9.3567
  177   E  HA       3.7079
  177   E  HB2      2.2075
  177   E  HB3      1.9877
  177   E  HG2      2.3012
  177   E  HG3      2.3422
  178   G  N      103.6386
  178   G  CA      45.9250
  178   G  C      173.7233
  178   G  H        8.4073
  178   G  HA    -666.0000
  178   G  HA2      3.9573
  178   G  HA3      3.9567
  179   N  N      119.0796
  179   N  CA      52.2663
  179   N  CB      39.5016
  179   N  C      175.5287
  179   N  H        7.7720
  179   N  HA       4.6083
  179   N  HB2      2.8062
  179   N  HB3      2.7231
  179   N  HD21     7.1989
  179   N  HD22     7.0095
  180   L  N      129.1117
  180   L  CA      57.2955
  180   L  CB      41.8273
  180   L  C      179.4373
  180   L  H        8.4669
  180   L  HA       3.9678
  180   L  HB2      1.7226
  180   L  HB3      1.7005
  180   L  HD11     0.9176
  180   L  HD12     0.9176
  180   L  HD13     0.9177
  180   L  HD21     0.2305
  180   L  HD22     2.0904
  180   L  HD23     0.8665
  180   L  HG       1.7291
  181   A  N      120.7163
  181   A  CA      55.1988
  181   A  CB      18.5730
  181   A  C      179.6862
  181   A  H        7.9040
  181   A  HA       3.9312
  181   A  HB1      1.3857
  181   A  HB2      1.3723
  181   A  HB3      1.3323
  182   C  N      116.4646
  182   C  CA      60.1374
  182   C  CB      43.4959
  182   C  C      175.9314
  182   C  H        7.9632
  182   C  HA       4.1036
  182   C  HB2      3.0042
  182   C  HB3      3.2183
  183   L  N      118.9842
  183   L  CA      57.7603
  183   L  CB      41.1707
  183   L  C      179.2084
  183   L  H        7.9511
  183   L  HA       3.8226
  183   L  HB2      1.8554
  183   L  HB3      1.7143
  183   L  HD11     0.9143
  183   L  HD12     0.9770
  183   L  HD13     0.8996
  183   L  HD21     0.4038
  183   L  HD22     2.1185
  183   L  HD23     0.8616
  183   L  HG       1.6758
  184   S  N      112.1747
  184   S  CA      61.1049
  184   S  CB      62.3873
  184   S  C      175.8372
  184   S  H        7.8002
  184   S  HA       4.2558
  184   S  HB2      4.0295
  184   S  HB3      4.0195
  185   L  N      120.9688
  185   L  CA      56.6179
  185   L  CB      41.5626
  185   L  C      175.1113
  185   L  H        7.6572
  185   L  HA       4.1561
  185   L  HB2      1.6550
  185   L  HB3      1.6965
  185   L  HD11     0.9115
  185   L  HD12     0.9155
  185   L  HD13     0.9152
  185   L  HD21     0.3110
  185   L  HD22     1.5453
  185   L  HD23     0.8668
  185   L  HG       1.8074
  186   C  N      111.3205
  186   C  CA      55.1383
  186   C  CB      41.9796
  186   C  C      172.6655
  186   C  H        7.1746
  186   C  HA       4.8653
  186   C  HB2      3.1954
  186   C  HB3      3.2511
  187   H  N      117.1352
  187   H  CA      54.7146
  187   H  CB      28.6276
  187   H  C      176.0087
  187   H  H        8.0053
  187   H  HA       4.6671
  187   H  HB2      3.1347
  187   H  HB3      3.3084
  187   H  HD2      5.6858
  187   H  HE1      6.7551
  188   I  N      129.3712
  188   I  CA      60.3133
  188   I  CB      36.0198
  188   I  C      176.4694
  188   I  H        8.1791
  188   I  HA       4.0002
  188   I  HB       1.8716
  188   I  HD11     0.8564
  188   I  HD12     0.8558
  188   I  HD13     0.8511
  188   I  HG12     1.2631
  188   I  HG13     0.5086
  188   I  HG21     0.9119
  188   I  HG22     0.9088
  188   I  HG23     0.9093
 *189   E  N      119.7271
 *189   E  CA      55.8806
 *189   E  CB      30.2538
 *189   E  C      174.8939
 *189   E  H        8.3515
 *189   E  HA       4.1624
 *189   E  HB2      1.7417
 *189   E  HB3      1.7800
 *189   E  HG2      2.1380
 *189   E  HG3      2.3812
