# Entries marked with a * may have inaccurate shift predictions.
# Entries marked with a value -666 should be igonored
# Output format adjusted by GV 11 September 2007
  171   V  N      114.0584
  171   V  CA      60.5994
  171   V  CB      32.9119
  171   V  C      174.2607
  171   V  H        7.8976
  171   V  HA       4.0516
  171   V  HB       2.0262
  171   V  HG11     0.9233
  171   V  HG12     0.9513
  171   V  HG13     0.2335
  171   V  HG21     0.7181
  171   V  HG22     0.9520
  171   V  HG23     0.9289
  172   P  CA      60.9339
  172   P  CB      33.1194
  172   P  C      176.9111
  172   P  HA       4.8598
  172   P  HB2      2.3099
  172   P  HB3      2.2128
  172   P  HD2      3.7151
  172   P  HD3      3.7903
  172   P  HG2      2.0214
  172   P  HG3      2.0644
  173   C  N      121.2295
  173   C  CA      59.9169
  173   C  CB      40.7523
  173   C  C      177.1631
  173   C  H        8.8020
  173   C  HA       4.2779
  173   C  HB2      3.0436
  173   C  HB3      3.3289
  174   S  N      115.0775
  174   S  CA      61.4835
  174   S  CB      62.2914
  174   S  C      175.8423
  174   S  H        8.2281
  174   S  HA       4.0728
  174   S  HB2      4.0190
  174   S  HB3      4.0322
  175   T  N      110.4339
  175   T  CA      62.6081
  175   T  CB      69.4458
  175   T  C      175.8165
  175   T  H        7.6646
  175   T  HA       4.4211
  175   T  HB       4.2427
  175   T  HG21     1.2140
  175   T  HG22     1.2166
  175   T  HG23     1.2151
  176   C  N      120.0945
  176   C  CA      58.0575
  176   C  CB      41.0705
  176   C  C      173.5099
  176   C  H        8.1803
  176   C  HA       4.3638
  176   C  HB2      3.1151
  176   C  HB3      3.2054
  177   E  N      116.7423
  177   E  CA      57.4073
  177   E  CB      28.4619
  177   E  C      175.4879
  177   E  H        8.9500
  177   E  HA       3.4855
  177   E  HB2      2.1355
  177   E  HB3      2.0297
  177   E  HG2      2.2268
  177   E  HG3      2.3776
  178   G  N      104.3534
  178   G  CA      46.1359
  178   G  C      173.5701
  178   G  H        8.3055
  178   G  HA    -666.0000
  178   G  HA2      3.9591
  178   G  HA3      3.9588
  179   N  N      119.0393
  179   N  CA      52.5191
  179   N  CB      39.2328
  179   N  C      175.2298
  179   N  H        8.1587
  179   N  HA       4.5801
  179   N  HB2      2.8803
  179   N  HB3      2.7315
  179   N  HD21     7.1239
  179   N  HD22     6.6813
  180   L  N      129.1721
  180   L  CA      57.2827
  180   L  CB      41.6144
  180   L  C      179.4449
  180   L  H        8.4596
  180   L  HA       3.9647
  180   L  HB2      1.7233
  180   L  HB3      1.7012
  180   L  HD11     0.9183
  180   L  HD12     0.9181
  180   L  HD13     0.9184
  180   L  HD21     0.2286
  180   L  HD22     1.8085
  180   L  HD23     0.8672
  180   L  HG       1.7020
  181   A  N      122.0420
  181   A  CA      54.6621
  181   A  CB      18.5953
  181   A  C      179.7090
  181   A  H        7.8465
  181   A  HA       3.9749
  181   A  HB1      1.3853
  181   A  HB2      1.3498
  181   A  HB3      1.3304
  182   C  N      116.6791
  182   C  CA      60.1073
  182   C  CB      43.4588
  182   C  C      175.8871
  182   C  H        7.9861
  182   C  HA       4.1470
  182   C  HB2      2.9961
  182   C  HB3      3.2248
  183   L  N      119.4380
  183   L  CA      57.7229
  183   L  CB      41.1953
  183   L  C      179.3353
  183   L  H        7.9881
  183   L  HA       3.9213
  183   L  HB2      1.8667
  183   L  HB3      1.7133
  183   L  HD11     0.9171
  183   L  HD12     0.9908
  183   L  HD13     0.9013
  183   L  HD21     0.4346
  183   L  HD22     2.3547
  183   L  HD23     0.9101
  183   L  HG       1.6918
  184   S  N      114.3641
  184   S  CA      61.5197
  184   S  CB      62.6505
  184   S  C      176.6456
  184   S  H        8.0123
  184   S  HA       4.2536
  184   S  HB2      4.0586
  184   S  HB3      4.2797
  185   L  N      121.9255
  185   L  CA      56.5343
  185   L  CB      41.5781
  185   L  C      174.9065
  185   L  H        7.5468
  185   L  HA       4.1438
  185   L  HB2      1.5743
  185   L  HB3      1.7423
  185   L  HD11     0.9087
  185   L  HD12     0.9097
  185   L  HD13     0.9119
  185   L  HD21     0.3486
  185   L  HD22     1.5025
  185   L  HD23     0.8614
  185   L  HG       1.7924
  186   C  N      111.7517
  186   C  CA      54.8638
  186   C  CB      42.0864
  186   C  C      171.6661
  186   C  H        7.2764
  186   C  HA       5.1504
  186   C  HB2      3.3341
  186   C  HB3      3.2617
  187   H  N      116.6135
  187   H  CA      56.2476
  187   H  CB      29.2663
  187   H  C      175.1253
  187   H  H        7.5957
  187   H  HA       4.4410
  187   H  HB2      3.1324
  187   H  HB3      3.2285
  187   H  HD2      5.8606
  187   H  HE1      6.9931
  188   I  N      123.4604
  188   I  CA      60.2878
  188   I  CB      41.8167
  188   I  C      175.7561
  188   I  H        7.3063
  188   I  HA       4.4840
  188   I  HB       1.8931
  188   I  HD11     0.8689
  188   I  HD12     0.8672
  188   I  HD13     0.8661
  188   I  HG12     1.2828
  188   I  HG13     0.7957
  188   I  HG21     0.9369
  188   I  HG22     0.9250
  188   I  HG23     0.9217
 *189   E  N      118.8058
 *189   E  CA      56.1939
 *189   E  CB      30.2523
 *189   E  C      176.7713
 *189   E  H        8.6420
 *189   E  HA       4.1708
 *189   E  HB2      1.7788
 *189   E  HB3      1.7525
 *189   E  HG2      2.1312
 *189   E  HG3      2.3767
