# Entries marked with a * may have inaccurate shift predictions.
# Entries marked with a value -666 should be igonored
# Output format adjusted by GV 11 September 2007
  171   V  N      114.0594
  171   V  CA      60.4531
  171   V  CB      34.0919
  171   V  C      175.8848
  171   V  H        8.0549
  171   V  HA       4.0910
  171   V  HB       2.1101
  171   V  HG11     0.9439
  171   V  HG12     0.9163
  171   V  HG13     0.8501
  171   V  HG21     1.0019
  171   V  HG22     0.9692
  171   V  HG23     0.9878
  172   P  CA      62.8091
  172   P  CB      31.4012
  172   P  C      176.3636
  172   P  HA       4.1125
  172   P  HB2      2.2673
  172   P  HB3      2.0322
  172   P  HD2      3.6207
  172   P  HD3      3.8093
  172   P  HG2      2.1386
  172   P  HG3      2.2109
  173   C  N      120.5991
  173   C  CA      60.0890
  173   C  CB      40.8043
  173   C  C      176.2985
  173   C  H        8.4086
  173   C  HA       4.3260
  173   C  HB2      3.2641
  173   C  HB3      3.1364
  174   S  N      114.7157
  174   S  CA      60.9211
  174   S  CB      62.4459
  174   S  C      175.5334
  174   S  H        8.1994
  174   S  HA       3.9981
  174   S  HB2      4.0202
  174   S  HB3      4.0170
  175   T  N      111.4662
  175   T  CA      62.7790
  175   T  CB      69.5737
  175   T  C      175.8982
  175   T  H        7.6474
  175   T  HA       4.3877
  175   T  HB       4.2447
  175   T  HG21     1.2144
  175   T  HG22     1.2170
  175   T  HG23     1.2158
  176   C  N      119.5712
  176   C  CA      58.2913
  176   C  CB      40.8419
  176   C  C      173.6770
  176   C  H        8.1317
  176   C  HA       4.3492
  176   C  HB2      2.9888
  176   C  HB3      3.2128
  177   E  N      116.5389
  177   E  CA      57.5653
  177   E  CB      26.9007
  177   E  C      175.4191
  177   E  H        8.9559
  177   E  HA       3.5329
  177   E  HB2      2.1326
  177   E  HB3      1.9949
  177   E  HG2      2.2524
  177   E  HG3      2.3092
  178   G  N      104.6358
  178   G  CA      45.2174
  178   G  C      173.4830
  178   G  H        8.4087
  178   G  HA    -666.0000
  178   G  HA2      3.9596
  178   G  HA3      3.9593
  179   N  N      118.9623
  179   N  CA      52.3786
  179   N  CB      39.4669
  179   N  C      175.2786
  179   N  H        7.8582
  179   N  HA       4.6056
  179   N  HB2      2.8446
  179   N  HB3      2.7296
  179   N  HD21     7.1482
  179   N  HD22     6.4458
  180   L  N      129.1597
  180   L  CA      57.3120
  180   L  CB      41.6525
  180   L  C      179.4356
  180   L  H        8.4644
  180   L  HA       3.9654
  180   L  HB2      1.7238
  180   L  HB3      1.7015
  180   L  HD11     0.9185
  180   L  HD12     0.9181
  180   L  HD13     0.9184
  180   L  HD21     0.2285
  180   L  HD22     2.0948
  180   L  HD23     0.8670
  180   L  HG       1.7279
  181   A  N      120.6888
  181   A  CA      55.1985
  181   A  CB      18.6181
  181   A  C      179.7141
  181   A  H        7.9070
  181   A  HA       3.9298
  181   A  HB1      1.3875
  181   A  HB2      1.3700
  181   A  HB3      1.3338
  182   C  N      116.2048
  182   C  CA      60.1207
  182   C  CB      43.5021
  182   C  C      175.8340
  182   C  H        7.9556
  182   C  HA       4.1078
  182   C  HB2      3.0245
  182   C  HB3      3.2228
  183   L  N      119.0398
  183   L  CA      57.9886
  183   L  CB      41.1875
  183   L  C      179.5343
  183   L  H        7.9446
  183   L  HA       3.9038
  183   L  HB2      1.8610
  183   L  HB3      1.7219
  183   L  HD11     0.9174
  183   L  HD12     0.9898
  183   L  HD13     0.9015
  183   L  HD21     0.4430
  183   L  HD22     2.2582
  183   L  HD23     0.8675
  183   L  HG       1.7041
  184   S  N      114.1749
  184   S  CA      61.4456
  184   S  CB      62.8833
  184   S  C      176.3346
  184   S  H        7.8085
  184   S  HA       4.2742
  184   S  HB2      4.0270
  184   S  HB3      3.9108
  185   L  N      120.2573
  185   L  CA      56.1226
  185   L  CB      41.5476
  185   L  C      174.9419
  185   L  H        7.6119
  185   L  HA       4.1670
  185   L  HB2      1.5686
  185   L  HB3      1.7121
  185   L  HD11     0.9175
  185   L  HD12     0.9184
  185   L  HD13     0.9175
  185   L  HD21     0.3569
  185   L  HD22     2.9701
  185   L  HD23     0.8636
  185   L  HG       1.7765
  186   C  N      112.6997
  186   C  CA      55.3938
  186   C  CB      41.4834
  186   C  C      172.6471
  186   C  H        7.0242
  186   C  HA       4.6247
  186   C  HB2      3.1267
  186   C  HB3      3.3304
  187   H  N      116.2232
  187   H  CA      54.7321
  187   H  CB      30.3192
  187   H  C      174.8501
  187   H  H        8.4497
  187   H  HA       4.7327
  187   H  HB2      3.1733
  187   H  HB3      3.2715
  187   H  HD2      5.7982
  187   H  HE1      6.7086
  188   I  N      127.0007
  188   I  CA      60.4561
  188   I  CB      36.9709
  188   I  C      176.4207
  188   I  H        8.4684
  188   I  HA       4.2309
  188   I  HB       1.8732
  188   I  HD11     0.8554
  188   I  HD12     0.8512
  188   I  HD13     0.8574
  188   I  HG12     1.1935
  188   I  HG13     0.7829
  188   I  HG21     0.9122
  188   I  HG22     0.9111
  188   I  HG23     0.9140
 *189   E  N      121.8702
 *189   E  CA      55.9258
 *189   E  CB      30.3085
 *189   E  C      174.0880
 *189   E  H        8.4517
 *189   E  HA       4.1349
 *189   E  HB2      1.7490
 *189   E  HB3      1.7780
 *189   E  HG2      2.1333
 *189   E  HG3      2.3804
