# Entries marked with a * may have inaccurate shift predictions.
# Entries marked with a value -666 should be igonored
# Output format adjusted by GV 11 September 2007
  171   V  N      120.3110
  171   V  CA      60.4165
  171   V  CB      33.6057
  171   V  C      175.1809
  171   V  H        8.0393
  171   V  HA       3.9469
  171   V  HB       2.1100
  171   V  HG11     0.9505
  171   V  HG12     0.9784
  171   V  HG13     0.9241
  171   V  HG21     1.0593
  171   V  HG22     1.0028
  171   V  HG23     1.0015
  172   P  CA      61.1469
  172   P  CB      30.5826
  172   P  C      175.3729
  172   P  HA       4.4276
  172   P  HB2      2.3181
  172   P  HB3      2.2676
  172   P  HD2      3.7145
  172   P  HD3      3.7720
  172   P  HG2      2.0216
  172   P  HG3      2.0503
  173   C  N      123.4894
  173   C  CA      60.1522
  173   C  CB      40.7749
  173   C  C      177.1944
  173   C  H        8.7124
  173   C  HA       4.1772
  173   C  HB2      3.0615
  173   C  HB3      3.1965
  174   S  N      114.5345
  174   S  CA      60.9651
  174   S  CB      62.3497
  174   S  C      175.5494
  174   S  H        8.2247
  174   S  HA       3.9359
  174   S  HB2      4.0168
  174   S  HB3      4.0204
  175   T  N      111.6790
  175   T  CA      62.9486
  175   T  CB      69.5026
  175   T  C      176.0116
  175   T  H        7.7577
  175   T  HA       4.3571
  175   T  HB       4.2396
  175   T  HG21     1.2108
  175   T  HG22     1.2113
  175   T  HG23     1.2110
  176   C  N      119.4022
  176   C  CA      58.6855
  176   C  CB      40.8164
  176   C  C      174.1135
  176   C  H        7.9127
  176   C  HA       4.3328
  176   C  HB2      3.1326
  176   C  HB3      3.2077
  177   E  N      116.8220
  177   E  CA      57.5689
  177   E  CB      26.3777
  177   E  C      175.2984
  177   E  H        9.4450
  177   E  HA       3.5470
  177   E  HB2      2.0844
  177   E  HB3      1.9913
  177   E  HG2      2.2200
  177   E  HG3      2.3596
  178   G  N      104.6445
  178   G  CA      45.1985
  178   G  C      173.4330
  178   G  H        8.3889
  178   G  HA    -666.0000
  178   G  HA2      3.9580
  178   G  HA3      3.9576
  179   N  N      119.0615
  179   N  CA      52.4518
  179   N  CB      39.4042
  179   N  C      175.3295
  179   N  H        7.8716
  179   N  HA       4.5985
  179   N  HB2      2.8382
  179   N  HB3      2.7235
  179   N  HD21     7.1434
  179   N  HD22     6.4865
  180   L  N      129.0720
  180   L  CA      57.2903
  180   L  CB      41.6347
  180   L  C      179.4381
  180   L  H        8.4694
  180   L  HA       4.0048
  180   L  HB2      1.7225
  180   L  HB3      1.6989
  180   L  HD11     0.9176
  180   L  HD12     0.9174
  180   L  HD13     0.9177
  180   L  HD21     0.2363
  180   L  HD22     1.6525
  180   L  HD23     0.8659
  180   L  HG       1.7152
  181   A  N      120.7570
  181   A  CA      55.2024
  181   A  CB      18.2253
  181   A  C      179.7255
  181   A  H        7.8980
  181   A  HA       3.9158
  181   A  HB1      1.3850
  181   A  HB2      1.3513
  181   A  HB3      1.3298
  182   C  N      116.3501
  182   C  CA      60.0901
  182   C  CB      43.4560
  182   C  C      175.8731
  182   C  H        7.9725
  182   C  HA       4.1409
  182   C  HB2      3.0163
  182   C  HB3      3.2178
  183   L  N      119.3721
  183   L  CA      57.8544
  183   L  CB      41.2330
  183   L  C      179.2626
  183   L  H        8.0188
  183   L  HA       3.8383
  183   L  HB2      1.8591
  183   L  HB3      1.7086
  183   L  HD11     0.9146
  183   L  HD12     0.9863
  183   L  HD13     0.9150
  183   L  HD21     0.3217
  183   L  HD22     1.2741
  183   L  HD23     0.8626
  183   L  HG       1.6673
  184   S  N      112.1559
  184   S  CA      60.9260
  184   S  CB      62.3202
  184   S  C      175.8424
  184   S  H        7.8506
  184   S  HA       4.2120
  184   S  HB2      3.9968
  184   S  HB3      4.0293
  185   L  N      121.8291
  185   L  CA      56.6785
  185   L  CB      41.6315
  185   L  C      174.7123
  185   L  H        7.5739
  185   L  HA       4.1544
  185   L  HB2      1.6999
  185   L  HB3      1.6935
  185   L  HD11     0.9123
  185   L  HD12     0.9141
  185   L  HD13     0.9141
  185   L  HD21     0.2349
  185   L  HD22     1.4660
  185   L  HD23     0.8630
  185   L  HG       1.8061
  186   C  N      112.4661
  186   C  CA      54.3168
  186   C  CB      43.6034
  186   C  C      171.9415
  186   C  H        7.4970
  186   C  HA       4.6218
  186   C  HB2      3.1354
  186   C  HB3      3.0438
  187   H  N      116.6116
  187   H  CA      54.3523
  187   H  CB      29.3061
  187   H  C      174.9290
  187   H  H        8.2271
  187   H  HA       4.6357
  187   H  HB2      3.1207
  187   H  HB3      3.2933
  187   H  HD2      5.8814
  187   H  HE1      6.8398
  188   I  N      128.1932
  188   I  CA      60.5440
  188   I  CB      37.7084
  188   I  C      176.2873
  188   I  H        8.3168
  188   I  HA       4.0344
  188   I  HB       1.8690
  188   I  HD11     0.8517
  188   I  HD12     0.8537
  188   I  HD13     0.8472
  188   I  HG12     1.2624
  188   I  HG13     0.5770
  188   I  HG21     0.9116
  188   I  HG22     0.9087
  188   I  HG23     0.9084
 *189   E  N      120.7627
 *189   E  CA      56.1036
 *189   E  CB      30.2530
 *189   E  C      172.0014
 *189   E  H        8.6934
 *189   E  HA       4.1622
 *189   E  HB2      1.7383
 *189   E  HB3      1.7691
 *189   E  HG2      2.1365
 *189   E  HG3      2.3862
