# Entries marked with a * may have inaccurate shift predictions.
# Entries marked with a value -666 should be igonored
# Output format adjusted by GV 11 September 2007
  171   V  N      120.3081
  171   V  CA      60.4367
  171   V  CB      33.7271
  171   V  C      174.5656
  171   V  H        7.8976
  171   V  HA       3.9052
  171   V  HB       1.9612
  171   V  HG11     0.9442
  171   V  HG12     0.9928
  171   V  HG13     0.3408
  171   V  HG21     0.5374
  171   V  HG22     1.0324
  171   V  HG23     0.8255
  172   P  CA      61.1352
  172   P  CB      30.8846
  172   P  C      175.4867
  172   P  HA       4.4571
  172   P  HB2      2.3359
  172   P  HB3      2.2882
  172   P  HD2      3.7169
  172   P  HD3      3.7791
  172   P  HG2      2.0344
  172   P  HG3      2.0640
  173   C  N      123.0185
  173   C  CA      60.0543
  173   C  CB      40.8014
  173   C  C      177.2081
  173   C  H        8.8207
  173   C  HA       4.2127
  173   C  HB2      3.1480
  173   C  HB3      3.2047
  174   S  N      114.3631
  174   S  CA      60.8561
  174   S  CB      62.3887
  174   S  C      175.4369
  174   S  H        8.2227
  174   S  HA       4.1120
  174   S  HB2      4.0209
  174   S  HB3      4.0208
  175   T  N      111.8133
  175   T  CA      62.9896
  175   T  CB      69.8241
  175   T  C      175.8601
  175   T  H        7.7232
  175   T  HA       4.3945
  175   T  HB       4.2436
  175   T  HG21     1.2150
  175   T  HG22     1.2183
  175   T  HG23     1.2163
  176   C  N      119.2814
  176   C  CA      58.6028
  176   C  CB      40.8861
  176   C  C      173.8733
  176   C  H        8.1311
  176   C  HA       4.3469
  176   C  HB2      3.1221
  176   C  HB3      3.2123
  177   E  N      116.8565
  177   E  CA      57.5676
  177   E  CB      27.0138
  177   E  C      175.5014
  177   E  H        8.9735
  177   E  HA       3.7245
  177   E  HB2      2.0957
  177   E  HB3      1.9786
  177   E  HG2      2.3265
  177   E  HG3      2.3784
  178   G  N      104.2347
  178   G  CA      45.1924
  178   G  C      173.4992
  178   G  H        8.3556
  178   G  HA    -666.0000
  178   G  HA2      3.9601
  178   G  HA3      3.9601
  179   N  N      119.2199
  179   N  CA      52.4168
  179   N  CB      39.3151
  179   N  C      175.2769
  179   N  H        7.9486
  179   N  HA       4.6012
  179   N  HB2      2.8025
  179   N  HB3      2.7297
  179   N  HD21     7.1383
  179   N  HD22     6.6732
  180   L  N      129.1122
  180   L  CA      57.2287
  180   L  CB      41.6182
  180   L  C      179.4278
  180   L  H        8.4552
  180   L  HA       3.9733
  180   L  HB2      1.7245
  180   L  HB3      1.7019
  180   L  HD11     0.9191
  180   L  HD12     0.9190
  180   L  HD13     0.9193
  180   L  HD21     0.2312
  180   L  HD22     1.6504
  180   L  HD23     0.8685
  180   L  HG       1.7206
  181   A  N      120.7668
  181   A  CA      55.2218
  181   A  CB      18.3003
  181   A  C      179.6576
  181   A  H        7.9038
  181   A  HA       3.8984
  181   A  HB1      1.3861
  181   A  HB2      1.3625
  181   A  HB3      1.3317
  182   C  N      114.6661
  182   C  CA      60.1426
  182   C  CB      42.2188
  182   C  C      175.6220
  182   C  H        7.7173
  182   C  HA       4.0927
  182   C  HB2      3.0015
  182   C  HB3      3.2688
  183   L  N      120.5103
  183   L  CA      57.8498
  183   L  CB      40.9319
  183   L  C      179.5111
  183   L  H        8.1767
  183   L  HA       3.9876
  183   L  HB2      1.9326
  183   L  HB3      1.6990
  183   L  HD11     0.9195
  183   L  HD12     0.9939
  183   L  HD13     0.9045
  183   L  HD21     0.0133
  183   L  HD22     2.3852
  183   L  HD23     0.8711
  183   L  HG       1.6740
  184   S  N      112.3050
  184   S  CA      61.0863
  184   S  CB      62.3457
  184   S  C      175.8777
  184   S  H        7.9390
  184   S  HA       4.1095
  184   S  HB2      3.9933
  184   S  HB3      4.0030
  185   L  N      121.4553
  185   L  CA      57.2107
  185   L  CB      41.6189
  185   L  C      174.8820
  185   L  H        7.5898
  185   L  HA       4.1604
  185   L  HB2      1.6941
  185   L  HB3      1.6854
  185   L  HD11     0.9091
  185   L  HD12     0.9088
  185   L  HD13     0.9119
  185   L  HD21     0.3064
  185   L  HD22     2.5429
  185   L  HD23     0.8581
  185   L  HG       1.7972
  186   C  N      111.7128
  186   C  CA      54.4568
  186   C  CB      42.9806
  186   C  C      172.0526
  186   C  H        7.3902
  186   C  HA       5.0694
  186   C  HB2      3.3959
  186   C  HB3      3.2780
  187   H  N      117.0721
  187   H  CA      54.9981
  187   H  CB      28.4388
  187   H  C      176.0766
  187   H  H        8.2716
  187   H  HA       4.7125
  187   H  HB2      3.1274
  187   H  HB3      3.3104
  187   H  HD2      5.8800
  187   H  HE1      6.7350
  188   I  N      129.8203
  188   I  CA      60.2065
  188   I  CB      35.8495
  188   I  C      176.5377
  188   I  H        8.1285
  188   I  HA       4.0405
  188   I  HB       1.8760
  188   I  HD11     0.8595
  188   I  HD12     0.8601
  188   I  HD13     0.8562
  188   I  HG12     1.2747
  188   I  HG13     0.5257
  188   I  HG21     0.9157
  188   I  HG22     0.9151
  188   I  HG23     0.9133
 *189   E  N      119.2708
 *189   E  CA      55.8640
 *189   E  CB      30.2529
 *189   E  C      175.8263
 *189   E  H        8.2231
 *189   E  HA       4.1606
 *189   E  HB2      1.7441
 *189   E  HB3      1.7709
 *189   E  HG2      2.1296
 *189   E  HG3      2.3766
