# Entries marked with a * may have inaccurate shift predictions.
# Entries marked with a value -666 should be igonored
# Output format adjusted by GV 11 September 2007
  171   V  N      120.4472
  171   V  CA      60.6219
  171   V  CB      34.6928
  171   V  C      174.5912
  171   V  H        7.8976
  171   V  HA       4.1112
  171   V  HB       1.9475
  171   V  HG11     0.9446
  171   V  HG12     0.9231
  171   V  HG13     0.4250
  171   V  HG21     0.5019
  171   V  HG22     1.0374
  171   V  HG23     0.8315
  172   P  CA      61.1783
  172   P  CB      31.3953
  172   P  C      175.5288
  172   P  HA       4.6662
  172   P  HB2      2.3427
  172   P  HB3      2.3024
  172   P  HD2      3.7189
  172   P  HD3      3.7812
  172   P  HG2      2.0436
  172   P  HG3      2.0710
  173   C  N      122.9762
  173   C  CA      60.1385
  173   C  CB      40.7607
  173   C  C      177.2767
  173   C  H        8.8442
  173   C  HA       4.2054
  173   C  HB2      3.1734
  173   C  HB3      3.2050
  174   S  N      114.6771
  174   S  CA      61.4462
  174   S  CB      62.2675
  174   S  C      175.8951
  174   S  H        8.2290
  174   S  HA       3.9791
  174   S  HB2      4.0205
  174   S  HB3      4.0301
  175   T  N      111.6612
  175   T  CA      63.5199
  175   T  CB      69.5296
  175   T  C      176.1562
  175   T  H        7.7530
  175   T  HA       4.2783
  175   T  HB       4.2444
  175   T  HG21     1.2158
  175   T  HG22     1.2200
  175   T  HG23     1.2175
  176   C  N      119.5078
  176   C  CA      58.4408
  176   C  CB      40.6449
  176   C  C      174.0624
  176   C  H        8.1895
  176   C  HA       4.3700
  176   C  HB2      3.1315
  176   C  HB3      3.2176
  177   E  N      115.8794
  177   E  CA      57.6238
  177   E  CB      28.4551
  177   E  C      175.3468
  177   E  H        9.1019
  177   E  HA       3.6482
  177   E  HB2      2.1734
  177   E  HB3      2.2075
  177   E  HG2      2.3838
  177   E  HG3      2.2326
  178   G  N      104.4365
  178   G  CA      46.3745
  178   G  C      174.0657
  178   G  H        8.3790
  178   G  HA    -666.0000
  178   G  HA2      3.9600
  178   G  HA3      3.9599
  179   N  N      118.9561
  179   N  CA      52.5171
  179   N  CB      39.2148
  179   N  C      175.2110
  179   N  H        8.1963
  179   N  HA       4.5828
  179   N  HB2      2.8894
  179   N  HB3      2.7334
  179   N  HD21     7.1030
  179   N  HD22     6.5682
  180   L  N      129.1596
  180   L  CA      57.2551
  180   L  CB      41.6177
  180   L  C      179.4386
  180   L  H        8.4557
  180   L  HA       3.9674
  180   L  HB2      1.7241
  180   L  HB3      1.7023
  180   L  HD11     0.9189
  180   L  HD12     0.9188
  180   L  HD13     0.9191
  180   L  HD21     0.2276
  180   L  HD22     1.8522
  180   L  HD23     0.8683
  180   L  HG       1.7048
  181   A  N      120.7351
  181   A  CA      55.1999
  181   A  CB      18.2437
  181   A  C      179.6832
  181   A  H        7.9023
  181   A  HA       3.9018
  181   A  HB1      1.3858
  181   A  HB2      1.3530
  181   A  HB3      1.3312
  182   C  N      116.8554
  182   C  CA      60.1298
  182   C  CB      43.4669
  182   C  C      175.9071
  182   C  H        7.9932
  182   C  HA       4.1243
  182   C  HB2      2.9829
  182   C  HB3      3.2315
  183   L  N      119.0969
  183   L  CA      57.8703
  183   L  CB      41.2193
  183   L  C      179.2562
  183   L  H        7.9374
  183   L  HA       3.7191
  183   L  HB2      1.8633
  183   L  HB3      1.7161
  183   L  HD11     0.9190
  183   L  HD12     0.9960
  183   L  HD13     0.9035
  183   L  HD21     0.3498
  183   L  HD22     2.3494
  183   L  HD23     0.8707
  183   L  HG       1.6807
  184   S  N      112.3266
  184   S  CA      61.0909
  184   S  CB      62.3652
  184   S  C      175.8347
  184   S  H        7.9021
  184   S  HA       4.2279
  184   S  HB2      4.0024
  184   S  HB3      4.0152
  185   L  N      121.4221
  185   L  CA      57.0232
  185   L  CB      41.6625
  185   L  C      174.7998
  185   L  H        7.5776
  185   L  HA       4.1794
  185   L  HB2      1.5771
  185   L  HB3      1.6835
  185   L  HD11     0.9078
  185   L  HD12     0.9081
  185   L  HD13     0.9113
  185   L  HD21     0.3122
  185   L  HD22     1.5533
  185   L  HD23     0.8586
  185   L  HG       1.7993
  186   C  N      112.0505
  186   C  CA      54.5079
  186   C  CB      42.9898
  186   C  C      171.8678
  186   C  H        7.3773
  186   C  HA       5.1599
  186   C  HB2      3.3099
  186   C  HB3      3.2903
  187   H  N      116.7937
  187   H  CA      54.9569
  187   H  CB      29.2304
  187   H  C      174.9037
  187   H  H        8.2245
  187   H  HA       4.8116
  187   H  HB2      3.1258
  187   H  HB3      3.2938
  187   H  HD2      5.8804
  187   H  HE1      6.8011
  188   I  N      127.7184
  188   I  CA      63.7512
  188   I  CB      38.0918
  188   I  C      176.3220
  188   I  H        8.5605
  188   I  HA       3.9518
  188   I  HB       1.8771
  188   I  HD11     0.8597
  188   I  HD12     0.8545
  188   I  HD13     0.8563
  188   I  HG12     1.2749
  188   I  HG13     0.4013
  188   I  HG21     0.9163
  188   I  HG22     0.9158
  188   I  HG23     0.9139
 *189   E  N      118.7103
 *189   E  CA      56.0929
 *189   E  CB      30.2529
 *189   E  C      177.2668
 *189   E  H        8.0051
 *189   E  HA       4.1586
 *189   E  HB2      1.7414
 *189   E  HB3      1.7683
 *189   E  HG2      2.1327
 *189   E  HG3      2.3809
