# Entries marked with a * may have inaccurate shift predictions.
# Entries marked with a value -666 should be igonored
# Output format adjusted by GV 11 September 2007
  171   V  N      114.0576
  171   V  CA      60.7403
  171   V  CB      32.4311
  171   V  C      173.0741
  171   V  H        8.0393
  171   V  HA       4.0095
  171   V  HB       2.0858
  171   V  HG11     0.9318
  171   V  HG12     0.9613
  171   V  HG13     0.8359
  171   V  HG21     0.9673
  171   V  HG22     1.0330
  171   V  HG23     0.9611
  172   P  CA      60.6711
  172   P  CB      32.1663
  172   P  C      176.7763
  172   P  HA       4.5407
  172   P  HB2      2.2905
  172   P  HB3      2.1964
  172   P  HD2      3.7079
  172   P  HD3      3.7717
  172   P  HG2      2.0029
  172   P  HG3      2.0502
  173   C  N      122.4325
  173   C  CA      59.9002
  173   C  CB      40.7862
  173   C  C      177.1811
  173   C  H        8.7811
  173   C  HA       4.2530
  173   C  HB2      3.0657
  173   C  HB3      3.1870
  174   S  N      114.7061
  174   S  CA      61.0058
  174   S  CB      62.3292
  174   S  C      175.5702
  174   S  H        8.2259
  174   S  HA       3.9646
  174   S  HB2      4.0166
  174   S  HB3      4.0233
  175   T  N      111.4676
  175   T  CA      62.8151
  175   T  CB      69.6285
  175   T  C      175.9213
  175   T  H        7.6236
  175   T  HA       4.3765
  175   T  HB       4.2392
  175   T  HG21     1.2105
  175   T  HG22     1.2109
  175   T  HG23     1.2107
  176   C  N      119.0973
  176   C  CA      58.4400
  176   C  CB      40.7194
  176   C  C      173.9625
  176   C  H        7.8991
  176   C  HA       4.3447
  176   C  HB2      3.1531
  176   C  HB3      3.2086
  177   E  N      117.1684
  177   E  CA      57.5377
  177   E  CB      26.4475
  177   E  C      175.2994
  177   E  H        9.4648
  177   E  HA       3.7580
  177   E  HB2      2.0785
  177   E  HB3      1.9882
  177   E  HG2      2.2213
  177   E  HG3      2.3582
  178   G  N      104.5028
  178   G  CA      45.2250
  178   G  C      173.4812
  178   G  H        8.4069
  178   G  HA    -666.0000
  178   G  HA2      3.9579
  178   G  HA3      3.9574
  179   N  N      119.1272
  179   N  CA      52.4237
  179   N  CB      39.4020
  179   N  C      175.3532
  179   N  H        7.9222
  179   N  HA       4.6014
  179   N  HB2      2.8029
  179   N  HB3      2.7233
  179   N  HD21     7.1541
  179   N  HD22     7.2708
  180   L  N      129.0483
  180   L  CA      57.2429
  180   L  CB      41.6268
  180   L  C      179.4304
  180   L  H        8.4616
  180   L  HA       3.9899
  180   L  HB2      1.7227
  180   L  HB3      1.6989
  180   L  HD11     0.9177
  180   L  HD12     0.9175
  180   L  HD13     0.9178
  180   L  HD21     0.2366
  180   L  HD22     1.6949
  180   L  HD23     0.8662
  180   L  HG       1.7166
  181   A  N      120.7967
  181   A  CA      55.1978
  181   A  CB      18.4422
  181   A  C      179.6927
  181   A  H        7.8974
  181   A  HA       3.9126
  181   A  HB1      1.3849
  181   A  HB2      1.3485
  181   A  HB3      1.3293
  182   C  N      116.3870
  182   C  CA      60.1225
  182   C  CB      43.4477
  182   C  C      175.9273
  182   C  H        7.9678
  182   C  HA       4.1068
  182   C  HB2      3.0137
  182   C  HB3      3.2235
  183   L  N      119.2868
  183   L  CA      57.8023
  183   L  CB      41.2294
  183   L  C      179.2272
  183   L  H        8.0006
  183   L  HA       3.8597
  183   L  HB2      1.8582
  183   L  HB3      1.7081
  183   L  HD11     0.9147
  183   L  HD12     0.9886
  183   L  HD13     0.9149
  183   L  HD21     0.3252
  183   L  HD22     1.5941
  183   L  HD23     0.8623
  183   L  HG       1.6586
  184   S  N      112.1573
  184   S  CA      60.7141
  184   S  CB      62.3139
  184   S  C      175.9736
  184   S  H        7.8454
  184   S  HA       4.2243
  184   S  HB2      3.9919
  184   S  HB3      4.0171
  185   L  N      121.6836
  185   L  CA      57.0256
  185   L  CB      41.7096
  185   L  C      175.0135
  185   L  H        7.4954
  185   L  HA       4.1484
  185   L  HB2      1.7081
  185   L  HB3      1.6863
  185   L  HD11     0.9109
  185   L  HD12     0.9130
  185   L  HD13     0.9134
  185   L  HD21     0.2945
  185   L  HD22     2.3999
  185   L  HD23     0.8626
  185   L  HG       1.8083
  186   C  N      111.6117
  186   C  CA      54.8653
  186   C  CB      42.9343
  186   C  C      172.0213
  186   C  H        7.4763
  186   C  HA       4.5287
  186   C  HB2      3.0560
  186   C  HB3      3.0658
  187   H  N      116.8298
  187   H  CA      54.5775
  187   H  CB      29.1512
  187   H  C      176.3127
  187   H  H        8.1606
  187   H  HA       4.7280
  187   H  HB2      3.1779
  187   H  HB3      3.2957
  187   H  HD2      5.8820
  187   H  HE1      6.8152
  188   I  N      129.2320
  188   I  CA      60.3520
  188   I  CB      35.8100
  188   I  C      176.3292
  188   I  H        8.1551
  188   I  HA       3.9969
  188   I  HB       1.8703
  188   I  HD11     0.8538
  188   I  HD12     0.8548
  188   I  HD13     0.8491
  188   I  HG12     1.2638
  188   I  HG13     0.5774
  188   I  HG21     0.9121
  188   I  HG22     0.9094
  188   I  HG23     0.9091
 *189   E  N      119.3299
 *189   E  CA      55.8635
 *189   E  CB      30.2544
 *189   E  C      175.7175
 *189   E  H        8.2339
 *189   E  HA       4.1621
 *189   E  HB2      1.7488
 *189   E  HB3      1.7734
 *189   E  HG2      2.1448
 *189   E  HG3      2.4079
