# Entries marked with a * may have inaccurate shift predictions.
# Entries marked with a value -666 should be igonored
# Output format adjusted by GV 11 September 2007
  171   V  N      114.0585
  171   V  CA      60.6618
  171   V  CB      32.5048
  171   V  C      172.2859
  171   V  H        7.8976
  171   V  HA       4.0421
  171   V  HB       2.0148
  171   V  HG11     0.9233
  171   V  HG12     0.9495
  171   V  HG13     0.5744
  171   V  HG21     0.6787
  171   V  HG22     0.9442
  171   V  HG23     0.9112
  172   P  CA      60.4428
  172   P  CB      33.4259
  172   P  C      176.7350
  172   P  HA       4.8936
  172   P  HB2      2.3754
  172   P  HB3      2.2023
  172   P  HD2      3.4451
  172   P  HD3      3.7786
  172   P  HG2      1.9986
  172   P  HG3      2.1858
  173   C  N      121.7761
  173   C  CA      59.9135
  173   C  CB      40.8387
  173   C  C      177.1647
  173   C  H        8.7913
  173   C  HA       4.3113
  173   C  HB2      3.1420
  173   C  HB3      3.1841
  174   S  N      114.8868
  174   S  CA      61.4585
  174   S  CB      62.3089
  174   S  C      175.8991
  174   S  H        8.2005
  174   S  HA       3.9933
  174   S  HB2      4.0200
  174   S  HB3      4.0267
  175   T  N      111.0511
  175   T  CA      63.4196
  175   T  CB      69.5573
  175   T  C      176.1718
  175   T  H        7.5537
  175   T  HA       4.2796
  175   T  HB       4.2435
  175   T  HG21     1.2145
  175   T  HG22     1.2175
  175   T  HG23     1.2159
  176   C  N      119.6361
  176   C  CA      58.3680
  176   C  CB      40.7132
  176   C  C      173.9078
  176   C  H        8.1896
  176   C  HA       4.3685
  176   C  HB2      3.1259
  176   C  HB3      3.2157
  177   E  N      116.0432
  177   E  CA      57.5785
  177   E  CB      28.4406
  177   E  C      175.3526
  177   E  H        9.1529
  177   E  HA       3.7986
  177   E  HB2      2.2141
  177   E  HB3      2.2075
  177   E  HG2      2.3639
  177   E  HG3      2.2321
  178   G  N      104.2691
  178   G  CA      46.3085
  178   G  C      173.9024
  178   G  H        8.3576
  178   G  HA    -666.0000
  178   G  HA2      3.9595
  178   G  HA3      3.9593
  179   N  N      118.8532
  179   N  CA      52.4853
  179   N  CB      39.3213
  179   N  C      175.2309
  179   N  H        8.1616
  179   N  HA       4.5892
  179   N  HB2      2.8948
  179   N  HB3      2.7309
  179   N  HD21     7.1078
  179   N  HD22     6.2043
  180   L  N      129.1470
  180   L  CA      57.2561
  180   L  CB      41.6699
  180   L  C      179.4399
  180   L  H        8.4599
  180   L  HA       3.9682
  180   L  HB2      1.7236
  180   L  HB3      1.7017
  180   L  HD11     0.9185
  180   L  HD12     0.9183
  180   L  HD13     0.9187
  180   L  HD21     0.2285
  180   L  HD22     1.9988
  180   L  HD23     0.8676
  180   L  HG       1.7108
  181   A  N      120.7360
  181   A  CA      55.2133
  181   A  CB      18.0068
  181   A  C      179.6973
  181   A  H        7.9012
  181   A  HA       3.9078
  181   A  HB1      1.3856
  181   A  HB2      1.3610
  181   A  HB3      1.3310
  182   C  N      116.1079
  182   C  CA      60.1148
  182   C  CB      43.4722
  182   C  C      175.8897
  182   C  H        7.9453
  182   C  HA       4.1018
  182   C  HB2      3.0267
  182   C  HB3      3.2266
  183   L  N      119.1419
  183   L  CA      57.8776
  183   L  CB      41.2168
  183   L  C      179.2516
  183   L  H        7.9446
  183   L  HA       3.9005
  183   L  HB2      1.8585
  183   L  HB3      1.7147
  183   L  HD11     0.9179
  183   L  HD12     0.9934
  183   L  HD13     0.9011
  183   L  HD21     0.3454
  183   L  HD22     2.2615
  183   L  HD23     0.8683
  183   L  HG       1.6813
  184   S  N      112.2325
  184   S  CA      61.1173
  184   S  CB      62.3550
  184   S  C      175.8816
  184   S  H        7.8729
  184   S  HA       4.2308
  184   S  HB2      4.0042
  184   S  HB3      4.0133
  185   L  N      121.2406
  185   L  CA      56.9197
  185   L  CB      41.5874
  185   L  C      174.8612
  185   L  H        7.6169
  185   L  HA       4.1602
  185   L  HB2      1.7184
  185   L  HB3      1.6848
  185   L  HD11     0.9093
  185   L  HD12     0.9097
  185   L  HD13     0.9121
  185   L  HD21     0.3077
  185   L  HD22     2.9314
  185   L  HD23     0.8586
  185   L  HG       1.7947
  186   C  N      111.2308
  186   C  CA      54.7736
  186   C  CB      42.5572
  186   C  C      172.1855
  186   C  H        7.3903
  186   C  HA       5.0096
  186   C  HB2      3.2419
  186   C  HB3      3.2763
  187   H  N      116.9463
  187   H  CA      54.8805
  187   H  CB      28.0642
  187   H  C      174.6507
  187   H  H        8.1803
  187   H  HA       4.6848
  187   H  HB2      3.1362
  187   H  HB3      3.3081
  187   H  HD2      5.8799
  187   H  HE1      6.7456
  188   I  N      128.4411
  188   I  CA      63.3921
  188   I  CB      38.4276
  188   I  C      176.4902
  188   I  H        7.9011
  188   I  HA       3.9280
  188   I  HB       1.8736
  188   I  HD11     0.8567
  188   I  HD12     0.8577
  188   I  HD13     0.8529
  188   I  HG12     1.2707
  188   I  HG13     0.5201
  188   I  HG21     0.9144
  188   I  HG22     0.9132
  188   I  HG23     0.9117
 *189   E  N      121.3403
 *189   E  CA      56.2715
 *189   E  CB      30.2525
 *189   E  C      177.8342
 *189   E  H        7.8442
 *189   E  HA       4.1591
 *189   E  HB2      1.7369
 *189   E  HB3      1.7678
 *189   E  HG2      2.1343
 *189   E  HG3      2.3784
