# Entries marked with a * may have inaccurate shift predictions.
# Entries marked with a value -666 should be igonored
# Output format adjusted by GV 11 September 2007
  171   V  N      120.4473
  171   V  CA      60.6281
  171   V  CB      34.6791
  171   V  C      174.6014
  171   V  H        7.8976
  171   V  HA       4.1118
  171   V  HB       1.9502
  171   V  HG11     0.9427
  171   V  HG12     0.9179
  171   V  HG13     0.3479
  171   V  HG21     0.5086
  171   V  HG22     1.0323
  171   V  HG23     0.8255
  172   P  CA      61.1832
  172   P  CB      30.8240
  172   P  C      175.5387
  172   P  HA       4.4663
  172   P  HB2      2.3402
  172   P  HB3      2.2973
  172   P  HD2      3.7173
  172   P  HD3      3.7795
  172   P  HG2      2.0430
  172   P  HG3      2.0672
  173   C  N      123.0301
  173   C  CA      60.0659
  173   C  CB      40.8116
  173   C  C      177.1977
  173   C  H        8.8390
  173   C  HA       4.2084
  173   C  HB2      3.2522
  173   C  HB3      3.2059
  174   S  N      115.2855
  174   S  CA      60.7912
  174   S  CB      62.4087
  174   S  C      175.5701
  174   S  H        7.4247
  174   S  HA       4.1279
  174   S  HB2      4.0552
  174   S  HB3      4.0190
  175   T  N      111.8607
  175   T  CA      62.9550
  175   T  CB      69.8897
  175   T  C      175.8199
  175   T  H        7.7298
  175   T  HA       4.4048
  175   T  HB       4.2441
  175   T  HG21     1.2157
  175   T  HG22     1.2196
  175   T  HG23     1.2171
  176   C  N      119.2663
  176   C  CA      58.6579
  176   C  CB      40.8546
  176   C  C      173.9420
  176   C  H        8.1327
  176   C  HA       4.3480
  176   C  HB2      3.1230
  176   C  HB3      3.2116
  177   E  N      116.8074
  177   E  CA      57.6005
  177   E  CB      27.0273
  177   E  C      175.4956
  177   E  H        8.9747
  177   E  HA       3.6586
  177   E  HB2      2.0965
  177   E  HB3      1.9802
  177   E  HG2      2.3214
  177   E  HG3      2.3786
  178   G  N      104.1540
  178   G  CA      45.2049
  178   G  C      173.5909
  178   G  H        8.3646
  178   G  HA    -666.0000
  178   G  HA2      3.9602
  178   G  HA3      3.9602
  179   N  N      119.2810
  179   N  CA      52.4058
  179   N  CB      39.3197
  179   N  C      175.2659
  179   N  H        7.9573
  179   N  HA       4.6035
  179   N  HB2      2.8047
  179   N  HB3      2.7296
  179   N  HD21     7.1364
  179   N  HD22     6.5226
  180   L  N      129.1363
  180   L  CA      57.2591
  180   L  CB      41.6199
  180   L  C      179.4247
  180   L  H        8.4562
  180   L  HA       3.9711
  180   L  HB2      1.7245
  180   L  HB3      1.7019
  180   L  HD11     0.9191
  180   L  HD12     0.9190
  180   L  HD13     0.9194
  180   L  HD21     0.2301
  180   L  HD22     1.5932
  180   L  HD23     0.8686
  180   L  HG       1.7244
  181   A  N      120.7328
  181   A  CA      55.2271
  181   A  CB      18.2933
  181   A  C      179.6583
  181   A  H        7.9059
  181   A  HA       3.9012
  181   A  HB1      1.3861
  181   A  HB2      1.3632
  181   A  HB3      1.3324
  182   C  N      114.6176
  182   C  CA      60.1489
  182   C  CB      42.2192
  182   C  C      175.6375
  182   C  H        7.7144
  182   C  HA       4.0895
  182   C  HB2      3.0035
  182   C  HB3      3.2708
  183   L  N      120.4829
  183   L  CA      57.8370
  183   L  CB      40.9233
  183   L  C      179.5108
  183   L  H        8.1715
  183   L  HA       3.9806
  183   L  HB2      1.9361
  183   L  HB3      1.6992
  183   L  HD11     0.9196
  183   L  HD12     0.9951
  183   L  HD13     0.9048
  183   L  HD21     0.0134
  183   L  HD22     2.3802
  183   L  HD23     0.8710
  183   L  HG       1.6736
  184   S  N      112.3794
  184   S  CA      61.1114
  184   S  CB      62.3609
  184   S  C      175.8819
  184   S  H        7.9461
  184   S  HA       4.0739
  184   S  HB2      3.9911
  184   S  HB3      4.0050
  185   L  N      121.2824
  185   L  CA      57.2716
  185   L  CB      41.6216
  185   L  C      174.7056
  185   L  H        7.6039
  185   L  HA       4.1615
  185   L  HB2      1.5852
  185   L  HB3      1.6867
  185   L  HD11     0.9087
  185   L  HD12     0.9086
  185   L  HD13     0.9117
  185   L  HD21     0.3134
  185   L  HD22     2.6493
  185   L  HD23     0.8585
  185   L  HG       1.7972
  186   C  N      112.4311
  186   C  CA      54.6643
  186   C  CB      43.5927
  186   C  C      172.3908
  186   C  H        7.3839
  186   C  HA       5.2331
  186   C  HB2      3.2864
  186   C  HB3      3.2800
  187   H  N      115.8801
  187   H  CA      54.9392
  187   H  CB      29.4640
  187   H  C      175.2968
  187   H  H        8.2906
  187   H  HA       4.8055
  187   H  HB2      3.1840
  187   H  HB3      3.2901
  187   H  HD2      5.8815
  187   H  HE1      6.8021
  188   I  N      127.2535
  188   I  CA      60.4875
  188   I  CB      37.9288
  188   I  C      176.4721
  188   I  H        8.4581
  188   I  HA       4.0962
  188   I  HB       1.8778
  188   I  HD11     0.8614
  188   I  HD12     0.8611
  188   I  HD13     0.8580
  188   I  HG12     1.2053
  188   I  HG13     0.5181
  188   I  HG21     0.9163
  188   I  HG22     0.9153
  188   I  HG23     0.9139
 *189   E  N      122.5156
 *189   E  CA      56.0729
 *189   E  CB      30.3076
 *189   E  C      172.2059
 *189   E  H        8.6709
 *189   E  HA       4.1349
 *189   E  HB2      1.7401
 *189   E  HB3      1.7679
 *189   E  HG2      2.1338
 *189   E  HG3      2.3794
