# Entries marked with a * may have inaccurate shift predictions.
# Entries marked with a value -666 should be igonored
# Output format adjusted by GV 11 September 2007
  171   V  N      114.0114
  171   V  CA      60.0581
  171   V  CB      34.6120
  171   V  C      174.9815
  171   V  H        7.8976
  171   V  HA       4.2756
  171   V  HB       2.0663
  171   V  HG11     0.9369
  171   V  HG12     0.8931
  171   V  HG13     0.7879
  171   V  HG21     0.8410
  171   V  HG22     0.9634
  171   V  HG23     0.9566
  172   P  CA      62.2101
  172   P  CB      32.1284
  172   P  C      176.5965
  172   P  HA       4.3257
  172   P  HB2      2.3260
  172   P  HB3      2.2497
  172   P  HD2      3.7318
  172   P  HD3      3.8230
  172   P  HG2      2.0907
  172   P  HG3      2.0695
  173   C  N      120.2379
  173   C  CA      60.2806
  173   C  CB      40.7886
  173   C  C      177.7945
  173   C  H        8.2811
  173   C  HA       4.2813
  173   C  HB2      3.3407
  173   C  HB3      3.1909
  174   S  N      114.7713
  174   S  CA      61.3737
  174   S  CB      62.3596
  174   S  C      175.8549
  174   S  H        8.1924
  174   S  HA       3.9900
  174   S  HB2      4.0200
  174   S  HB3      4.0219
  175   T  N      111.6615
  175   T  CA      63.4823
  175   T  CB      69.5806
  175   T  C      176.1441
  175   T  H        7.7432
  175   T  HA       4.2818
  175   T  HB       4.2458
  175   T  HG21     1.2151
  175   T  HG22     1.2187
  175   T  HG23     1.2168
  176   C  N      119.5915
  176   C  CA      58.1919
  176   C  CB      40.7180
  176   C  C      173.7872
  176   C  H        8.1993
  176   C  HA       4.3717
  176   C  HB2      3.1255
  176   C  HB3      3.2200
  177   E  N      116.1214
  177   E  CA      57.5238
  177   E  CB      28.4194
  177   E  C      175.3759
  177   E  H        9.1727
  177   E  HA       3.8404
  177   E  HB2      2.2142
  177   E  HB3      2.2064
  177   E  HG2      2.3762
  177   E  HG3      2.2330
  178   G  N      104.3988
  178   G  CA      46.2502
  178   G  C      173.8030
  178   G  H        8.3666
  178   G  HA    -666.0000
  178   G  HA2      3.9602
  178   G  HA3      3.9600
  179   N  N      118.7894
  179   N  CA      52.5055
  179   N  CB      39.4130
  179   N  C      175.2281
  179   N  H        8.1363
  179   N  HA       4.5876
  179   N  HB2      2.8974
  179   N  HB3      2.7320
  179   N  HD21     7.1113
  179   N  HD22     6.0867
  180   L  N      129.1821
  180   L  CA      57.3196
  180   L  CB      41.6992
  180   L  C      179.4431
  180   L  H        8.4719
  180   L  HA       3.9673
  180   L  HB2      1.7241
  180   L  HB3      1.7021
  180   L  HD11     0.9189
  180   L  HD12     0.9186
  180   L  HD13     0.9189
  180   L  HD21     0.2290
  180   L  HD22     2.0944
  180   L  HD23     0.8678
  180   L  HG       1.7107
  181   A  N      120.6770
  181   A  CA      55.2062
  181   A  CB      18.1479
  181   A  C      179.7405
  181   A  H        7.9041
  181   A  HA       3.9343
  181   A  HB1      1.3867
  181   A  HB2      1.3653
  181   A  HB3      1.3329
  182   C  N      116.2344
  182   C  CA      60.0974
  182   C  CB      43.4999
  182   C  C      175.8294
  182   C  H        7.9613
  182   C  HA       4.1179
  182   C  HB2      3.0229
  182   C  HB3      3.2231
  183   L  N      119.1138
  183   L  CA      57.9783
  183   L  CB      41.1884
  183   L  C      179.5181
  183   L  H        7.9601
  183   L  HA       3.8483
  183   L  HB2      1.8627
  183   L  HB3      1.7221
  183   L  HD11     0.9187
  183   L  HD12     0.9924
  183   L  HD13     0.9017
  183   L  HD21     0.4374
  183   L  HD22     2.0971
  183   L  HD23     0.8697
  183   L  HG       1.7030
  184   S  N      114.0858
  184   S  CA      61.4937
  184   S  CB      62.8574
  184   S  C      176.4046
  184   S  H        7.7939
  184   S  HA       4.2745
  184   S  HB2      4.0253
  184   S  HB3      3.9118
  185   L  N      120.5753
  185   L  CA      56.5185
  185   L  CB      41.5195
  185   L  C      174.9223
  185   L  H        7.6399
  185   L  HA       4.1538
  185   L  HB2      1.6820
  185   L  HB3      1.7020
  185   L  HD11     0.9126
  185   L  HD12     0.9121
  185   L  HD13     0.9139
  185   L  HD21     0.3431
  185   L  HD22     2.7788
  185   L  HD23     0.8583
  185   L  HG       1.7775
  186   C  N      112.5896
  186   C  CA      55.0724
  186   C  CB      41.3952
  186   C  C      173.0014
  186   C  H        7.1152
  186   C  HA       4.6016
  186   C  HB2      3.0181
  186   C  HB3      3.3187
  187   H  N      116.2008
  187   H  CA      54.7666
  187   H  CB      29.7946
  187   H  C      174.5860
  187   H  H        8.4787
  187   H  HA       4.7430
  187   H  HB2      3.3229
  187   H  HB3      3.2902
  187   H  HD2      5.7964
  187   H  HE1      6.5878
  188   I  N      127.6932
  188   I  CA      60.2897
  188   I  CB      38.1771
  188   I  C      176.6166
  188   I  H        8.4196
  188   I  HA       4.3343
  188   I  HB       1.8740
  188   I  HD11     0.8565
  188   I  HD12     0.8582
  188   I  HD13     0.8535
  188   I  HG12     1.2028
  188   I  HG13     0.5230
  188   I  HG21     0.9146
  188   I  HG22     0.9137
  188   I  HG23     0.9120
 *189   E  N      122.4761
 *189   E  CA      56.0957
 *189   E  CB      30.3078
 *189   E  C      172.0366
 *189   E  H        8.6941
 *189   E  HA       4.1335
 *189   E  HB2      1.7382
 *189   E  HB3      1.7737
 *189   E  HG2      2.1349
 *189   E  HG3      2.3791
