# Entries marked with a * may have inaccurate shift predictions.
# Entries marked with a value -666 should be igonored
# Output format adjusted by GV 11 September 2007
  171   V  N      120.3959
  171   V  CA      62.2487
  171   V  CB      33.6199
  171   V  C      176.0239
  171   V  H        8.0549
  171   V  HA       4.0503
  171   V  HB       2.1487
  171   V  HG11     0.9204
  171   V  HG12     0.8972
  171   V  HG13     1.1558
  171   V  HG21     0.9457
  171   V  HG22     0.9588
  171   V  HG23     0.9671
  172   P  CA      62.8304
  172   P  CB      31.9588
  172   P  C      176.5074
  172   P  HA       4.1402
  172   P  HB2      2.3137
  172   P  HB3      2.0232
  172   P  HD2      3.6843
  172   P  HD3      3.8223
  172   P  HG2      2.1424
  172   P  HG3      2.2281
  173   C  N      121.3294
  173   C  CA      60.1989
  173   C  CB      40.7829
  173   C  C      176.3738
  173   C  H        8.3090
  173   C  HA       4.3089
  173   C  HB2      3.1251
  173   C  HB3      3.1420
  174   S  N      114.8137
  174   S  CA      61.3305
  174   S  CB      62.4170
  174   S  C      175.8512
  174   S  H        8.1717
  174   S  HA       3.9923
  174   S  HB2      4.0200
  174   S  HB3      4.0170
  175   T  N      111.7695
  175   T  CA      63.5680
  175   T  CB      69.5415
  175   T  C      176.1463
  175   T  H        7.7779
  175   T  HA       4.2685
  175   T  HB       4.2455
  175   T  HG21     1.2150
  175   T  HG22     1.2182
  175   T  HG23     1.2167
  176   C  N      119.5983
  176   C  CA      58.1064
  176   C  CB      40.7243
  176   C  C      173.7292
  176   C  H        8.1995
  176   C  HA       4.3720
  176   C  HB2      3.1239
  176   C  HB3      3.2177
  177   E  N      116.1191
  177   E  CA      57.5080
  177   E  CB      28.4010
  177   E  C      175.3708
  177   E  H        9.1572
  177   E  HA       3.9723
  177   E  HB2      2.1944
  177   E  HB3      2.2090
  177   E  HG2      2.3608
  177   E  HG3      2.2325
  178   G  N      104.4176
  178   G  CA      46.2285
  178   G  C      173.7676
  178   G  H        8.3719
  178   G  HA    -666.0000
  178   G  HA2      3.9596
  178   G  HA3      3.9592
  179   N  N      118.6671
  179   N  CA      52.4998
  179   N  CB      39.4179
  179   N  C      175.2401
  179   N  H        8.1019
  179   N  HA       4.5877
  179   N  HB2      2.8940
  179   N  HB3      2.7314
  179   N  HD21     7.1159
  179   N  HD22     6.0177
  180   L  N      129.1604
  180   L  CA      57.2892
  180   L  CB      41.6817
  180   L  C      179.4323
  180   L  H        8.4705
  180   L  HA       3.9692
  180   L  HB2      1.7237
  180   L  HB3      1.7015
  180   L  HD11     0.9184
  180   L  HD12     0.9181
  180   L  HD13     0.9184
  180   L  HD21     0.2280
  180   L  HD22     2.0992
  180   L  HD23     0.8670
  180   L  HG       1.7092
  181   A  N      120.7017
  181   A  CA      55.2128
  181   A  CB      17.9968
  181   A  C      179.7022
  181   A  H        7.9041
  181   A  HA       3.9275
  181   A  HB1      1.3869
  181   A  HB2      1.3668
  181   A  HB3      1.3326
  182   C  N      116.1668
  182   C  CA      60.1089
  182   C  CB      43.4862
  182   C  C      175.8122
  182   C  H        7.9540
  182   C  HA       4.1040
  182   C  HB2      3.0247
  182   C  HB3      3.2249
  183   L  N      119.1409
  183   L  CA      57.9691
  183   L  CB      41.2191
  183   L  C      179.2800
  183   L  H        7.9418
  183   L  HA       3.8953
  183   L  HB2      1.8587
  183   L  HB3      1.7203
  183   L  HD11     0.9173
  183   L  HD12     0.9900
  183   L  HD13     0.9007
  183   L  HD21     0.4036
  183   L  HD22     2.1268
  183   L  HD23     0.8674
  183   L  HG       1.7010
  184   S  N      111.9454
  184   S  CA      61.1441
  184   S  CB      62.3970
  184   S  C      175.8590
  184   S  H        7.8214
  184   S  HA       4.2299
  184   S  HB2      4.0070
  184   S  HB3      4.0132
  185   L  N      120.7469
  185   L  CA      56.2778
  185   L  CB      41.5722
  185   L  C      174.8132
  185   L  H        7.6423
  185   L  HA       4.1701
  185   L  HB2      1.7208
  185   L  HB3      1.6881
  185   L  HD11     0.9151
  185   L  HD12     0.9158
  185   L  HD13     0.9158
  185   L  HD21     0.3201
  185   L  HD22     2.8769
  185   L  HD23     0.8611
  185   L  HG       1.7829
  186   C  N      112.1733
  186   C  CA      55.5420
  186   C  CB      41.4202
  186   C  C      173.0162
  186   C  H        7.1219
  186   C  HA       4.4807
  186   C  HB2      3.0254
  186   C  HB3      3.3243
  187   H  N      116.3937
  187   H  CA      54.7967
  187   H  CB      29.8254
  187   H  C      174.8173
  187   H  H        8.4414
  187   H  HA       4.6540
  187   H  HB2      3.1721
  187   H  HB3      3.2909
  187   H  HD2      5.7969
  187   H  HE1      6.5794
  188   I  N      128.2252
  188   I  CA      60.2918
  188   I  CB      37.0979
  188   I  C      176.6530
  188   I  H        8.4693
  188   I  HA       4.2396
  188   I  HB       1.8709
  188   I  HD11     0.8531
  188   I  HD12     0.8556
  188   I  HD13     0.8500
  188   I  HG12     1.1986
  188   I  HG13     0.5127
  188   I  HG21     0.9131
  188   I  HG22     0.9117
  188   I  HG23     0.9102
 *189   E  N      121.9029
 *189   E  CA      55.9311
 *189   E  CB      30.3072
 *189   E  C      174.0052
 *189   E  H        8.4616
 *189   E  HA       4.1351
 *189   E  HB2      1.7376
 *189   E  HB3      1.7686
 *189   E  HG2      2.1323
 *189   E  HG3      2.3785
