# Entries marked with a * may have inaccurate shift predictions.
# Entries marked with a value -666 should be igonored
# Output format adjusted by GV 11 September 2007
  171   V  N      114.0573
  171   V  CA      60.7111
  171   V  CB      32.4845
  171   V  C      172.6185
  171   V  H        7.8976
  171   V  HA       4.0133
  171   V  HB       2.0869
  171   V  HG11     0.9322
  171   V  HG12     0.9621
  171   V  HG13     0.8500
  171   V  HG21     0.9641
  171   V  HG22     1.0356
  171   V  HG23     0.9608
  172   P  CA      60.6040
  172   P  CB      32.6032
  172   P  C      176.7456
  172   P  HA       4.5141
  172   P  HB2      2.2873
  172   P  HB3      2.1910
  172   P  HD2      3.7048
  172   P  HD3      3.7696
  172   P  HG2      1.9953
  172   P  HG3      2.0486
  173   C  N      122.3533
  173   C  CA      59.8761
  173   C  CB      40.7908
  173   C  C      177.1781
  173   C  H        8.7650
  173   C  HA       4.2594
  173   C  HB2      3.0612
  173   C  HB3      3.1826
  174   S  N      114.7050
  174   S  CA      60.9646
  174   S  CB      62.3500
  174   S  C      175.5455
  174   S  H        8.2203
  174   S  HA       4.0101
  174   S  HB2      4.0158
  174   S  HB3      4.0197
  175   T  N      111.5460
  175   T  CA      62.8325
  175   T  CB      69.6751
  175   T  C      175.9473
  175   T  H        7.5947
  175   T  HA       4.3783
  175   T  HB       4.2383
  175   T  HG21     1.2097
  175   T  HG22     1.2097
  175   T  HG23     1.2098
  176   C  N      118.6088
  176   C  CA      58.6652
  176   C  CB      40.6975
  176   C  C      174.1505
  176   C  H        7.8545
  176   C  HA       4.3434
  176   C  HB2      3.1600
  176   C  HB3      3.2073
  177   E  N      117.0063
  177   E  CA      57.5804
  177   E  CB      26.4729
  177   E  C      175.3172
  177   E  H        9.4842
  177   E  HA       3.7056
  177   E  HB2      2.0758
  177   E  HB3      1.9871
  177   E  HG2      2.2212
  177   E  HG3      2.3495
  178   G  N      104.4933
  178   G  CA      45.1879
  178   G  C      173.5920
  178   G  H        8.4107
  178   G  HA    -666.0000
  178   G  HA2      3.9575
  178   G  HA3      3.9570
  179   N  N      119.2639
  179   N  CA      52.4482
  179   N  CB      39.3986
  179   N  C      175.3346
  179   N  H        7.9372
  179   N  HA       4.5998
  179   N  HB2      2.7965
  179   N  HB3      2.7231
  179   N  HD21     7.1454
  179   N  HD22     6.6609
  180   L  N      129.0362
  180   L  CA      57.2173
  180   L  CB      41.6714
  180   L  C      179.4223
  180   L  H        8.4575
  180   L  HA       3.9890
  180   L  HB2      1.7228
  180   L  HB3      1.6985
  180   L  HD11     0.9176
  180   L  HD12     0.9175
  180   L  HD13     0.9177
  180   L  HD21     0.2356
  180   L  HD22     1.7106
  180   L  HD23     0.8662
  180   L  HG       1.7137
  181   A  N      120.8185
  181   A  CA      55.1998
  181   A  CB      18.5807
  181   A  C      179.6870
  181   A  H        7.8981
  181   A  HA       3.9109
  181   A  HB1      1.3850
  181   A  HB2      1.3484
  181   A  HB3      1.3298
  182   C  N      116.6587
  182   C  CA      60.1318
  182   C  CB      43.4491
  182   C  C      175.9488
  182   C  H        7.9849
  182   C  HA       4.0989
  182   C  HB2      2.9970
  182   C  HB3      3.2269
  183   L  N      119.2472
  183   L  CA      57.7702
  183   L  CB      41.2200
  183   L  C      179.2006
  183   L  H        7.9965
  183   L  HA       3.8572
  183   L  HB2      1.8579
  183   L  HB3      1.7071
  183   L  HD11     0.9140
  183   L  HD12     0.9888
  183   L  HD13     0.9144
  183   L  HD21     0.3259
  183   L  HD22     1.7059
  183   L  HD23     0.8608
  183   L  HG       1.6560
  184   S  N      112.2174
  184   S  CA      60.6944
  184   S  CB      62.3206
  184   S  C      175.9778
  184   S  H        7.8409
  184   S  HA       4.2309
  184   S  HB2      3.9902
  184   S  HB3      4.0125
  185   L  N      121.4819
  185   L  CA      56.9143
  185   L  CB      41.7039
  185   L  C      175.0787
  185   L  H        7.5101
  185   L  HA       4.1505
  185   L  HB2      1.7271
  185   L  HB3      1.6868
  185   L  HD11     0.9110
  185   L  HD12     0.9135
  185   L  HD13     0.9138
  185   L  HD21     0.2992
  185   L  HD22     2.9632
  185   L  HD23     0.8642
  185   L  HG       1.8062
  186   C  N      110.6869
  186   C  CA      54.3963
  186   C  CB      42.7603
  186   C  C      172.1372
  186   C  H        7.3213
  186   C  HA       4.5515
  186   C  HB2      3.0901
  186   C  HB3      3.0535
  187   H  N      117.0128
  187   H  CA      54.4509
  187   H  CB      29.0798
  187   H  C      175.2147
  187   H  H        8.1368
  187   H  HA       4.7157
  187   H  HB2      3.1080
  187   H  HB3      3.2948
  187   H  HD2      5.8813
  187   H  HE1      6.8100
  188   I  N      126.3623
  188   I  CA      62.2462
  188   I  CB      38.6275
  188   I  C      175.7270
  188   I  H        8.3695
  188   I  HA       3.9491
  188   I  HB       1.8605
  188   I  HD11     0.8526
  188   I  HD12     0.8568
  188   I  HD13     0.8563
  188   I  HG12     1.2729
  188   I  HG13     0.7937
  188   I  HG21     0.9129
  188   I  HG22     0.9127
  188   I  HG23     0.9082
 *189   E  N      120.1747
 *189   E  CA      56.7762
 *189   E  CB      30.2530
 *189   E  C      180.9024
 *189   E  H        8.0543
 *189   E  HA       4.1722
 *189   E  HB2      1.7809
 *189   E  HB3      1.7580
 *189   E  HG2      2.1337
 *189   E  HG3      2.3791
