# Entries marked with a * may have inaccurate shift predictions.
# Entries marked with a value -666 should be igonored
# Output format adjusted by GV 11 September 2007
  171   V  N      120.3111
  171   V  CA      60.4443
  171   V  CB      33.6146
  171   V  C      175.3073
  171   V  H        8.0393
  171   V  HA       3.9521
  171   V  HB       2.1181
  171   V  HG11     0.9506
  171   V  HG12     0.9750
  171   V  HG13     0.9232
  171   V  HG21     0.9829
  171   V  HG22     1.0050
  171   V  HG23     0.9908
  172   P  CA      61.1174
  172   P  CB      30.6770
  172   P  C      175.3442
  172   P  HA       4.4059
  172   P  HB2      2.3137
  172   P  HB3      2.2686
  172   P  HD2      3.7120
  172   P  HD3      3.7689
  172   P  HG2      2.0214
  172   P  HG3      2.0472
  173   C  N      123.8424
  173   C  CA      60.2796
  173   C  CB      40.7448
  173   C  C      177.1922
  173   C  H        8.6591
  173   C  HA       4.1649
  173   C  HB2      3.0192
  173   C  HB3      3.1881
  174   S  N      114.7662
  174   S  CA      61.4632
  174   S  CB      62.2988
  174   S  C      175.9618
  174   S  H        8.2084
  174   S  HA       3.9572
  174   S  HB2      4.0136
  174   S  HB3      4.1252
  175   T  N      111.9293
  175   T  CA      63.8148
  175   T  CB      69.4335
  175   T  C      176.1764
  175   T  H        7.7972
  175   T  HA       4.2248
  175   T  HB       4.2373
  175   T  HG21     1.2084
  175   T  HG22     1.2080
  175   T  HG23     1.2086
  176   C  N      119.5283
  176   C  CA      58.2047
  176   C  CB      40.7549
  176   C  C      173.8405
  176   C  H        8.1798
  176   C  HA       4.3633
  176   C  HB2      3.1163
  176   C  HB3      3.2114
  177   E  N      116.3755
  177   E  CA      57.4680
  177   E  CB      28.4123
  177   E  C      175.3979
  177   E  H        9.0870
  177   E  HA       3.8529
  177   E  HB2      2.1279
  177   E  HB3      2.0445
  177   E  HG2      2.2178
  177   E  HG3      2.2289
  178   G  N      104.5341
  178   G  CA      46.1997
  178   G  C      173.6866
  178   G  H        8.3787
  178   G  HA    -666.0000
  178   G  HA2      3.9567
  178   G  HA3      3.9560
  179   N  N      118.8364
  179   N  CA      52.5327
  179   N  CB      39.3906
  179   N  C      175.3127
  179   N  H        8.1065
  179   N  HA       4.5857
  179   N  HB2      2.8906
  179   N  HB3      2.7226
  179   N  HD21     7.1221
  179   N  HD22     6.0341
  180   L  N      129.0540
  180   L  CA      57.2787
  180   L  CB      41.6329
  180   L  C      179.4290
  180   L  H        8.4766
  180   L  HA       4.0555
  180   L  HB2      1.7224
  180   L  HB3      1.6993
  180   L  HD11     0.9175
  180   L  HD12     0.9175
  180   L  HD13     0.9175
  180   L  HD21     0.2378
  180   L  HD22     1.7630
  180   L  HD23     0.8659
  180   L  HG       1.7024
  181   A  N      120.7786
  181   A  CA      55.1787
  181   A  CB      18.3321
  181   A  C      179.7369
  181   A  H        7.8972
  181   A  HA       3.9235
  181   A  HB1      1.3859
  181   A  HB2      1.3496
  181   A  HB3      1.3295
  182   C  N      116.6796
  182   C  CA      60.0721
  182   C  CB      43.4595
  182   C  C      175.8607
  182   C  H        7.9982
  182   C  HA       4.1512
  182   C  HB2      2.9956
  182   C  HB3      3.2146
  183   L  N      119.4123
  183   L  CA      57.9660
  183   L  CB      41.2198
  183   L  C      179.4938
  183   L  H        8.0590
  183   L  HA       3.8376
  183   L  HB2      1.8479
  183   L  HB3      1.7041
  183   L  HD11     0.9117
  183   L  HD12     0.9865
  183   L  HD13     0.9128
  183   L  HD21     0.3943
  183   L  HD22     1.0611
  183   L  HD23     0.8564
  183   L  HG       1.6738
  184   S  N      114.3158
  184   S  CA      61.3379
  184   S  CB      62.7451
  184   S  C      176.3600
  184   S  H        7.8192
  184   S  HA       4.2524
  184   S  HB2      4.0163
  184   S  HB3      3.9202
  185   L  N      121.7388
  185   L  CA      56.7023
  185   L  CB      41.6188
  185   L  C      174.7946
  185   L  H        7.5922
  185   L  HA       4.1597
  185   L  HB2      1.6658
  185   L  HB3      1.7159
  185   L  HD11     0.9130
  185   L  HD12     0.9166
  185   L  HD13     0.9158
  185   L  HD21     0.2484
  185   L  HD22     1.4852
  185   L  HD23     0.8694
  185   L  HG       1.7974
  186   C  N      112.6346
  186   C  CA      54.2877
  186   C  CB      44.1086
  186   C  C      171.4400
  186   C  H        7.5032
  186   C  HA       4.6736
  186   C  HB2      3.1292
  186   C  HB3      3.0230
  187   H  N      115.5861
  187   H  CA      55.5834
  187   H  CB      30.3417
  187   H  C      174.9536
  187   H  H        8.3144
  187   H  HA       4.3858
  187   H  HB2      3.0672
  187   H  HB3      3.1288
  187   H  HD2      5.8381
  187   H  HE1      7.0784
  188   I  N      125.9671
  188   I  CA      60.6741
  188   I  CB      41.0104
  188   I  C      175.9686
  188   I  H        8.1683
  188   I  HA       4.3294
  188   I  HB       1.8850
  188   I  HD11     0.8739
  188   I  HD12     0.8680
  188   I  HD13     0.8716
  188   I  HG12     1.2799
  188   I  HG13     0.6133
  188   I  HG21     0.9156
  188   I  HG22     0.9138
  188   I  HG23     0.9163
 *189   E  N      120.5459
 *189   E  CA      56.1213
 *189   E  CB      30.2518
 *189   E  C      171.9686
 *189   E  H        8.8356
 *189   E  HA       4.2118
 *189   E  HB2      1.7353
 *189   E  HB3      1.7645
 *189   E  HG2      2.1289
 *189   E  HG3      2.3755
