# Entries marked with a * may have inaccurate shift predictions.
# Entries marked with a value -666 should be igonored
# Output format adjusted by GV 11 September 2007
  171   V  N      114.0579
  171   V  CA      60.6858
  171   V  CB      32.5412
  171   V  C      172.7000
  171   V  H        7.8976
  171   V  HA       4.0375
  171   V  HB       2.0418
  171   V  HG11     0.9260
  171   V  HG12     0.9558
  171   V  HG13     0.2351
  171   V  HG21     0.7797
  171   V  HG22     1.0097
  171   V  HG23     0.9459
  172   P  CA      60.5525
  172   P  CB      33.2739
  172   P  C      176.7769
  172   P  HA       4.8266
  172   P  HB2      2.2968
  172   P  HB3      2.2017
  172   P  HD2      3.7085
  172   P  HD3      3.7770
  172   P  HG2      1.9985
  172   P  HG3      2.0590
  173   C  N      121.5871
  173   C  CA      60.0701
  173   C  CB      40.7621
  173   C  C      177.2197
  173   C  H        8.8064
  173   C  HA       4.2096
  173   C  HB2      3.1232
  173   C  HB3      3.1867
  174   S  N      114.8232
  174   S  CA      61.5101
  174   S  CB      62.2557
  174   S  C      175.9316
  174   S  H        8.2127
  174   S  HA       3.9896
  174   S  HB2      4.0166
  174   S  HB3      4.0272
  175   T  N      111.4147
  175   T  CA      63.3640
  175   T  CB      69.5128
  175   T  C      176.1521
  175   T  H        7.6681
  175   T  HA       4.2783
  175   T  HB       4.2398
  175   T  HG21     1.2117
  175   T  HG22     1.2127
  175   T  HG23     1.2125
  176   C  N      119.7209
  176   C  CA      58.2750
  176   C  CB      40.7752
  176   C  C      173.7556
  176   C  H        8.1874
  176   C  HA       4.3613
  176   C  HB2      3.1210
  176   C  HB3      3.2111
  177   E  N      116.1433
  177   E  CA      57.4692
  177   E  CB      28.4245
  177   E  C      175.3990
  177   E  H        9.0988
  177   E  HA       3.6494
  177   E  HB2      2.1644
  177   E  HB3      2.1876
  177   E  HG2      2.3779
  177   E  HG3      2.2301
  178   G  N      104.2560
  178   G  CA      46.1858
  178   G  C      173.6620
  178   G  H        8.3479
  178   G  HA    -666.0000
  178   G  HA2      3.9578
  178   G  HA3      3.9573
  179   N  N      118.9531
  179   N  CA      52.4607
  179   N  CB      39.3470
  179   N  C      175.2461
  179   N  H        8.1355
  179   N  HA       4.5909
  179   N  HB2      2.8889
  179   N  HB3      2.7274
  179   N  HD21     7.1227
  179   N  HD22     6.5283
  180   L  N      129.1509
  180   L  CA      57.2742
  180   L  CB      41.7003
  180   L  C      179.4348
  180   L  H        8.4619
  180   L  HA       3.9647
  180   L  HB2      1.7227
  180   L  HB3      1.7008
  180   L  HD11     0.9178
  180   L  HD12     0.9177
  180   L  HD13     0.9179
  180   L  HD21     0.2274
  180   L  HD22     1.9902
  180   L  HD23     0.8667
  180   L  HG       1.7131
  181   A  N      120.7155
  181   A  CA      55.2229
  181   A  CB      18.1699
  181   A  C      179.6829
  181   A  H        7.9007
  181   A  HA       3.9034
  181   A  HB1      1.3853
  181   A  HB2      1.3643
  181   A  HB3      1.3311
  182   C  N      116.1516
  182   C  CA      60.1226
  182   C  CB      43.4656
  182   C  C      175.9035
  182   C  H        7.9477
  182   C  HA       4.0936
  182   C  HB2      3.0210
  182   C  HB3      3.2254
  183   L  N      119.1093
  183   L  CA      57.8731
  183   L  CB      41.2178
  183   L  C      179.2474
  183   L  H        7.9290
  183   L  HA       3.8481
  183   L  HB2      1.8582
  183   L  HB3      1.7106
  183   L  HD11     0.9150
  183   L  HD12     0.9900
  183   L  HD13     0.8989
  183   L  HD21     0.3413
  183   L  HD22     2.3525
  183   L  HD23     0.8642
  183   L  HG       1.6772
  184   S  N      112.2351
  184   S  CA      61.1029
  184   S  CB      62.3565
  184   S  C      175.8705
  184   S  H        7.8713
  184   S  HA       4.2329
  184   S  HB2      4.0007
  184   S  HB3      4.0103
  185   L  N      121.1921
  185   L  CA      56.8810
  185   L  CB      41.5912
  185   L  C      174.6796
  185   L  H        7.6284
  185   L  HA       4.1740
  185   L  HB2      1.6165
  185   L  HB3      1.6910
  185   L  HD11     0.9099
  185   L  HD12     0.9128
  185   L  HD13     0.9136
  185   L  HD21     0.3102
  185   L  HD22     2.7694
  185   L  HD23     0.8642
  185   L  HG       1.8016
  186   C  N      112.3800
  186   C  CA      55.1011
  186   C  CB      43.0257
  186   C  C      172.9758
  186   C  H        7.3434
  186   C  HA       5.1578
  186   C  HB2      3.0661
  186   C  HB3      3.2606
  187   H  N      116.1660
  187   H  CA      54.9643
  187   H  CB      29.0157
  187   H  C      175.9731
  187   H  H        8.1142
  187   H  HA       4.6446
  187   H  HB2      3.0404
  187   H  HB3      3.3133
  187   H  HD2      5.6861
  187   H  HE1      6.7072
  188   I  N      128.3199
  188   I  CA      60.3387
  188   I  CB      37.1813
  188   I  C      176.7052
  188   I  H        8.4604
  188   I  HA       4.0539
  188   I  HB       1.8716
  188   I  HD11     0.8560
  188   I  HD12     0.8558
  188   I  HD13     0.8508
  188   I  HG12     1.1937
  188   I  HG13     0.6614
  188   I  HG21     0.9120
  188   I  HG22     0.9090
  188   I  HG23     0.9094
 *189   E  N      122.0394
 *189   E  CA      55.9497
 *189   E  CB      30.3081
 *189   E  C      173.7423
 *189   E  H        8.4856
 *189   E  HA       4.1366
 *189   E  HB2      1.7407
 *189   E  HB3      1.7776
 *189   E  HG2      2.1358
 *189   E  HG3      2.3800
