# Entries marked with a * may have inaccurate shift predictions.
# Entries marked with a value -666 should be igonored
# Output format adjusted by GV 11 September 2007
  171   V  N      114.0575
  171   V  CA      60.6485
  171   V  CB      32.5287
  171   V  C      172.6358
  171   V  H        7.8976
  171   V  HA       4.0304
  171   V  HB       1.9548
  171   V  HG11     0.9182
  171   V  HG12     0.9395
  171   V  HG13     0.4671
  171   V  HG21     0.4985
  171   V  HG22     0.8831
  171   V  HG23     0.8330
  172   P  CA      60.5335
  172   P  CB      32.8082
  172   P  C      176.7842
  172   P  HA       5.0669
  172   P  HB2      2.3790
  172   P  HB3      2.2104
  172   P  HD2      3.4440
  172   P  HD3      3.7793
  172   P  HG2      2.0026
  172   P  HG3      2.1924
  173   C  N      122.3419
  173   C  CA      59.8496
  173   C  CB      40.8241
  173   C  C      177.3569
  173   C  H        8.6503
  173   C  HA       4.3160
  173   C  HB2      3.1242
  173   C  HB3      3.1833
  174   S  N      114.6898
  174   S  CA      60.9014
  174   S  CB      62.3820
  174   S  C      175.4908
  174   S  H        8.3732
  174   S  HA       3.9597
  174   S  HB2      4.0210
  174   S  HB3      4.0245
  175   T  N      111.3686
  175   T  CA      62.6563
  175   T  CB      69.7872
  175   T  C      175.7964
  175   T  H        7.5773
  175   T  HA       4.5430
  175   T  HB       4.2439
  175   T  HG21     1.2150
  175   T  HG22     1.2184
  175   T  HG23     1.2166
  176   C  N      119.5808
  176   C  CA      58.4962
  176   C  CB      40.8619
  176   C  C      173.7505
  176   C  H        8.1330
  176   C  HA       4.3452
  176   C  HB2      3.1215
  176   C  HB3      3.2123
  177   E  N      116.8365
  177   E  CA      57.5775
  177   E  CB      26.9280
  177   E  C      175.4422
  177   E  H        8.9804
  177   E  HA       3.5882
  177   E  HB2      2.1096
  177   E  HB3      1.9897
  177   E  HG2      2.2543
  177   E  HG3      2.3078
  178   G  N      104.5261
  178   G  CA      45.1941
  178   G  C      173.4512
  178   G  H        8.3849
  178   G  HA    -666.0000
  178   G  HA2      3.9597
  178   G  HA3      3.9596
  179   N  N      119.1729
  179   N  CA      52.4144
  179   N  CB      39.3779
  179   N  C      175.2673
  179   N  H        7.8916
  179   N  HA       4.6028
  179   N  HB2      2.8259
  179   N  HB3      2.7274
  179   N  HD21     7.1416
  179   N  HD22     6.5545
  180   L  N      129.1891
  180   L  CA      57.4011
  180   L  CB      41.7100
  180   L  C      179.4111
  180   L  H        8.4676
  180   L  HA       3.9787
  180   L  HB2      1.7240
  180   L  HB3      1.7012
  180   L  HD11     0.9188
  180   L  HD12     0.9186
  180   L  HD13     0.9190
  180   L  HD21     0.2304
  180   L  HD22     1.2974
  180   L  HD23     0.8681
  180   L  HG       1.7263
  181   A  N      120.6741
  181   A  CA      55.1992
  181   A  CB      18.5972
  181   A  C      179.9035
  181   A  H        7.9142
  181   A  HA       3.9557
  181   A  HB1      1.3856
  181   A  HB2      1.3654
  181   A  HB3      1.3346
  182   C  N      115.8876
  182   C  CA      59.9571
  182   C  CB      43.5196
  182   C  C      175.7944
  182   C  H        7.9820
  182   C  HA       4.1771
  182   C  HB2      3.0385
  182   C  HB3      3.2125
  183   L  N      119.5535
  183   L  CA      57.8426
  183   L  CB      41.2136
  183   L  C      179.1924
  183   L  H        7.9954
  183   L  HA       3.9747
  183   L  HB2      1.8622
  183   L  HB3      1.7153
  183   L  HD11     0.9187
  183   L  HD12     0.9909
  183   L  HD13     0.9041
  183   L  HD21     0.3268
  183   L  HD22     1.6400
  183   L  HD23     0.8695
  183   L  HG       1.6810
  184   S  N      112.6976
  184   S  CA      61.0746
  184   S  CB      62.4308
  184   S  C      175.8279
  184   S  H        7.9896
  184   S  HA       4.2384
  184   S  HB2      4.0123
  184   S  HB3      4.0350
  185   L  N      121.1541
  185   L  CA      57.3098
  185   L  CB      40.5497
  185   L  C      174.7075
  185   L  H        7.6319
  185   L  HA       4.1720
  185   L  HB2      1.7782
  185   L  HB3      1.7680
  185   L  HD11     0.9296
  185   L  HD12     0.8984
  185   L  HD13     0.8940
  185   L  HD21     0.3284
  185   L  HD22     2.8089
  185   L  HD23     0.8589
  185   L  HG       1.9450
  186   C  N      112.6056
  186   C  CA      54.5076
  186   C  CB      42.8798
  186   C  C      172.0983
  186   C  H        7.1956
  186   C  HA       5.2282
  186   C  HB2      3.3143
  186   C  HB3      3.3207
  187   H  N      116.5222
  187   H  CA      54.6908
  187   H  CB      29.5600
  187   H  C      176.3590
  187   H  H        8.0673
  187   H  HA       4.8845
  187   H  HB2      3.2223
  187   H  HB3      3.2688
  187   H  HD2      5.8823
  187   H  HE1      6.9298
  188   I  N      127.4790
  188   I  CA      60.4930
  188   I  CB      35.8205
  188   I  C      176.4471
  188   I  H        8.1048
  188   I  HA       4.0022
  188   I  HB       1.8800
  188   I  HD11     0.8639
  188   I  HD12     0.8599
  188   I  HD13     0.8631
  188   I  HG12     1.2785
  188   I  HG13     0.7868
  188   I  HG21     0.9163
  188   I  HG22     0.9150
  188   I  HG23     0.9171
 *189   E  N      119.4358
 *189   E  CA      55.8631
 *189   E  CB      30.2532
 *189   E  C      175.4906
 *189   E  H        8.2828
 *189   E  HA       4.1594
 *189   E  HB2      1.7346
 *189   E  HB3      1.7704
 *189   E  HG2      2.1406
 *189   E  HG3      2.3820
