# Entries marked with a * may have inaccurate shift predictions.
# Entries marked with a value -666 should be igonored
# Output format adjusted by GV 11 September 2007
  171   V  N      114.0588
  171   V  CA      60.0387
  171   V  CB      34.0718
  171   V  C      175.6367
  171   V  H        8.0549
  171   V  HA       4.0817
  171   V  HB       2.0406
  171   V  HG11     0.9300
  171   V  HG12     0.9000
  171   V  HG13     0.8245
  171   V  HG21     0.7679
  171   V  HG22     0.9259
  171   V  HG23     0.9355
  172   P  CA      62.7565
  172   P  CB      31.4443
  172   P  C      176.4300
  172   P  HA       4.1799
  172   P  HB2      2.2805
  172   P  HB3      2.0523
  172   P  HD2      3.6305
  172   P  HD3      3.8368
  172   P  HG2      2.1502
  172   P  HG3      2.2525
  173   C  N      121.0422
  173   C  CA      60.0983
  173   C  CB      40.8121
  173   C  C      176.3286
  173   C  H        8.3554
  173   C  HA       4.3444
  173   C  HB2      2.9396
  173   C  HB3      3.1395
  174   S  N      114.6794
  174   S  CA      60.9354
  174   S  CB      62.4441
  174   S  C      175.5376
  174   S  H        8.2009
  174   S  HA       3.9544
  174   S  HB2      4.0214
  174   S  HB3      4.0194
  175   T  N      111.4391
  175   T  CA      62.7815
  175   T  CB      69.5214
  175   T  C      175.9048
  175   T  H        7.6139
  175   T  HA       4.3833
  175   T  HB       4.2465
  175   T  HG21     1.2160
  175   T  HG22     1.2203
  175   T  HG23     1.2183
  176   C  N      119.6153
  176   C  CA      58.2698
  176   C  CB      40.8523
  176   C  C      173.6473
  176   C  H        8.1325
  176   C  HA       4.3487
  176   C  HB2      3.1207
  176   C  HB3      3.2119
  177   E  N      117.0399
  177   E  CA      57.5635
  177   E  CB      26.8976
  177   E  C      175.4160
  177   E  H        8.9843
  177   E  HA       3.5322
  177   E  HB2      2.1117
  177   E  HB3      1.9953
  177   E  HG2      2.2532
  177   E  HG3      2.3023
  178   G  N      104.6366
  178   G  CA      45.2182
  178   G  C      173.4667
  178   G  H        8.4061
  178   G  HA    -666.0000
  178   G  HA2      3.9600
  178   G  HA3      3.9598
  179   N  N      118.9544
  179   N  CA      52.3874
  179   N  CB      39.4616
  179   N  C      175.2897
  179   N  H        7.8579
  179   N  HA       4.6047
  179   N  HB2      2.8457
  179   N  HB3      2.7286
  179   N  HD21     7.1480
  179   N  HD22     6.4359
  180   L  N      129.1431
  180   L  CA      57.2984
  180   L  CB      41.7534
  180   L  C      179.4265
  180   L  H        8.4674
  180   L  HA       3.9671
  180   L  HB2      1.7240
  180   L  HB3      1.7017
  180   L  HD11     0.9187
  180   L  HD12     0.9185
  180   L  HD13     0.9188
  180   L  HD21     0.2300
  180   L  HD22     2.0778
  180   L  HD23     0.8678
  180   L  HG       1.7265
  181   A  N      120.6984
  181   A  CA      55.2095
  181   A  CB      18.0830
  181   A  C      179.6917
  181   A  H        7.9063
  181   A  HA       3.9199
  181   A  HB1      1.3860
  181   A  HB2      1.3716
  181   A  HB3      1.3327
  182   C  N      116.0830
  182   C  CA      60.1201
  182   C  CB      43.4885
  182   C  C      175.8195
  182   C  H        7.9463
  182   C  HA       4.1016
  182   C  HB2      3.0271
  182   C  HB3      3.2219
  183   L  N      119.0910
  183   L  CA      57.9691
  183   L  CB      41.2171
  183   L  C      179.2830
  183   L  H        7.9294
  183   L  HA       3.9099
  183   L  HB2      1.8601
  183   L  HB3      1.7227
  183   L  HD11     0.9185
  183   L  HD12     0.9899
  183   L  HD13     0.9021
  183   L  HD21     0.3593
  183   L  HD22     2.2530
  183   L  HD23     0.8694
  183   L  HG       1.7000
  184   S  N      112.0633
  184   S  CA      61.1157
  184   S  CB      62.4024
  184   S  C      175.8434
  184   S  H        7.8450
  184   S  HA       4.2359
  184   S  HB2      4.0055
  184   S  HB3      4.0116
  185   L  N      120.5581
  185   L  CA      56.2233
  185   L  CB      41.5690
  185   L  C      174.7227
  185   L  H        7.6590
  185   L  HA       4.1736
  185   L  HB2      1.6305
  185   L  HB3      1.6826
  185   L  HD11     0.9100
  185   L  HD12     0.9097
  185   L  HD13     0.9124
  185   L  HD21     0.3168
  185   L  HD22     2.3312
  185   L  HD23     0.8575
  185   L  HG       1.7822
  186   C  N      112.1370
  186   C  CA      55.5130
  186   C  CB      41.4195
  186   C  C      172.7728
  186   C  H        7.1492
  186   C  HA       4.5489
  186   C  HB2      3.0336
  186   C  HB3      3.3229
  187   H  N      116.2037
  187   H  CA      54.8983
  187   H  CB      29.9593
  187   H  C      175.0133
  187   H  H        8.3558
  187   H  HA       4.7124
  187   H  HB2      3.1657
  187   H  HB3      3.2764
  187   H  HD2      5.7988
  187   H  HE1      6.6464
  188   I  N      127.8200
  188   I  CA      60.3689
  188   I  CB      36.4760
  188   I  C      176.5205
  188   I  H        8.5033
  188   I  HA       4.2518
  188   I  HB       1.8765
  188   I  HD11     0.8599
  188   I  HD12     0.8602
  188   I  HD13     0.8565
  188   I  HG12     1.2042
  188   I  HG13     0.5109
  188   I  HG21     0.9157
  188   I  HG22     0.9146
  188   I  HG23     0.9133
 *189   E  N      121.4225
 *189   E  CA      55.8787
 *189   E  CB      30.3079
 *189   E  C      174.9355
 *189   E  H        8.3544
 *189   E  HA       4.1359
 *189   E  HB2      1.7426
 *189   E  HB3      1.7679
 *189   E  HG2      2.1347
 *189   E  HG3      2.3999
