# Entries marked with a * may have inaccurate shift predictions.
# Entries marked with a value -666 should be igonored
# Output format adjusted by GV 11 September 2007
  171   V  N      114.0586
  171   V  CA      60.6507
  171   V  CB      32.7594
  171   V  C      173.6408
  171   V  H        7.8976
  171   V  HA       4.0537
  171   V  HB       2.0112
  171   V  HG11     0.9227
  171   V  HG12     0.9479
  171   V  HG13     0.3990
  171   V  HG21     0.6735
  171   V  HG22     0.9454
  171   V  HG23     0.9032
  172   P  CA      60.8276
  172   P  CB      32.8587
  172   P  C      176.9911
  172   P  HA       4.9214
  172   P  HB2      2.3119
  172   P  HB3      2.2156
  172   P  HD2      3.7155
  172   P  HD3      3.7930
  172   P  HG2      2.0199
  172   P  HG3      2.0662
  173   C  N      121.2379
  173   C  CA      59.8421
  173   C  CB      40.8554
  173   C  C      176.9485
  173   C  H        8.8067
  173   C  HA       4.3102
  173   C  HB2      3.1489
  173   C  HB3      3.1919
  174   S  N      113.8957
  174   S  CA      60.3053
  174   S  CB      62.5209
  174   S  C      175.0688
  174   S  H        8.1664
  174   S  HA       4.1104
  174   S  HB2      4.0218
  174   S  HB3      4.0044
  175   T  N      111.7069
  175   T  CA      62.4178
  175   T  CB      70.2280
  175   T  C      175.2701
  175   T  H        7.6172
  175   T  HA       4.4978
  175   T  HB       4.2435
  175   T  HG21     1.2146
  175   T  HG22     1.2177
  175   T  HG23     1.2160
  176   C  N      119.3134
  176   C  CA      57.8657
  176   C  CB      40.7186
  176   C  C      173.5341
  176   C  H        7.9882
  176   C  HA       4.3542
  176   C  HB2      3.1372
  176   C  HB3      3.2077
  177   E  N      117.8139
  177   E  CA      57.4944
  177   E  CB      26.4602
  177   E  C      175.2741
  177   E  H        9.4454
  177   E  HA       3.6339
  177   E  HB2      2.0573
  177   E  HB3      1.9857
  177   E  HG2      2.2243
  177   E  HG3      2.3438
  178   G  N      104.0482
  178   G  CA      45.4040
  178   G  C      173.3945
  178   G  H        8.3839
  178   G  HA    -666.0000
  178   G  HA2      3.9596
  178   G  HA3      3.9594
  179   N  N      119.2164
  179   N  CA      52.3238
  179   N  CB      39.3238
  179   N  C      175.3723
  179   N  H        7.8504
  179   N  HA       4.6079
  179   N  HB2      2.8107
  179   N  HB3      2.7287
  179   N  HD21     7.1751
  179   N  HD22     6.5122
  180   L  N      129.1204
  180   L  CA      57.2374
  180   L  CB      41.7766
  180   L  C      179.4225
  180   L  H        8.4501
  180   L  HA       3.9744
  180   L  HB2      1.7239
  180   L  HB3      1.7012
  180   L  HD11     0.9186
  180   L  HD12     0.9184
  180   L  HD13     0.9188
  180   L  HD21     0.2289
  180   L  HD22     1.8114
  180   L  HD23     0.8678
  180   L  HG       1.7282
  181   A  N      120.7563
  181   A  CA      55.2131
  181   A  CB      18.4879
  181   A  C      179.6491
  181   A  H        7.9061
  181   A  HA       3.8943
  181   A  HB1      1.3856
  181   A  HB2      1.3646
  181   A  HB3      1.3320
  182   C  N      115.9600
  182   C  CA      60.1594
  182   C  CB      43.4608
  182   C  C      175.9553
  182   C  H        7.9302
  182   C  HA       4.0883
  182   C  HB2      3.0332
  182   C  HB3      3.2327
  183   L  N      118.9874
  183   L  CA      57.8319
  183   L  CB      41.2122
  183   L  C      179.2352
  183   L  H        7.9146
  183   L  HA       3.9484
  183   L  HB2      1.8627
  183   L  HB3      1.7147
  183   L  HD11     0.9183
  183   L  HD12     0.9902
  183   L  HD13     0.9042
  183   L  HD21     0.3525
  183   L  HD22     2.2813
  183   L  HD23     0.8690
  183   L  HG       1.6711
  184   S  N      112.3890
  184   S  CA      61.0732
  184   S  CB      62.3549
  184   S  C      175.8723
  184   S  H        7.9151
  184   S  HA       4.2369
  184   S  HB2      3.9916
  184   S  HB3      4.0034
  185   L  N      121.1228
  185   L  CA      56.9042
  185   L  CB      41.5590
  185   L  C      174.7271
  185   L  H        7.6368
  185   L  HA       4.1559
  185   L  HB2      1.7442
  185   L  HB3      1.6853
  185   L  HD11     0.9092
  185   L  HD12     0.9094
  185   L  HD13     0.9120
  185   L  HD21     0.3033
  185   L  HD22     2.1787
  185   L  HD23     0.8582
  185   L  HG       1.7994
  186   C  N      111.3695
  186   C  CA      55.0752
  186   C  CB      43.1044
  186   C  C      172.8613
  186   C  H        7.2848
  186   C  HA       5.2347
  186   C  HB2      3.1665
  186   C  HB3      3.2652
  187   H  N      116.1580
  187   H  CA      54.7985
  187   H  CB      29.1977
  187   H  C      175.1759
  187   H  H        8.2711
  187   H  HA       4.7763
  187   H  HB2      3.1980
  187   H  HB3      3.3027
  187   H  HD2      5.8809
  187   H  HE1      6.7384
  188   I  N      127.4588
  188   I  CA      60.3762
  188   I  CB      38.3183
  188   I  C      176.6085
  188   I  H        8.4109
  188   I  HA       4.1561
  188   I  HB       1.8750
  188   I  HD11     0.8580
  188   I  HD12     0.8587
  188   I  HD13     0.8543
  188   I  HG12     1.2021
  188   I  HG13     0.5160
  188   I  HG21     0.9149
  188   I  HG22     0.9137
  188   I  HG23     0.9123
 *189   E  N      122.2492
 *189   E  CA      56.1417
 *189   E  CB      30.3079
 *189   E  C      172.0171
 *189   E  H        8.7188
 *189   E  HA       4.1339
 *189   E  HB2      1.7383
 *189   E  HB3      1.7745
 *189   E  HG2      2.1352
 *189   E  HG3      2.3805
