# Entries marked with a * may have inaccurate shift predictions.
# Entries marked with a value -666 should be igonored
# Output format adjusted by GV 11 September 2007
  171   V  N      114.0562
  171   V  CA      60.7387
  171   V  CB      32.4061
  171   V  C      172.2283
  171   V  H        7.8976
  171   V  HA       4.0092
  171   V  HB       2.0634
  171   V  HG11     0.9274
  171   V  HG12     0.9572
  171   V  HG13     0.8454
  171   V  HG21     0.8924
  171   V  HG22     1.0258
  171   V  HG23     0.9526
  172   P  CA      60.5717
  172   P  CB      32.3884
  172   P  C      176.8446
  172   P  HA       4.6762
  172   P  HB2      2.2838
  172   P  HB3      2.1861
  172   P  HD2      3.6949
  172   P  HD3      3.7639
  172   P  HG2      1.9925
  172   P  HG3      2.0463
  173   C  N      122.2148
  173   C  CA      59.7922
  173   C  CB      40.8159
  173   C  C      177.0901
  173   C  H        8.7186
  173   C  HA       4.2781
  173   C  HB2      3.0418
  173   C  HB3      3.1753
  174   S  N      114.6017
  174   S  CA      60.8108
  174   S  CB      62.4159
  174   S  C      175.4221
  174   S  H        8.1997
  174   S  HA       4.1375
  174   S  HB2      4.0157
  174   S  HB3      4.0119
  175   T  N      111.7506
  175   T  CA      62.8971
  175   T  CB      69.7096
  175   T  C      175.8641
  175   T  H        7.5839
  175   T  HA       4.3819
  175   T  HB       4.2365
  175   T  HG21     1.2084
  175   T  HG22     1.2075
  175   T  HG23     1.2082
  176   C  N      118.8056
  176   C  CA      58.3894
  176   C  CB      40.8090
  176   C  C      173.8770
  176   C  H        7.8907
  176   C  HA       4.3399
  176   C  HB2      3.1560
  176   C  HB3      3.2026
  177   E  N      117.2719
  177   E  CA      57.5538
  177   E  CB      26.4673
  177   E  C      175.2867
  177   E  H        9.4752
  177   E  HA       3.5987
  177   E  HB2      2.0679
  177   E  HB3      1.9776
  177   E  HG2      2.2963
  177   E  HG3      2.2242
  178   G  N      104.3042
  178   G  CA      45.1882
  178   G  C      173.4077
  178   G  H        8.3538
  178   G  HA    -666.0000
  178   G  HA2      3.9575
  178   G  HA3      3.9572
  179   N  N      119.2051
  179   N  CA      52.4259
  179   N  CB      39.3672
  179   N  C      175.3115
  179   N  H        7.8972
  179   N  HA       4.6005
  179   N  HB2      2.8121
  179   N  HB3      2.7242
  179   N  HD21     7.1424
  179   N  HD22     6.5547
  180   L  N      129.0788
  180   L  CA      57.2403
  180   L  CB      41.6282
  180   L  C      179.4336
  180   L  H        8.4564
  180   L  HA       3.9927
  180   L  HB2      1.7234
  180   L  HB3      1.7003
  180   L  HD11     0.9182
  180   L  HD12     0.9183
  180   L  HD13     0.9184
  180   L  HD21     0.2349
  180   L  HD22     1.7048
  180   L  HD23     0.8675
  180   L  HG       1.7179
  181   A  N      120.7911
  181   A  CA      55.2059
  181   A  CB      18.3941
  181   A  C      179.6776
  181   A  H        7.8996
  181   A  HA       3.9112
  181   A  HB1      1.3858
  181   A  HB2      1.3488
  181   A  HB3      1.3305
  182   C  N      116.6332
  182   C  CA      60.1410
  182   C  CB      43.4423
  182   C  C      175.9526
  182   C  H        7.9818
  182   C  HA       4.0965
  182   C  HB2      2.9984
  182   C  HB3      3.2281
  183   L  N      119.2588
  183   L  CA      57.7746
  183   L  CB      41.2245
  183   L  C      179.2089
  183   L  H        8.0081
  183   L  HA       3.8386
  183   L  HB2      1.8574
  183   L  HB3      1.7093
  183   L  HD11     0.9149
  183   L  HD12     0.9898
  183   L  HD13     0.9150
  183   L  HD21     0.3229
  183   L  HD22     1.5313
  183   L  HD23     0.8612
  183   L  HG       1.6583
  184   S  N      112.1839
  184   S  CA      60.7000
  184   S  CB      62.3176
  184   S  C      175.9737
  184   S  H        7.8488
  184   S  HA       4.2375
  184   S  HB2      3.9975
  184   S  HB3      4.0225
  185   L  N      121.6459
  185   L  CA      57.1975
  185   L  CB      41.7148
  185   L  C      174.9923
  185   L  H        7.5059
  185   L  HA       4.1574
  185   L  HB2      1.7139
  185   L  HB3      1.6901
  185   L  HD11     0.9104
  185   L  HD12     0.9129
  185   L  HD13     0.9139
  185   L  HD21     0.2980
  185   L  HD22     2.6078
  185   L  HD23     0.8653
  185   L  HG       1.8124
  186   C  N      111.2417
  186   C  CA      54.2044
  186   C  CB      42.8858
  186   C  C      172.3640
  186   C  H        7.3938
  186   C  HA       4.4816
  186   C  HB2      2.9738
  186   C  HB3      3.0318
  187   H  N      117.0361
  187   H  CA      54.8460
  187   H  CB      28.1958
  187   H  C      174.8931
  187   H  H        7.9174
  187   H  HA       4.6421
  187   H  HB2      3.1398
  187   H  HB3      3.3210
  187   H  HD2      5.6859
  187   H  HE1      6.5121
  188   I  N      127.3982
  188   I  CA      63.1989
  188   I  CB      38.8039
  188   I  C      175.9203
  188   I  H        8.4452
  188   I  HA       3.8872
  188   I  HB       2.0109
  188   I  HD11     0.8594
  188   I  HD12     0.8599
  188   I  HD13     0.8578
  188   I  HG12     1.2656
  188   I  HG13     1.0663
  188   I  HG21     0.9123
  188   I  HG22     0.9116
  188   I  HG23     0.9081
 *189   E  N      119.0254
 *189   E  CA      56.0850
 *189   E  CB      30.2524
 *189   E  C      176.9715
 *189   E  H        8.0131
 *189   E  HA       4.1706
 *189   E  HB2      1.7792
 *189   E  HB3      1.7530
 *189   E  HG2      2.1310
 *189   E  HG3      2.3770
