# Entries marked with a * may have inaccurate shift predictions.
# Entries marked with a value -666 should be igonored
# Output format adjusted by GV 11 September 2007
  171   V  N      114.0575
  171   V  CA      60.6591
  171   V  CB      32.3160
  171   V  C      172.5450
  171   V  H        8.0393
  171   V  HA       4.0089
  171   V  HB       2.0849
  171   V  HG11     0.9310
  171   V  HG12     0.9605
  171   V  HG13     0.8343
  171   V  HG21     0.9693
  171   V  HG22     0.9391
  171   V  HG23     0.9594
  172   P  CA      60.4198
  172   P  CB      32.5567
  172   P  C      176.5387
  172   P  HA       4.6019
  172   P  HB2      2.3597
  172   P  HB3      2.1888
  172   P  HD2      3.4381
  172   P  HD3      3.7695
  172   P  HG2      1.9857
  172   P  HG3      2.1679
  173   C  N      122.5019
  173   C  CA      59.7315
  173   C  CB      40.8898
  173   C  C      176.8787
  173   C  H        8.7351
  173   C  HA       4.3197
  173   C  HB2      3.0760
  173   C  HB3      3.1788
  174   S  N      113.7651
  174   S  CA      60.2505
  174   S  CB      62.5592
  174   S  C      175.0465
  174   S  H        8.1353
  174   S  HA       4.1181
  174   S  HB2      4.0192
  174   S  HB3      3.9989
  175   T  N      111.6142
  175   T  CA      62.1642
  175   T  CB      70.0660
  175   T  C      175.1269
  175   T  H        7.6733
  175   T  HA       4.5928
  175   T  HB       4.2400
  175   T  HG21     1.2112
  175   T  HG22     1.2120
  175   T  HG23     1.2115
  176   C  N      120.0100
  176   C  CA      57.9630
  176   C  CB      40.8052
  176   C  C      173.5385
  176   C  H        8.0257
  176   C  HA       4.3494
  176   C  HB2      3.1027
  176   C  HB3      3.2031
  177   E  N      117.6946
  177   E  CA      57.4898
  177   E  CB      26.4667
  177   E  C      175.3126
  177   E  H        9.4210
  177   E  HA       3.7508
  177   E  HB2      2.0539
  177   E  HB3      1.9827
  177   E  HG2      2.2233
  177   E  HG3      2.3422
  178   G  N      103.9755
  178   G  CA      45.4631
  178   G  C      173.3860
  178   G  H        8.3531
  178   G  HA    -666.0000
  178   G  HA2      3.9582
  178   G  HA3      3.9578
  179   N  N      119.0685
  179   N  CA      52.3901
  179   N  CB      39.3028
  179   N  C      175.3905
  179   N  H        7.8724
  179   N  HA       4.5963
  179   N  HB2      2.8007
  179   N  HB3      2.7273
  179   N  HD21     7.1762
  179   N  HD22     7.2313
  180   L  N      129.1131
  180   L  CA      57.2447
  180   L  CB      41.6526
  180   L  C      179.4254
  180   L  H        8.4481
  180   L  HA       3.9725
  180   L  HB2      1.7229
  180   L  HB3      1.6992
  180   L  HD11     0.9178
  180   L  HD12     0.9176
  180   L  HD13     0.9179
  180   L  HD21     0.2307
  180   L  HD22     1.5970
  180   L  HD23     0.8664
  180   L  HG       1.7140
  181   A  N      120.7905
  181   A  CA      55.1939
  181   A  CB      18.3918
  181   A  C      179.6746
  181   A  H        7.9023
  181   A  HA       3.9174
  181   A  HB1      1.3849
  181   A  HB2      1.3511
  181   A  HB3      1.3302
  182   C  N      116.9962
  182   C  CA      60.1498
  182   C  CB      43.4442
  182   C  C      175.9743
  182   C  H        8.0127
  182   C  HA       4.0925
  182   C  HB2      2.9735
  182   C  HB3      3.2319
  183   L  N      119.1239
  183   L  CA      57.8699
  183   L  CB      41.2050
  183   L  C      179.4622
  183   L  H        7.9802
  183   L  HA       3.8365
  183   L  HB2      1.8704
  183   L  HB3      1.7090
  183   L  HD11     0.9155
  183   L  HD12     0.9868
  183   L  HD13     0.9155
  183   L  HD21     0.4124
  183   L  HD22     2.2422
  183   L  HD23     0.8638
  183   L  HG       1.6548
  184   S  N      114.4552
  184   S  CA      61.1748
  184   S  CB      62.7477
  184   S  C      176.3793
  184   S  H        7.8509
  184   S  HA       4.2660
  184   S  HB2      4.0005
  184   S  HB3      3.9130
  185   L  N      121.4915
  185   L  CA      56.9047
  185   L  CB      41.6520
  185   L  C      175.1578
  185   L  H        7.5442
  185   L  HA       4.1490
  185   L  HB2      1.6736
  185   L  HB3      1.7019
  185   L  HD11     0.9108
  185   L  HD12     0.9125
  185   L  HD13     0.9132
  185   L  HD21     0.3089
  185   L  HD22     2.9216
  185   L  HD23     0.8615
  185   L  HG       1.7976
  186   C  N      112.3127
  186   C  CA      54.7829
  186   C  CB      43.0086
  186   C  C      172.0162
  186   C  H        7.4311
  186   C  HA       4.5412
  186   C  HB2      3.0360
  186   C  HB3      3.0625
  187   H  N      116.8461
  187   H  CA      54.5167
  187   H  CB      29.3719
  187   H  C      176.3337
  187   H  H        8.1436
  187   H  HA       4.7505
  187   H  HB2      3.1287
  187   H  HB3      3.2904
  187   H  HD2      5.8827
  187   H  HE1      6.8960
  188   I  N      128.6675
  188   I  CA      59.9819
  188   I  CB      36.4436
  188   I  C      175.7501
  188   I  H        8.1415
  188   I  HA       3.9524
  188   I  HB       1.8662
  188   I  HD11     0.8623
  188   I  HD12     0.8632
  188   I  HD13     0.8609
  188   I  HG12     1.2714
  188   I  HG13     1.0581
  188   I  HG21     0.9151
  188   I  HG22     0.9142
  188   I  HG23     0.9105
 *189   E  N      119.6708
 *189   E  CA      55.5642
 *189   E  CB      30.2540
 *189   E  C      176.1418
 *189   E  H        8.1425
 *189   E  HA       4.1743
 *189   E  HB2      1.7835
 *189   E  HB3      1.7663
 *189   E  HG2      2.1436
 *189   E  HG3      2.3834
