# Entries marked with a * may have inaccurate shift predictions.
# Entries marked with a value -666 should be igonored
# Output format adjusted by GV 11 September 2007
  171   V  N      114.0562
  171   V  CA      60.6059
  171   V  CB      32.2905
  171   V  C      171.9749
  171   V  H        7.8976
  171   V  HA       4.0415
  171   V  HB       2.0196
  171   V  HG11     0.9225
  171   V  HG12     0.9528
  171   V  HG13     0.6216
  171   V  HG21     0.6992
  171   V  HG22     0.9814
  171   V  HG23     0.9368
  172   P  CA      60.2078
  172   P  CB      33.4628
  172   P  C      176.5353
  172   P  HA       4.9577
  172   P  HB2      2.2787
  172   P  HB3      2.1782
  172   P  HD2      3.6941
  172   P  HD3      3.7644
  172   P  HG2      1.9810
  172   P  HG3      2.0594
  173   C  N      120.8916
  173   C  CA      59.8651
  173   C  CB      40.8642
  173   C  C      177.1300
  173   C  H        8.3959
  173   C  HA       4.2986
  173   C  HB2      3.2007
  173   C  HB3      3.1759
  174   S  N      114.0615
  174   S  CA      60.2507
  174   S  CB      62.4939
  174   S  C      175.2322
  174   S  H        8.4242
  174   S  HA       4.2230
  174   S  HB2      4.0274
  174   S  HB3      3.9950
  175   T  N      111.7819
  175   T  CA      62.4523
  175   T  CB      70.3245
  175   T  C      175.2037
  175   T  H        7.6745
  175   T  HA       4.6027
  175   T  HB       4.2390
  175   T  HG21     1.2111
  175   T  HG22     1.2117
  175   T  HG23     1.2120
  176   C  N      118.4086
  176   C  CA      57.7572
  176   C  CB      40.6323
  176   C  C      173.4857
  176   C  H        7.9124
  176   C  HA       4.3420
  176   C  HB2      3.0343
  176   C  HB3      3.2051
  177   E  N      117.9890
  177   E  CA      57.4834
  177   E  CB      26.4497
  177   E  C      175.2555
  177   E  H        9.4540
  177   E  HA       3.6029
  177   E  HB2      2.0565
  177   E  HB3      1.9858
  177   E  HG2      2.2214
  177   E  HG3      2.3414
  178   G  N      104.2815
  178   G  CA      45.3583
  178   G  C      173.4829
  178   G  H        8.3868
  178   G  HA    -666.0000
  178   G  HA2      3.9576
  178   G  HA3      3.9572
  179   N  N      119.1979
  179   N  CA      52.3622
  179   N  CB      39.3522
  179   N  C      175.3260
  179   N  H        7.8453
  179   N  HA       4.5980
  179   N  HB2      2.8114
  179   N  HB3      2.7274
  179   N  HD21     7.1651
  179   N  HD22     6.5269
  180   L  N      129.1371
  180   L  CA      57.2435
  180   L  CB      41.7628
  180   L  C      179.4218
  180   L  H        8.4515
  180   L  HA       3.9675
  180   L  HB2      1.7228
  180   L  HB3      1.7010
  180   L  HD11     0.9178
  180   L  HD12     0.9178
  180   L  HD13     0.9179
  180   L  HD21     0.2255
  180   L  HD22     2.0242
  180   L  HD23     0.8669
  180   L  HG       1.7202
  181   A  N      120.7426
  181   A  CA      55.2158
  181   A  CB      18.0581
  181   A  C      179.6568
  181   A  H        7.9043
  181   A  HA       3.9064
  181   A  HB1      1.3854
  181   A  HB2      1.3703
  181   A  HB3      1.3315
  182   C  N      116.2536
  182   C  CA      60.1530
  182   C  CB      43.4714
  182   C  C      175.9588
  182   C  H        7.9510
  182   C  HA       4.0866
  182   C  HB2      3.0147
  182   C  HB3      3.2259
  183   L  N      118.9700
  183   L  CA      57.8820
  183   L  CB      41.1805
  183   L  C      179.4759
  183   L  H        7.9484
  183   L  HA       3.9007
  183   L  HB2      1.8570
  183   L  HB3      1.7121
  183   L  HD11     0.9152
  183   L  HD12     0.9867
  183   L  HD13     0.8997
  183   L  HD21     0.4286
  183   L  HD22     2.3198
  183   L  HD23     0.8631
  183   L  HG       1.6779
  184   S  N      114.4488
  184   S  CA      61.4442
  184   S  CB      62.8286
  184   S  C      176.3439
  184   S  H        7.8441
  184   S  HA       4.2808
  184   S  HB2      4.0144
  184   S  HB3      3.9141
  185   L  N      120.8199
  185   L  CA      56.7170
  185   L  CB      41.5282
  185   L  C      175.0189
  185   L  H        7.6460
  185   L  HA       4.1625
  185   L  HB2      1.5892
  185   L  HB3      1.7065
  185   L  HD11     0.9087
  185   L  HD12     0.9123
  185   L  HD13     0.9133
  185   L  HD21     0.3385
  185   L  HD22     2.2499
  185   L  HD23     0.8646
  185   L  HG       1.7913
  186   C  N      111.4542
  186   C  CA      55.2592
  186   C  CB      42.2246
  186   C  C      172.9139
  186   C  H        7.1054
  186   C  HA       5.2224
  186   C  HB2      3.1064
  186   C  HB3      3.2592
  187   H  N      115.8810
  187   H  CA      54.7192
  187   H  CB      30.3796
  187   H  C      174.5845
  187   H  H        8.1846
  187   H  HA       4.9031
  187   H  HB2      3.2247
  187   H  HB3      3.2641
  187   H  HD2      5.6037
  187   H  HE1      6.7405
  188   I  N      126.1356
  188   I  CA      60.5934
  188   I  CB      38.0540
  188   I  C      176.4234
  188   I  H        8.3765
  188   I  HA       4.3470
  188   I  HB       1.8780
  188   I  HD11     0.8534
  188   I  HD12     0.8544
  188   I  HD13     0.8579
  188   I  HG12     1.2055
  188   I  HG13     0.7868
  188   I  HG21     0.9125
  188   I  HG22     0.9131
  188   I  HG23     0.9150
 *189   E  N      122.4609
 *189   E  CA      56.1077
 *189   E  CB      30.3076
 *189   E  C      171.9867
 *189   E  H        8.6970
 *189   E  HA       4.1376
 *189   E  HB2      1.7380
 *189   E  HB3      1.7694
 *189   E  HG2      2.1370
 *189   E  HG3      2.3879
