# Entries marked with a * may have inaccurate shift predictions.
# Entries marked with a value -666 should be igonored
# Output format adjusted by GV 11 September 2007
  171   V  N      120.3961
  171   V  CA      62.2604
  171   V  CB      33.5522
  171   V  C      175.9921
  171   V  H        8.0549
  171   V  HA       4.0536
  171   V  HB       2.1605
  171   V  HG11     0.9221
  171   V  HG12     0.9038
  171   V  HG13     1.1814
  171   V  HG21     0.9496
  171   V  HG22     0.9609
  171   V  HG23     0.9754
  172   P  CA      62.8362
  172   P  CB      31.6012
  172   P  C      176.5497
  172   P  HA       4.2812
  172   P  HB2      2.3127
  172   P  HB3      2.0189
  172   P  HD2      3.6811
  172   P  HD3      3.8289
  172   P  HG2      2.1461
  172   P  HG3      2.2348
  173   C  N      120.8497
  173   C  CA      60.0775
  173   C  CB      40.8445
  173   C  C      176.2219
  173   C  H        8.5528
  173   C  HA       4.3037
  173   C  HB2      2.9154
  173   C  HB3      3.1321
  174   S  N      115.8957
  174   S  CA      59.9826
  174   S  CB      62.5046
  174   S  C      175.4264
  174   S  H        8.4634
  174   S  HA       4.2077
  174   S  HB2      4.0512
  174   S  HB3      4.0028
  175   T  N      112.0841
  175   T  CA      62.8843
  175   T  CB      69.7715
  175   T  C      175.7244
  175   T  H        7.6962
  175   T  HA       4.4208
  175   T  HB       4.2455
  175   T  HG21     1.2151
  175   T  HG22     1.2182
  175   T  HG23     1.2173
  176   C  N      119.3484
  176   C  CA      58.3586
  176   C  CB      39.3723
  176   C  C      173.6981
  176   C  H        8.1389
  176   C  HA       4.3478
  176   C  HB2      2.9864
  176   C  HB3      3.2091
  177   E  N      118.4229
  177   E  CA      57.5740
  177   E  CB      27.0027
  177   E  C      175.9616
  177   E  H        9.2372
  177   E  HA       3.5407
  177   E  HB2      2.1192
  177   E  HB3      1.9663
  177   E  HG2      2.3065
  177   E  HG3      2.3781
  178   G  N      104.3532
  178   G  CA      45.1886
  178   G  C      173.4539
  178   G  H        8.3450
  178   G  HA    -666.0000
  178   G  HA2      3.9591
  178   G  HA3      3.9586
  179   N  N      118.8002
  179   N  CA      52.4300
  179   N  CB      39.4303
  179   N  C      175.2534
  179   N  H        7.8867
  179   N  HA       4.5984
  179   N  HB2      2.7635
  179   N  HB3      2.7300
  179   N  HD21     7.1318
  179   N  HD22     6.3284
  180   L  N      129.1561
  180   L  CA      57.2855
  180   L  CB      41.7704
  180   L  C      179.4176
  180   L  H        8.4625
  180   L  HA       3.9656
  180   L  HB2      1.7234
  180   L  HB3      1.7010
  180   L  HD11     0.9181
  180   L  HD12     0.9178
  180   L  HD13     0.9180
  180   L  HD21     0.2265
  180   L  HD22     2.0885
  180   L  HD23     0.8666
  180   L  HG       1.7197
  181   A  N      120.7027
  181   A  CA      55.2088
  181   A  CB      18.0158
  181   A  C      179.6617
  181   A  H        7.9072
  181   A  HA       3.9213
  181   A  HB1      1.3872
  181   A  HB2      1.3675
  181   A  HB3      1.3333
  182   C  N      116.2652
  182   C  CA      60.1426
  182   C  CB      43.4811
  182   C  C      175.8377
  182   C  H        7.9563
  182   C  HA       4.0929
  182   C  HB2      3.0183
  182   C  HB3      3.2290
  183   L  N      119.0365
  183   L  CA      57.9619
  183   L  CB      41.2133
  183   L  C      179.2843
  183   L  H        7.9194
  183   L  HA       3.8936
  183   L  HB2      1.8600
  183   L  HB3      1.7197
  183   L  HD11     0.9163
  183   L  HD12     0.9895
  183   L  HD13     0.9012
  183   L  HD21     0.3577
  183   L  HD22     2.3423
  183   L  HD23     0.8655
  183   L  HG       1.7026
  184   S  N      112.0585
  184   S  CA      61.1637
  184   S  CB      62.4081
  184   S  C      175.8720
  184   S  H        7.8296
  184   S  HA       4.2311
  184   S  HB2      4.0059
  184   S  HB3      4.0105
  185   L  N      120.5349
  185   L  CA      56.2628
  185   L  CB      41.5813
  185   L  C      174.9596
  185   L  H        7.6645
  185   L  HA       4.1622
  185   L  HB2      1.7483
  185   L  HB3      1.6927
  185   L  HD11     0.9169
  185   L  HD12     0.9188
  185   L  HD13     0.9175
  185   L  HD21     0.3306
  185   L  HD22     2.1782
  185   L  HD23     0.8649
  185   L  HG       1.7820
  186   C  N      112.0498
  186   C  CA      55.6631
  186   C  CB      38.6931
  186   C  C      172.7986
  186   C  H        7.0297
  186   C  HA       4.5286
  186   C  HB2      3.0169
  186   C  HB3      3.3108
  187   H  N      116.4540
  187   H  CA      54.6530
  187   H  CB      30.3087
  187   H  C      175.2398
  187   H  H        8.3538
  187   H  HA       4.7390
  187   H  HB2      3.1647
  187   H  HB3      3.2640
  187   H  HD2      5.7991
  187   H  HE1      6.7235
  188   I  N      127.5650
  188   I  CA      60.3264
  188   I  CB      35.4552
  188   I  C      176.4344
  188   I  H        8.2929
  188   I  HA       4.2724
  188   I  HB       1.8738
  188   I  HD11     0.8550
  188   I  HD12     0.8492
  188   I  HD13     0.8482
  188   I  HG12     1.1965
  188   I  HG13     0.7782
  188   I  HG21     0.9136
  188   I  HG22     0.9112
  188   I  HG23     0.9109
 *189   E  N      120.8156
 *189   E  CA      55.9021
 *189   E  CB      30.3074
 *189   E  C      176.4469
 *189   E  H        8.0925
 *189   E  HA       4.1382
 *189   E  HB2      1.7383
 *189   E  HB3      1.7689
 *189   E  HG2      2.1327
 *189   E  HG3      2.3817
