# Entries marked with a * may have inaccurate shift predictions.
# Entries marked with a value -666 should be igonored
# Output format adjusted by GV 11 September 2007
  171   V  N      114.0575
  171   V  CA      60.7068
  171   V  CB      32.3359
  171   V  C      172.6841
  171   V  H        8.0393
  171   V  HA       3.9902
  171   V  HB       2.1033
  171   V  HG11     0.9408
  171   V  HG12     0.9699
  171   V  HG13     0.8573
  171   V  HG21     0.9786
  171   V  HG22     1.0013
  171   V  HG23     0.9631
  172   P  CA      60.4904
  172   P  CB      31.9371
  172   P  C      176.5194
  172   P  HA       4.5466
  172   P  HB2      2.3574
  172   P  HB3      2.1931
  172   P  HD2      3.4391
  172   P  HD3      3.7668
  172   P  HG2      1.9867
  172   P  HG3      2.1637
  173   C  N      122.7357
  173   C  CA      59.8993
  173   C  CB      40.7636
  173   C  C      177.1903
  173   C  H        8.7040
  173   C  HA       4.2611
  173   C  HB2      3.0146
  173   C  HB3      3.1728
  174   S  N      114.9493
  174   S  CA      61.5121
  174   S  CB      62.3302
  174   S  C      175.9645
  174   S  H        8.0707
  174   S  HA       4.0043
  174   S  HB2      4.0134
  174   S  HB3      4.0169
  175   T  N      111.4730
  175   T  CA      63.5440
  175   T  CB      69.3391
  175   T  C      176.0891
  175   T  H        7.6667
  175   T  HA       4.2448
  175   T  HB       4.2373
  175   T  HG21     1.2084
  175   T  HG22     1.2080
  175   T  HG23     1.2086
  176   C  N      119.7206
  176   C  CA      57.6363
  176   C  CB      40.4048
  176   C  C      173.4232
  176   C  H        8.2205
  176   C  HA       4.3862
  176   C  HB2      3.1152
  176   C  HB3      3.2124
  177   E  N      116.1184
  177   E  CA      57.3049
  177   E  CB      28.4986
  177   E  C      175.4995
  177   E  H        9.0386
  177   E  HA       3.5308
  177   E  HB2      2.1861
  177   E  HB3      2.0580
  177   E  HG2      2.2176
  177   E  HG3      2.4425
  178   G  N      105.1704
  178   G  CA      46.3309
  178   G  C      174.0007
  178   G  H        8.5287
  178   G  HA    -666.0000
  178   G  HA2      3.9566
  178   G  HA3      3.9559
  179   N  N      119.1967
  179   N  CA      52.4675
  179   N  CB      39.3824
  179   N  C      175.3736
  179   N  H        8.1832
  179   N  HA       4.5887
  179   N  HB2      2.8702
  179   N  HB3      2.7229
  179   N  HD21     7.1589
  179   N  HD22     6.8112
  180   L  N      129.0400
  180   L  CA      57.2381
  180   L  CB      41.6204
  180   L  C      179.4273
  180   L  H        8.4711
  180   L  HA       4.0138
  180   L  HB2      1.7225
  180   L  HB3      1.6996
  180   L  HD11     0.9175
  180   L  HD12     0.9176
  180   L  HD13     0.9176
  180   L  HD21     0.2369
  180   L  HD22     1.7903
  180   L  HD23     0.8660
  180   L  HG       1.7046
  181   A  N      120.8106
  181   A  CA      55.1851
  181   A  CB      18.5528
  181   A  C      179.7146
  181   A  H        7.8974
  181   A  HA       3.9197
  181   A  HB1      1.3860
  181   A  HB2      1.3516
  181   A  HB3      1.3295
  182   C  N      116.6440
  182   C  CA      60.0997
  182   C  CB      43.4559
  182   C  C      175.9138
  182   C  H        7.9902
  182   C  HA       4.1236
  182   C  HB2      2.9977
  182   C  HB3      3.2158
  183   L  N      119.3304
  183   L  CA      57.9050
  183   L  CB      41.2073
  183   L  C      179.4778
  183   L  H        8.0375
  183   L  HA       3.8644
  183   L  HB2      1.8515
  183   L  HB3      1.7039
  183   L  HD11     0.9118
  183   L  HD12     0.9848
  183   L  HD13     0.9128
  183   L  HD21     0.3967
  183   L  HD22     1.2868
  183   L  HD23     0.8563
  183   L  HG       1.6631
  184   S  N      114.3936
  184   S  CA      61.1504
  184   S  CB      62.7326
  184   S  C      176.4514
  184   S  H        7.8155
  184   S  HA       4.2613
  184   S  HB2      4.0134
  184   S  HB3      3.9196
  185   L  N      121.6975
  185   L  CA      57.1271
  185   L  CB      41.7061
  185   L  C      175.1294
  185   L  H        7.5117
  185   L  HA       4.1547
  185   L  HB2      1.6669
  185   L  HB3      1.7128
  185   L  HD11     0.9131
  185   L  HD12     0.9171
  185   L  HD13     0.9163
  185   L  HD21     0.3067
  185   L  HD22     1.9450
  185   L  HD23     0.8685
  185   L  HG       1.8034
  186   C  N      111.4337
  186   C  CA      54.7035
  186   C  CB      43.6892
  186   C  C      171.4720
  186   C  H        7.5365
  186   C  HA       4.6008
  186   C  HB2      3.0925
  186   C  HB3      3.0448
  187   H  N      115.5128
  187   H  CA      55.5234
  187   H  CB      30.3681
  187   H  C      174.9160
  187   H  H        8.3345
  187   H  HA       4.4225
  187   H  HB2      3.0637
  187   H  HB3      3.1214
  187   H  HD2      5.8377
  187   H  HE1      7.0798
  188   I  N      124.9163
  188   I  CA      60.6352
  188   I  CB      41.0608
  188   I  C      175.9921
  188   I  H        8.2191
  188   I  HA       4.3453
  188   I  HB       1.8853
  188   I  HD11     0.8737
  188   I  HD12     0.8678
  188   I  HD13     0.8707
  188   I  HG12     1.2794
  188   I  HG13     0.6129
  188   I  HG21     0.9160
  188   I  HG22     0.9139
  188   I  HG23     0.9164
 *189   E  N      120.4667
 *189   E  CA      56.1221
 *189   E  CB      30.2519
 *189   E  C      171.9613
 *189   E  H        8.8429
 *189   E  HA       4.1511
 *189   E  HB2      1.7359
 *189   E  HB3      1.7649
 *189   E  HG2      2.1283
 *189   E  HG3      2.3757
