# Entries marked with a * may have inaccurate shift predictions.
# Entries marked with a value -666 should be igonored
# Output format adjusted by GV 11 September 2007
  171   V  N      114.0577
  171   V  CA      60.7157
  171   V  CB      32.4847
  171   V  C      172.5188
  171   V  H        7.8976
  171   V  HA       4.0248
  171   V  HB       2.0932
  171   V  HG11     0.9352
  171   V  HG12     0.9647
  171   V  HG13     0.8592
  171   V  HG21     0.9741
  171   V  HG22     1.0467
  171   V  HG23     0.9654
  172   P  CA      60.5905
  172   P  CB      32.7278
  172   P  C      176.8150
  172   P  HA       4.6054
  172   P  HB2      2.2880
  172   P  HB3      2.1889
  172   P  HD2      3.7037
  172   P  HD3      3.7708
  172   P  HG2      1.9960
  172   P  HG3      2.0494
  173   C  N      122.2184
  173   C  CA      59.7455
  173   C  CB      40.8423
  173   C  C      176.8733
  173   C  H        8.7560
  173   C  HA       4.2957
  173   C  HB2      3.0750
  173   C  HB3      3.1800
  174   S  N      113.9582
  174   S  CA      60.2937
  174   S  CB      62.5332
  174   S  C      175.0720
  174   S  H        8.1542
  174   S  HA       4.1024
  174   S  HB2      4.0172
  174   S  HB3      3.9988
  175   T  N      111.6986
  175   T  CA      62.3161
  175   T  CB      70.0561
  175   T  C      175.2321
  175   T  H        7.6316
  175   T  HA       4.4826
  175   T  HB       4.2387
  175   T  HG21     1.2099
  175   T  HG22     1.2101
  175   T  HG23     1.2101
  176   C  N      120.0965
  176   C  CA      57.8962
  176   C  CB      40.7754
  176   C  C      173.5716
  176   C  H        8.0209
  176   C  HA       4.3505
  176   C  HB2      3.0867
  176   C  HB3      3.2015
  177   E  N      117.6890
  177   E  CA      57.4826
  177   E  CB      26.4810
  177   E  C      175.3147
  177   E  H        9.4303
  177   E  HA       3.7658
  177   E  HB2      2.0541
  177   E  HB3      1.9845
  177   E  HG2      2.2221
  177   E  HG3      2.3413
  178   G  N      104.0943
  178   G  CA      45.4288
  178   G  C      173.4261
  178   G  H        8.3795
  178   G  HA    -666.0000
  178   G  HA2      3.9575
  178   G  HA3      3.9569
  179   N  N      119.0517
  179   N  CA      52.4036
  179   N  CB      39.3735
  179   N  C      175.4216
  179   N  H        7.8836
  179   N  HA       4.5976
  179   N  HB2      2.8052
  179   N  HB3      2.7240
  179   N  HD21     7.1754
  179   N  HD22     7.4432
  180   L  N      129.0360
  180   L  CA      57.2034
  180   L  CB      41.6376
  180   L  C      179.4206
  180   L  H        8.4567
  180   L  HA       3.9869
  180   L  HB2      1.7226
  180   L  HB3      1.6987
  180   L  HD11     0.9175
  180   L  HD12     0.9173
  180   L  HD13     0.9176
  180   L  HD21     0.2347
  180   L  HD22     1.5651
  180   L  HD23     0.8659
  180   L  HG       1.7117
  181   A  N      120.8362
  181   A  CA      55.1875
  181   A  CB      18.4080
  181   A  C      179.6742
  181   A  H        7.8990
  181   A  HA       3.9198
  181   A  HB1      1.3851
  181   A  HB2      1.3521
  181   A  HB3      1.3295
  182   C  N      116.4179
  182   C  CA      60.1416
  182   C  CB      43.4464
  182   C  C      175.9625
  182   C  H        7.9667
  182   C  HA       4.1167
  182   C  HB2      3.0121
  182   C  HB3      3.2271
  183   L  N      119.2245
  183   L  CA      57.7705
  183   L  CB      41.2233
  183   L  C      179.2205
  183   L  H        7.9932
  183   L  HA       3.8231
  183   L  HB2      1.8579
  183   L  HB3      1.7060
  183   L  HD11     0.9137
  183   L  HD12     0.9844
  183   L  HD13     0.9142
  183   L  HD21     0.3252
  183   L  HD22     1.7799
  183   L  HD23     0.8606
  183   L  HG       1.6512
  184   S  N      112.2325
  184   S  CA      60.7599
  184   S  CB      62.3108
  184   S  C      175.9559
  184   S  H        7.8624
  184   S  HA       4.2210
  184   S  HB2      3.9923
  184   S  HB3      4.0184
  185   L  N      121.8504
  185   L  CA      56.8338
  185   L  CB      41.6903
  185   L  C      175.0742
  185   L  H        7.4796
  185   L  HA       4.1535
  185   L  HB2      1.7026
  185   L  HB3      1.6883
  185   L  HD11     0.9115
  185   L  HD12     0.9142
  185   L  HD13     0.9142
  185   L  HD21     0.3024
  185   L  HD22     1.5443
  185   L  HD23     0.8644
  185   L  HG       1.8030
  186   C  N      111.4460
  186   C  CA      54.2727
  186   C  CB      42.8719
  186   C  C      172.0799
  186   C  H        7.2310
  186   C  HA       4.5851
  186   C  HB2      3.0374
  186   C  HB3      3.0546
  187   H  N      116.9179
  187   H  CA      54.2620
  187   H  CB      29.5814
  187   H  C      174.8609
  187   H  H        8.1765
  187   H  HA       4.7958
  187   H  HB2      3.1076
  187   H  HB3      3.4345
  187   H  HD2      5.8808
  187   H  HE1      6.8644
  188   I  N      126.7834
  188   I  CA      63.0114
  188   I  CB      38.8897
  188   I  C      175.7018
  188   I  H        8.4484
  188   I  HA       3.9025
  188   I  HB       1.8620
  188   I  HD11     0.8539
  188   I  HD12     0.8575
  188   I  HD13     0.8574
  188   I  HG12     1.2739
  188   I  HG13     0.7988
  188   I  HG21     0.9128
  188   I  HG22     0.9131
  188   I  HG23     0.9084
 *189   E  N      119.6949
 *189   E  CA      56.0152
 *189   E  CB      30.2536
 *189   E  C      178.0519
 *189   E  H        8.0466
 *189   E  HA       4.1748
 *189   E  HB2      1.7836
 *189   E  HB3      1.7568
 *189   E  HG2      2.1511
 *189   E  HG3      2.3876
