# Entries marked with a * may have inaccurate shift predictions.
# Entries marked with a value -666 should be igonored
# Output format adjusted by GV 11 September 2007
  171   V  N      114.0591
  171   V  CA      60.4548
  171   V  CB      34.0853
  171   V  C      175.8977
  171   V  H        8.0549
  171   V  HA       4.0886
  171   V  HB       2.1059
  171   V  HG11     0.9421
  171   V  HG12     0.9143
  171   V  HG13     0.8472
  171   V  HG21     0.9956
  171   V  HG22     0.9620
  171   V  HG23     0.9831
  172   P  CA      62.8100
  172   P  CB      31.4642
  172   P  C      176.3421
  172   P  HA       4.1115
  172   P  HB2      2.2668
  172   P  HB3      2.0318
  172   P  HD2      3.6202
  172   P  HD3      3.8053
  172   P  HG2      2.1374
  172   P  HG3      2.2068
  173   C  N      120.7573
  173   C  CA      60.1054
  173   C  CB      40.8561
  173   C  C      176.1114
  173   C  H        8.8691
  173   C  HA       4.3177
  173   C  HB2      2.9662
  173   C  HB3      3.1386
  174   S  N      114.6661
  174   S  CA      60.8936
  174   S  CB      62.4644
  174   S  C      175.5166
  174   S  H        8.1966
  174   S  HA       4.0084
  174   S  HB2      4.0204
  174   S  HB3      4.0160
  175   T  N      111.5136
  175   T  CA      62.7857
  175   T  CB      69.5863
  175   T  C      175.8953
  175   T  H        7.6506
  175   T  HA       4.3881
  175   T  HB       4.2446
  175   T  HG21     1.2143
  175   T  HG22     1.2169
  175   T  HG23     1.2157
  176   C  N      119.5655
  176   C  CA      58.3128
  176   C  CB      40.8614
  176   C  C      173.6687
  176   C  H        8.1330
  176   C  HA       4.3484
  176   C  HB2      2.9890
  176   C  HB3      3.2133
  177   E  N      116.4448
  177   E  CA      57.5626
  177   E  CB      26.9023
  177   E  C      175.4200
  177   E  H        8.9481
  177   E  HA       3.5431
  177   E  HB2      2.1330
  177   E  HB3      1.9929
  177   E  HG2      2.2530
  177   E  HG3      2.3087
  178   G  N      104.5752
  178   G  CA      45.2154
  178   G  C      173.4214
  178   G  H        8.3978
  178   G  HA    -666.0000
  178   G  HA2      3.9597
  178   G  HA3      3.9594
  179   N  N      118.9912
  179   N  CA      52.3798
  179   N  CB      39.4736
  179   N  C      175.2888
  179   N  H        7.8598
  179   N  HA       4.6075
  179   N  HB2      2.8432
  179   N  HB3      2.7285
  179   N  HD21     7.1486
  179   N  HD22     6.4583
  180   L  N      129.1538
  180   L  CA      57.3264
  180   L  CB      41.6998
  180   L  C      179.4324
  180   L  H        8.4690
  180   L  HA       3.9644
  180   L  HB2      1.7239
  180   L  HB3      1.7013
  180   L  HD11     0.9185
  180   L  HD12     0.9181
  180   L  HD13     0.9185
  180   L  HD21     0.2298
  180   L  HD22     2.0689
  180   L  HD23     0.8671
  180   L  HG       1.7293
  181   A  N      120.6753
  181   A  CA      55.2025
  181   A  CB      18.6535
  181   A  C      179.7164
  181   A  H        7.9073
  181   A  HA       3.9233
  181   A  HB1      1.3872
  181   A  HB2      1.3721
  181   A  HB3      1.3339
  182   C  N      116.0631
  182   C  CA      60.1176
  182   C  CB      43.5002
  182   C  C      175.8308
  182   C  H        7.9472
  182   C  HA       4.1091
  182   C  HB2      3.0311
  182   C  HB3      3.2225
  183   L  N      119.0422
  183   L  CA      57.9998
  183   L  CB      41.1921
  183   L  C      179.5297
  183   L  H        7.9391
  183   L  HA       3.9314
  183   L  HB2      1.8622
  183   L  HB3      1.7218
  183   L  HD11     0.9177
  183   L  HD12     0.9896
  183   L  HD13     0.9020
  183   L  HD21     0.4426
  183   L  HD22     2.3116
  183   L  HD23     0.8681
  183   L  HG       1.7025
  184   S  N      114.2381
  184   S  CA      61.4470
  184   S  CB      62.8749
  184   S  C      176.3581
  184   S  H        7.8259
  184   S  HA       4.2739
  184   S  HB2      4.0234
  184   S  HB3      3.9108
  185   L  N      120.2638
  185   L  CA      56.1179
  185   L  CB      41.5355
  185   L  C      175.0474
  185   L  H        7.6277
  185   L  HA       4.1630
  185   L  HB2      1.5820
  185   L  HB3      1.7109
  185   L  HD11     0.9164
  185   L  HD12     0.9170
  185   L  HD13     0.9166
  185   L  HD21     0.3527
  185   L  HD22     2.7904
  185   L  HD23     0.8621
  185   L  HG       1.7781
  186   C  N      112.3961
  186   C  CA      55.1002
  186   C  CB      42.5861
  186   C  C      172.4345
  186   C  H        7.0969
  186   C  HA       4.5040
  186   C  HB2      3.2095
  186   C  HB3      3.3383
  187   H  N      117.2903
  187   H  CA      54.4563
  187   H  CB      28.9886
  187   H  C      175.5131
  187   H  H        8.3566
  187   H  HA       4.6039
  187   H  HB2      3.1412
  187   H  HB3      3.3012
  187   H  HD2      5.8804
  187   H  HE1      6.7867
  188   I  N      128.9933
  188   I  CA      60.4220
  188   I  CB      36.5016
  188   I  C      176.3578
  188   I  H        8.2675
  188   I  HA       4.0012
  188   I  HB       1.8712
  188   I  HD11     0.8499
  188   I  HD12     0.8444
  188   I  HD13     0.8396
  188   I  HG12     1.2692
  188   I  HG13     0.3941
  188   I  HG21     0.9136
  188   I  HG22     0.9123
  188   I  HG23     0.9107
 *189   E  N      120.4111
 *189   E  CA      55.9624
 *189   E  CB      30.2526
 *189   E  C      173.5672
 *189   E  H        8.5103
 *189   E  HA       4.1609
 *189   E  HB2      1.7375
 *189   E  HB3      1.7688
 *189   E  HG2      2.1331
 *189   E  HG3      2.3797
