# Entries marked with a * may have inaccurate shift predictions.
# Entries marked with a value -666 should be igonored
# Output format adjusted by GV 11 September 2007
  171   V  N      120.3954
  171   V  CA      62.2472
  171   V  CB      33.5490
  171   V  C      176.0349
  171   V  H        8.0549
  171   V  HA       4.0480
  171   V  HB       2.1237
  171   V  HG11     0.9651
  171   V  HG12     0.8935
  171   V  HG13     1.1364
  171   V  HG21     0.9386
  171   V  HG22     0.9507
  171   V  HG23     0.9477
  172   P  CA      62.8730
  172   P  CB      31.3831
  172   P  C      176.5602
  172   P  HA       4.1940
  172   P  HB2      2.3168
  172   P  HB3      2.0285
  172   P  HD2      3.6807
  172   P  HD3      3.8171
  172   P  HG2      2.1359
  172   P  HG3      2.2106
  173   C  N      120.6624
  173   C  CA      60.0911
  173   C  CB      40.8854
  173   C  C      176.0475
  173   C  H        8.8917
  173   C  HA       4.3076
  173   C  HB2      3.0222
  173   C  HB3      3.2149
  174   S  N      114.3617
  174   S  CA      60.6711
  174   S  CB      62.5274
  174   S  C      175.3262
  174   S  H        8.1876
  174   S  HA       4.1382
  174   S  HB2      4.0216
  174   S  HB3      4.0095
  175   T  N      111.8106
  175   T  CA      62.7180
  175   T  CB      69.5889
  175   T  C      175.7573
  175   T  H        7.6878
  175   T  HA       4.4261
  175   T  HB       4.2460
  175   T  HG21     1.2146
  175   T  HG22     1.2180
  175   T  HG23     1.2158
  176   C  N      119.4517
  176   C  CA      58.5470
  176   C  CB      40.9460
  176   C  C      173.7377
  176   C  H        8.1410
  176   C  HA       4.3474
  176   C  HB2      2.9919
  176   C  HB3      3.2112
  177   E  N      116.8153
  177   E  CA      57.5868
  177   E  CB      26.9643
  177   E  C      175.4339
  177   E  H        8.9720
  177   E  HA       3.5212
  177   E  HB2      2.1031
  177   E  HB3      1.9807
  177   E  HG2      2.3273
  177   E  HG3      2.3791
  178   G  N      104.1949
  178   G  CA      45.2077
  178   G  C      173.4832
  178   G  H        8.3220
  178   G  HA    -666.0000
  178   G  HA2      3.9605
  178   G  HA3      3.9604
  179   N  N      118.4723
  179   N  CA      52.4397
  179   N  CB      39.3225
  179   N  C      175.2353
  179   N  H        7.8946
  179   N  HA       4.5982
  179   N  HB2      2.7849
  179   N  HB3      2.7328
  179   N  HD21     7.1239
  179   N  HD22     6.5436
  180   L  N      129.1609
  180   L  CA      57.2757
  180   L  CB      41.6158
  180   L  C      179.4150
  180   L  H        8.4599
  180   L  HA       3.9691
  180   L  HB2      1.7246
  180   L  HB3      1.7023
  180   L  HD11     0.9191
  180   L  HD12     0.9188
  180   L  HD13     0.9191
  180   L  HD21     0.2273
  180   L  HD22     1.9510
  180   L  HD23     0.8681
  180   L  HG       1.7199
  181   A  N      120.7088
  181   A  CA      55.2130
  181   A  CB      18.4922
  181   A  C      179.6622
  181   A  H        7.9091
  181   A  HA       3.9008
  181   A  HB1      1.3875
  181   A  HB2      1.3676
  181   A  HB3      1.3337
  182   C  N      116.4907
  182   C  CA      60.1340
  182   C  CB      43.4741
  182   C  C      175.8533
  182   C  H        7.9750
  182   C  HA       4.0954
  182   C  HB2      3.0069
  182   C  HB3      3.2330
  183   L  N      119.0763
  183   L  CA      57.9443
  183   L  CB      41.2211
  183   L  C      179.2710
  183   L  H        7.9344
  183   L  HA       3.8594
  183   L  HB2      1.8633
  183   L  HB3      1.7210
  183   L  HD11     0.9194
  183   L  HD12     0.9917
  183   L  HD13     0.9042
  183   L  HD21     0.3585
  183   L  HD22     2.2528
  183   L  HD23     0.8707
  183   L  HG       1.7031
  184   S  N      112.2625
  184   S  CA      61.2375
  184   S  CB      62.4081
  184   S  C      175.9115
  184   S  H        7.8700
  184   S  HA       4.3794
  184   S  HB2      4.0016
  184   S  HB3      4.0067
  185   L  N      120.8664
  185   L  CA      57.1450
  185   L  CB      41.6392
  185   L  C      174.8761
  185   L  H        7.6151
  185   L  HA       4.1591
  185   L  HB2      1.5919
  185   L  HB3      1.6936
  185   L  HD11     0.9152
  185   L  HD12     0.9144
  185   L  HD13     0.9156
  185   L  HD21     0.3352
  185   L  HD22     2.6546
  185   L  HD23     0.8605
  185   L  HG       1.7969
  186   C  N      112.5033
  186   C  CA      55.1593
  186   C  CB      43.1252
  186   C  C      172.5939
  186   C  H        7.4475
  186   C  HA       4.5416
  186   C  HB2      3.3387
  186   C  HB3      3.3657
  187   H  N      115.1245
  187   H  CA      57.9388
  187   H  CB      29.4695
  187   H  C      176.7595
  187   H  H        8.5276
  187   H  HA       4.3696
  187   H  HB2      3.1402
  187   H  HB3      3.4040
  187   H  HD2      5.8821
  187   H  HE1      6.9885
  188   I  N      123.0541
  188   I  CA      60.7488
  188   I  CB      36.0990
  188   I  C      176.1292
  188   I  H        7.5052
  188   I  HA       4.0579
  188   I  HB       1.8856
  188   I  HD11     0.8861
  188   I  HD12     0.8759
  188   I  HD13     0.8727
  188   I  HG12     1.3068
  188   I  HG13     0.7988
  188   I  HG21     0.9188
  188   I  HG22     0.9184
  188   I  HG23     0.9172
 *189   E  N      119.8256
 *189   E  CA      56.1890
 *189   E  CB      30.2502
 *189   E  C      177.6092
 *189   E  H        7.7641
 *189   E  HA       4.1489
 *189   E  HB2      1.7275
 *189   E  HB3      1.7577
 *189   E  HG2      2.2819
 *189   E  HG3      2.4576
