# Entries marked with a * may have inaccurate shift predictions.
# Entries marked with a value -666 should be igonored
# Output format adjusted by GV 11 September 2007
  171   V  N      114.0595
  171   V  CA      59.9856
  171   V  CB      33.9188
  171   V  C      174.9152
  171   V  H        7.8976
  171   V  HA       4.1133
  171   V  HB       2.0905
  171   V  HG11     0.9395
  171   V  HG12     0.9657
  171   V  HG13     0.8558
  171   V  HG21     0.9532
  171   V  HG22     0.9147
  171   V  HG23     0.9729
  172   P  CA      62.1323
  172   P  CB      32.1215
  172   P  C      176.5838
  172   P  HA       4.3401
  172   P  HB2      2.3161
  172   P  HB3      2.2211
  172   P  HD2      3.7256
  172   P  HD3      3.7999
  172   P  HG2      2.0837
  172   P  HG3      2.0627
  173   C  N      119.8078
  173   C  CA      60.2563
  173   C  CB      40.7889
  173   C  C      177.5525
  173   C  H        8.8999
  173   C  HA       4.2676
  173   C  HB2      3.1462
  173   C  HB3      3.1937
  174   S  N      114.7914
  174   S  CA      61.3584
  174   S  CB      62.3576
  174   S  C      175.8401
  174   S  H        8.1976
  174   S  HA       3.9906
  174   S  HB2      4.0195
  174   S  HB3      4.0216
  175   T  N      111.5471
  175   T  CA      63.3253
  175   T  CB      69.5785
  175   T  C      176.1775
  175   T  H        7.7442
  175   T  HA       4.2935
  175   T  HB       4.2446
  175   T  HG21     1.2142
  175   T  HG22     1.2168
  175   T  HG23     1.2153
  176   C  N      119.6318
  176   C  CA      58.5263
  176   C  CB      40.7500
  176   C  C      173.9890
  176   C  H        8.1873
  176   C  HA       4.3679
  176   C  HB2      3.1254
  176   C  HB3      3.2210
  177   E  N      116.0474
  177   E  CA      57.5583
  177   E  CB      28.4337
  177   E  C      175.3524
  177   E  H        9.1609
  177   E  HA       3.7157
  177   E  HB2      2.2128
  177   E  HB3      2.2018
  177   E  HG2      2.3747
  177   E  HG3      2.2329
  178   G  N      104.1915
  178   G  CA      46.2769
  178   G  C      173.8337
  178   G  H        8.3501
  178   G  HA    -666.0000
  178   G  HA2      3.9602
  178   G  HA3      3.9600
  179   N  N      118.9262
  179   N  CA      52.4812
  179   N  CB      39.4048
  179   N  C      175.2307
  179   N  H        8.1690
  179   N  HA       4.5917
  179   N  HB2      2.8954
  179   N  HB3      2.7327
  179   N  HD21     7.1132
  179   N  HD22     6.4132
  180   L  N      129.1635
  180   L  CA      57.2797
  180   L  CB      41.6366
  180   L  C      179.4357
  180   L  H        8.4619
  180   L  HA       3.9672
  180   L  HB2      1.7243
  180   L  HB3      1.7020
  180   L  HD11     0.9189
  180   L  HD12     0.9186
  180   L  HD13     0.9189
  180   L  HD21     0.2282
  180   L  HD22     2.0988
  180   L  HD23     0.8678
  180   L  HG       1.7132
  181   A  N      120.7137
  181   A  CA      55.2069
  181   A  CB      17.9908
  181   A  C      179.7287
  181   A  H        7.9048
  181   A  HA       3.9330
  181   A  HB1      1.3872
  181   A  HB2      1.3608
  181   A  HB3      1.3330
  182   C  N      116.3847
  182   C  CA      60.0945
  182   C  CB      43.4923
  182   C  C      175.8042
  182   C  H        7.9703
  182   C  HA       4.1163
  182   C  HB2      3.0152
  182   C  HB3      3.2261
  183   L  N      119.1351
  183   L  CA      57.9603
  183   L  CB      41.2172
  183   L  C      179.2764
  183   L  H        7.9269
  183   L  HA       3.8966
  183   L  HB2      1.8649
  183   L  HB3      1.7222
  183   L  HD11     0.9188
  183   L  HD12     0.9920
  183   L  HD13     0.9029
  183   L  HD21     0.3527
  183   L  HD22     2.3522
  183   L  HD23     0.8708
  183   L  HG       1.6986
  184   S  N      111.9379
  184   S  CA      61.1405
  184   S  CB      62.3907
  184   S  C      175.8637
  184   S  H        7.8225
  184   S  HA       4.2311
  184   S  HB2      4.0086
  184   S  HB3      4.0184
  185   L  N      120.9397
  185   L  CA      56.2951
  185   L  CB      41.5720
  185   L  C      174.8196
  185   L  H        7.6297
  185   L  HA       4.1734
  185   L  HB2      1.6022
  185   L  HB3      1.6911
  185   L  HD11     0.9151
  185   L  HD12     0.9147
  185   L  HD13     0.9155
  185   L  HD21     0.3192
  185   L  HD22     2.9222
  185   L  HD23     0.8601
  185   L  HG       1.7876
  186   C  N      111.5667
  186   C  CA      54.6245
  186   C  CB      42.4926
  186   C  C      172.4179
  186   C  H        7.2107
  186   C  HA       4.5612
  186   C  HB2      3.2443
  186   C  HB3      3.3232
  187   H  N      117.1727
  187   H  CA      54.7112
  187   H  CB      28.6408
  187   H  C      175.9009
  187   H  H        8.3554
  187   H  HA       4.5716
  187   H  HB2      3.1434
  187   H  HB3      3.3071
  187   H  HD2      5.8815
  187   H  HE1      6.7709
  188   I  N      129.1974
  188   I  CA      60.4265
  188   I  CB      36.1767
  188   I  C      176.4307
  188   I  H        8.2288
  188   I  HA       3.9885
  188   I  HB       1.8718
  188   I  HD11     0.8530
  188   I  HD12     0.8560
  188   I  HD13     0.8502
  188   I  HG12     1.2692
  188   I  HG13     0.6594
  188   I  HG21     0.9135
  188   I  HG22     0.9121
  188   I  HG23     0.9106
 *189   E  N      120.1030
 *189   E  CA      55.9183
 *189   E  CB      30.2533
 *189   E  C      174.2019
 *189   E  H        8.4386
 *189   E  HA       4.1616
 *189   E  HB2      1.7455
 *189   E  HB3      1.7718
 *189   E  HG2      2.1335
 *189   E  HG3      2.3789
