# Entries marked with a * may have inaccurate shift predictions.
# Entries marked with a value -666 should be igonored
# Output format adjusted by GV 11 September 2007
  171   V  N      120.6598
  171   V  CA      62.3834
  171   V  CB      33.7005
  171   V  C      176.1306
  171   V  H        8.0393
  171   V  HA       4.2217
  171   V  HB       2.1272
  171   V  HG11     0.9279
  171   V  HG12     0.8672
  171   V  HG13     1.1056
  171   V  HG21     0.9387
  171   V  HG22     0.9565
  171   V  HG23     0.9552
  172   P  CA      62.3772
  172   P  CB      31.3319
  172   P  C      176.3217
  172   P  HA       4.2506
  172   P  HB2      2.3724
  172   P  HB3      2.2687
  172   P  HD2      3.7857
  172   P  HD3      3.8265
  172   P  HG2      2.0955
  172   P  HG3      2.0808
  173   C  N      118.4148
  173   C  CA      60.2180
  173   C  CB      40.8327
  173   C  C      177.7244
  173   C  H        8.4382
  173   C  HA       4.2345
  173   C  HB2      3.0397
  173   C  HB3      3.1875
  174   S  N      114.7755
  174   S  CA      60.6604
  174   S  CB      62.4645
  174   S  C      175.5024
  174   S  H        8.3954
  174   S  HA       4.1264
  174   S  HB2      4.0405
  174   S  HB3      4.0095
  175   T  N      112.0117
  175   T  CA      62.8716
  175   T  CB      69.9842
  175   T  C      175.6712
  175   T  H        7.8272
  175   T  HA       4.4275
  175   T  HB       4.2460
  175   T  HG21     1.2158
  175   T  HG22     1.2199
  175   T  HG23     1.2180
  176   C  N      119.2889
  176   C  CA      58.2015
  176   C  CB      40.7996
  176   C  C      173.6743
  176   C  H        8.1576
  176   C  HA       4.3525
  176   C  HB2      2.9871
  176   C  HB3      3.2130
  177   E  N      117.1835
  177   E  CA      57.5819
  177   E  CB      27.0119
  177   E  C      175.4414
  177   E  H        9.0119
  177   E  HA       3.5856
  177   E  HB2      2.1006
  177   E  HB3      1.9835
  177   E  HG2      2.3247
  177   E  HG3      2.3785
  178   G  N      104.3268
  178   G  CA      45.1922
  178   G  C      173.5727
  178   G  H        8.3761
  178   G  HA    -666.0000
  178   G  HA2      3.9596
  178   G  HA3      3.9592
  179   N  N      119.1707
  179   N  CA      52.4231
  179   N  CB      39.3551
  179   N  C      175.2519
  179   N  H        7.9204
  179   N  HA       4.5988
  179   N  HB2      2.7353
  179   N  HB3      2.7290
  179   N  HD21     7.1363
  179   N  HD22     6.5517
  180   L  N      129.1824
  180   L  CA      57.3571
  180   L  CB      41.6110
  180   L  C      179.4561
  180   L  H        8.4708
  180   L  HA       3.9605
  180   L  HB2      1.7235
  180   L  HB3      1.7015
  180   L  HD11     0.9184
  180   L  HD12     0.9181
  180   L  HD13     0.9184
  180   L  HD21     0.2310
  180   L  HD22     1.9126
  180   L  HD23     0.8672
  180   L  HG       1.7231
  181   A  N      121.9777
  181   A  CA      54.6642
  181   A  CB      18.2902
  181   A  C      179.7157
  181   A  H        7.8484
  181   A  HA       3.9780
  181   A  HB1      1.3861
  181   A  HB2      1.3561
  181   A  HB3      1.3319
  182   C  N      115.4525
  182   C  CA      60.1099
  182   C  CB      42.2412
  182   C  C      175.5100
  182   C  H        7.7750
  182   C  HA       4.1537
  182   C  HB2      2.9553
  182   C  HB3      3.2588
  183   L  N      120.8041
  183   L  CA      57.7922
  183   L  CB      41.1835
  183   L  C      179.7303
  183   L  H        8.2133
  183   L  HA       3.9876
  183   L  HB2      1.9424
  183   L  HB3      1.7032
  183   L  HD11     0.9174
  183   L  HD12     0.9887
  183   L  HD13     0.9013
  183   L  HD21     0.1231
  183   L  HD22     2.3170
  183   L  HD23     0.8676
  183   L  HG       1.7027
  184   S  N      114.2547
  184   S  CA      61.4683
  184   S  CB      62.7202
  184   S  C      176.4527
  184   S  H        7.9893
  184   S  HA       4.0010
  184   S  HB2      4.0629
  184   S  HB3      4.2826
  185   L  N      121.3735
  185   L  CA      55.8091
  185   L  CB      41.6094
  185   L  C      174.8197
  185   L  H        7.5407
  185   L  HA       4.2174
  185   L  HB2      1.5738
  185   L  HB3      1.7393
  185   L  HD11     0.9113
  185   L  HD12     0.9120
  185   L  HD13     0.9135
  185   L  HD21     0.3592
  185   L  HD22     1.4991
  185   L  HD23     0.8618
  185   L  HG       1.7813
  186   C  N      113.1553
  186   C  CA      55.4278
  186   C  CB      41.4041
  186   C  C      172.6583
  186   C  H        6.9963
  186   C  HA       4.5421
  186   C  HB2      3.0148
  186   C  HB3      3.3128
  187   H  N      116.1198
  187   H  CA      54.6153
  187   H  CB      30.4391
  187   H  C      174.4502
  187   H  H        8.2838
  187   H  HA       4.8932
  187   H  HB2      3.1695
  187   H  HB3      3.2600
  187   H  HD2      5.7985
  187   H  HE1      6.7277
  188   I  N      126.3689
  188   I  CA      60.5743
  188   I  CB      38.0510
  188   I  C      176.4200
  188   I  H        8.3918
  188   I  HA       4.0777
  188   I  HB       1.8771
  188   I  HD11     0.8609
  188   I  HD12     0.8604
  188   I  HD13     0.8570
  188   I  HG12     1.2030
  188   I  HG13     0.5126
  188   I  HG21     0.9157
  188   I  HG22     0.9140
  188   I  HG23     0.9132
 *189   E  N      122.4697
 *189   E  CA      56.1050
 *189   E  CB      30.3078
 *189   E  C      171.9967
 *189   E  H        8.7010
 *189   E  HA       4.1364
 *189   E  HB2      1.7401
 *189   E  HB3      1.7691
 *189   E  HG2      2.1370
 *189   E  HG3      2.3841
