# Entries marked with a * may have inaccurate shift predictions.
# Entries marked with a value -666 should be igonored
# Output format adjusted by GV 11 September 2007
  171   V  N      114.0563
  171   V  CA      60.7500
  171   V  CB      32.4869
  171   V  C      172.7335
  171   V  H        8.0393
  171   V  HA       3.9991
  171   V  HB       2.0653
  171   V  HG11     0.9276
  171   V  HG12     0.9578
  171   V  HG13     0.8351
  171   V  HG21     0.9010
  171   V  HG22     1.0262
  171   V  HG23     0.9544
  172   P  CA      60.6087
  172   P  CB      32.6029
  172   P  C      176.8026
  172   P  HA       4.5264
  172   P  HB2      2.2842
  172   P  HB3      2.1901
  172   P  HD2      3.6970
  172   P  HD3      3.7643
  172   P  HG2      1.9951
  172   P  HG3      2.0462
  173   C  N      122.3792
  173   C  CA      59.8766
  173   C  CB      40.7588
  173   C  C      177.1442
  173   C  H        8.7269
  173   C  HA       4.2551
  173   C  HB2      3.0451
  173   C  HB3      3.1772
  174   S  N      114.9628
  174   S  CA      61.5489
  174   S  CB      62.2639
  174   S  C      175.9882
  174   S  H        8.2079
  174   S  HA       3.9775
  174   S  HB2      4.0144
  174   S  HB3      4.0227
  175   T  N      111.3771
  175   T  CA      63.6717
  175   T  CB      69.3636
  175   T  C      176.1664
  175   T  H        7.6069
  175   T  HA       4.2377
  175   T  HB       4.2366
  175   T  HG21     1.2084
  175   T  HG22     1.2076
  175   T  HG23     1.2082
  176   C  N      119.6209
  176   C  CA      58.1602
  176   C  CB      40.7272
  176   C  C      173.7641
  176   C  H        8.1890
  176   C  HA       4.3645
  176   C  HB2      3.1206
  176   C  HB3      3.2127
  177   E  N      116.3779
  177   E  CA      57.4408
  177   E  CB      28.4312
  177   E  C      175.4272
  177   E  H        9.0988
  177   E  HA       3.5095
  177   E  HB2      2.1360
  177   E  HB3      2.1958
  177   E  HG2      2.3617
  177   E  HG3      2.2292
  178   G  N      104.5472
  178   G  CA      46.1923
  178   G  C      173.6772
  178   G  H        8.3816
  178   G  HA    -666.0000
  178   G  HA2      3.9575
  178   G  HA3      3.9571
  179   N  N      119.0958
  179   N  CA      52.5098
  179   N  CB      39.3600
  179   N  C      175.3071
  179   N  H        8.1478
  179   N  HA       4.5873
  179   N  HB2      2.8822
  179   N  HB3      2.7242
  179   N  HD21     7.1272
  179   N  HD22     6.6710
  180   L  N      129.0497
  180   L  CA      57.2167
  180   L  CB      41.6225
  180   L  C      179.4344
  180   L  H        8.4696
  180   L  HA       4.0145
  180   L  HB2      1.7233
  180   L  HB3      1.7006
  180   L  HD11     0.9181
  180   L  HD12     0.9182
  180   L  HD13     0.9183
  180   L  HD21     0.2376
  180   L  HD22     1.6809
  180   L  HD23     0.8674
  180   L  HG       1.7040
  181   A  N      120.8074
  181   A  CA      55.2138
  181   A  CB      18.4742
  181   A  C      179.6995
  181   A  H        7.8955
  181   A  HA       3.9134
  181   A  HB1      1.3858
  181   A  HB2      1.3514
  181   A  HB3      1.3293
  182   C  N      116.5134
  182   C  CA      60.0956
  182   C  CB      43.4396
  182   C  C      175.8803
  182   C  H        7.9763
  182   C  HA       4.1203
  182   C  HB2      3.0050
  182   C  HB3      3.2197
  183   L  N      119.4089
  183   L  CA      57.8475
  183   L  CB      41.2511
  183   L  C      179.2588
  183   L  H        8.0223
  183   L  HA       3.8733
  183   L  HB2      1.8540
  183   L  HB3      1.7091
  183   L  HD11     0.9147
  183   L  HD12     0.9899
  183   L  HD13     0.9013
  183   L  HD21     0.3135
  183   L  HD22     1.2341
  183   L  HD23     0.8608
  183   L  HG       1.6650
  184   S  N      112.0303
  184   S  CA      60.7210
  184   S  CB      62.3030
  184   S  C      175.9861
  184   S  H        7.8520
  184   S  HA       4.2261
  184   S  HB2      3.9980
  184   S  HB3      4.0284
  185   L  N      121.8065
  185   L  CA      57.2358
  185   L  CB      41.7478
  185   L  C      174.9429
  185   L  H        7.4891
  185   L  HA       4.1601
  185   L  HB2      1.7078
  185   L  HB3      1.6886
  185   L  HD11     0.9103
  185   L  HD12     0.9129
  185   L  HD13     0.9138
  185   L  HD21     0.2922
  185   L  HD22     1.6904
  185   L  HD23     0.8653
  185   L  HG       1.8135
  186   C  N      111.5490
  186   C  CA      54.6842
  186   C  CB      43.1369
  186   C  C      171.9830
  186   C  H        7.5544
  186   C  HA       4.4559
  186   C  HB2      2.9987
  186   C  HB3      3.0307
  187   H  N      116.8252
  187   H  CA      54.8209
  187   H  CB      29.0558
  187   H  C      175.2398
  187   H  H        7.8985
  187   H  HA       4.7621
  187   H  HB2      3.1396
  187   H  HB3      3.2968
  187   H  HD2      5.6880
  187   H  HE1      6.7806
  188   I  N      128.0169
  188   I  CA      63.9877
  188   I  CB      37.8806
  188   I  C      176.4338
  188   I  H        8.5497
  188   I  HA       3.8748
  188   I  HB       1.8713
  188   I  HD11     0.8574
  188   I  HD12     0.8562
  188   I  HD13     0.8524
  188   I  HG12     1.2626
  188   I  HG13     0.5703
  188   I  HG21     0.9115
  188   I  HG22     0.9079
  188   I  HG23     0.9089
 *189   E  N      118.7345
 *189   E  CA      56.0865
 *189   E  CB      30.2537
 *189   E  C      177.1703
 *189   E  H        8.0072
 *189   E  HA       4.1614
 *189   E  HB2      1.7426
 *189   E  HB3      1.7715
 *189   E  HG2      2.1552
 *189   E  HG3      2.3911
